<?xml version="1.0" encoding="utf-8"?>
<TestRun id="5efef8f0-27de-42b0-bb4c-cd0baa01154e" name="runneradmin@fv-az177-880 2022-02-10 13:41:41" runUser="fv-az177-880\runneradmin" xmlns="http://microsoft.com/schemas/VisualStudio/TeamTest/2010">
  <Times creation="2022-02-10T13:41:41.9927205+00:00" queuing="2022-02-10T13:41:41.9927207+00:00" start="2022-02-10T13:41:39.3921342+00:00" finish="2022-02-10T13:41:47.9913265+00:00" />
  <TestSettings name="default" id="e5fe8e1c-b145-47f2-8856-eb843a8abbdc">
    <Deployment runDeploymentRoot="runneradmin_fv-az177-880_2022-02-10_13_41_41" />
  </TestSettings>
  <Results>
    <UnitTestResult executionId="6c38cfde-212d-46ee-8787-d31cdb8b40cf" testId="1c164fbc-1ab1-9884-ccb8-9e84f4c977d0" testName="UnitTests.Services.ItemServiceTests.UpdateItem_NoName_Throws(name: &quot; &quot;)" computerName="fv-az177-880" duration="00:00:00.0010000" startTime="2022-02-10T13:41:42.0112398+00:00" endTime="2022-02-10T13:41:42.0112398+00:00" testType="13cdc9d9-ddb5-4fa4-a97d-d965ccfc6d4b" outcome="Passed" testListId="8c84fa94-04c1-424b-9868-57a2d4851a1d" relativeResultsDirectory="6c38cfde-212d-46ee-8787-d31cdb8b40cf" />
    <UnitTestResult executionId="e20b97d2-b08a-4b70-8e5a-a9fb3b811e34" testId="ffe5c770-9b99-42c0-ce21-7e50cccf4385" testName="UnitTests.Data.Repositories.GenericRepositoryTests.GenericRepositoryGetsAll(iterations: 2)" computerName="fv-az177-880" duration="00:00:00.0130000" startTime="2022-02-10T13:41:45.7480595+00:00" endTime="2022-02-10T13:41:45.7480595+00:00" testType="13cdc9d9-ddb5-4fa4-a97d-d965ccfc6d4b" outcome="Passed" testListId="8c84fa94-04c1-424b-9868-57a2d4851a1d" relativeResultsDirectory="e20b97d2-b08a-4b70-8e5a-a9fb3b811e34" />
    <UnitTestResult executionId="9a9d0361-dc3b-4e9a-8fd8-9088ea197203" testId="4fe0dd0f-2fa0-9c42-e816-a6df28150b72" testName="UnitTests.Data.Repositories.GenericRepositoryTests.GenericRepositoryGetsAll(iterations: 0)" computerName="fv-az177-880" duration="00:00:00.0080000" startTime="2022-02-10T13:41:45.7550585+00:00" endTime="2022-02-10T13:41:45.7550585+00:00" testType="13cdc9d9-ddb5-4fa4-a97d-d965ccfc6d4b" outcome="Passed" testListId="8c84fa94-04c1-424b-9868-57a2d4851a1d" relativeResultsDirectory="9a9d0361-dc3b-4e9a-8fd8-9088ea197203" />
    <UnitTestResult executionId="c5ceb2cf-8c76-4e2d-aacc-9df5aa6fdf82" testId="3688eeeb-2a1a-6ffa-a193-543baf24437a" testName="UnitTests.Data.Repositories.GenericRepositoryTests.GetPage_Pages(page: 0, pageSize: 0, expectedItems: 1, expectedPages: 50)" computerName="fv-az177-880" duration="00:00:00.0920000" startTime="2022-02-10T13:41:45.8960740+00:00" endTime="2022-02-10T13:41:45.8960740+00:00" testType="13cdc9d9-ddb5-4fa4-a97d-d965ccfc6d4b" outcome="Passed" testListId="8c84fa94-04c1-424b-9868-57a2d4851a1d" relativeResultsDirectory="c5ceb2cf-8c76-4e2d-aacc-9df5aa6fdf82" />
    <UnitTestResult executionId="368572b1-7163-4537-8a56-d4df475c6126" testId="99806ad3-88f0-7495-8b3e-3799a4bbb6aa" testName="UnitTests.Services.ItemServiceTests.GetItemsPage_GetsPages(descending: False)" computerName="fv-az177-880" duration="00:00:00.0070000" startTime="2022-02-10T13:41:42.0162397+00:00" endTime="2022-02-10T13:41:42.0162397+00:00" testType="13cdc9d9-ddb5-4fa4-a97d-d965ccfc6d4b" outcome="Passed" testListId="8c84fa94-04c1-424b-9868-57a2d4851a1d" relativeResultsDirectory="368572b1-7163-4537-8a56-d4df475c6126" />
    <UnitTestResult executionId="8df2f108-09ed-4782-9044-19bf7a334b53" testId="392ed628-2028-c945-b97e-893658a1e82b" testName="UnitTests.Data.Entities.ItemTests.ItemPropertiesPersist(id: 1, name: &quot;Name1&quot;, description: &quot;Description1&quot;)" computerName="fv-az177-880" duration="00:00:00.0010000" startTime="2022-02-10T13:41:41.9032313+00:00" endTime="2022-02-10T13:41:41.9032313+00:00" testType="13cdc9d9-ddb5-4fa4-a97d-d965ccfc6d4b" outcome="Passed" testListId="8c84fa94-04c1-424b-9868-57a2d4851a1d" relativeResultsDirectory="8df2f108-09ed-4782-9044-19bf7a334b53" />
    <UnitTestResult executionId="4ba5cda5-6aba-42e1-9000-f95f1089b7bf" testId="0ebf358f-9eac-9438-b418-9c6aa81a6377" testName="UnitTests.Data.Repositories.GenericRepositoryTests.Repository_Update_UsesuserId" computerName="fv-az177-880" duration="00:00:00.0410000" startTime="2022-02-10T13:41:45.6920605+00:00" endTime="2022-02-10T13:41:45.6920605+00:00" testType="13cdc9d9-ddb5-4fa4-a97d-d965ccfc6d4b" outcome="Passed" testListId="8c84fa94-04c1-424b-9868-57a2d4851a1d" relativeResultsDirectory="4ba5cda5-6aba-42e1-9000-f95f1089b7bf" />
    <UnitTestResult executionId="a0ec545e-af19-46ad-87e3-95d39cc0a914" testId="588a2c1b-7788-beb2-ade0-06788d455d25" testName="UnitTests.Controllers.ItemControllerTests.CreateItem_Creates" computerName="fv-az177-880" duration="00:00:00.1080000" startTime="2022-02-10T13:41:41.8372257+00:00" endTime="2022-02-10T13:41:41.8372257+00:00" testType="13cdc9d9-ddb5-4fa4-a97d-d965ccfc6d4b" outcome="Passed" testListId="8c84fa94-04c1-424b-9868-57a2d4851a1d" relativeResultsDirectory="a0ec545e-af19-46ad-87e3-95d39cc0a914" />
    <UnitTestResult executionId="ab24d781-775d-4a53-9f32-3bf33c9a149c" testId="248341cb-553e-e275-a8eb-499567f40929" testName="UnitTests.Common.Extensions.IQueryableExtensionsTests.Order_OrdersBothWays(descending: False, expected: [1, 2, 3])" computerName="fv-az177-880" duration="00:00:00.0020000" startTime="2022-02-10T13:41:42.1192474+00:00" endTime="2022-02-10T13:41:42.1192474+00:00" testType="13cdc9d9-ddb5-4fa4-a97d-d965ccfc6d4b" outcome="Passed" testListId="8c84fa94-04c1-424b-9868-57a2d4851a1d" relativeResultsDirectory="ab24d781-775d-4a53-9f32-3bf33c9a149c" />
    <UnitTestResult executionId="e9d0a46a-9521-43eb-a7d8-088354f79eb4" testId="d1c63cb7-1f9a-a8bf-a217-a4cbb4e5f73b" testName="UnitTests.Common.GlobalsTests.ModulePrefixIsValid" computerName="fv-az177-880" duration="00:00:00.0010000" startTime="2022-02-10T13:41:42.6815214+00:00" endTime="2022-02-10T13:41:42.6815214+00:00" testType="13cdc9d9-ddb5-4fa4-a97d-d965ccfc6d4b" outcome="Passed" testListId="8c84fa94-04c1-424b-9868-57a2d4851a1d" relativeResultsDirectory="e9d0a46a-9521-43eb-a7d8-088354f79eb4" />
    <UnitTestResult executionId="e41c8b5a-e359-4ec6-9e66-2c78345df601" testId="70ede014-c412-e387-bb98-e95b3b42090d" testName="UnitTests.Data.Repositories.GenericRepositoryTests.GenericRepositoryUpdates" computerName="fv-az177-880" duration="00:00:00.0430000" startTime="2022-02-10T13:41:45.7350586+00:00" endTime="2022-02-10T13:41:45.7350586+00:00" testType="13cdc9d9-ddb5-4fa4-a97d-d965ccfc6d4b" outcome="Passed" testListId="8c84fa94-04c1-424b-9868-57a2d4851a1d" relativeResultsDirectory="e41c8b5a-e359-4ec6-9e66-2c78345df601" />
    <UnitTestResult executionId="e1016876-bbea-4613-9cf1-725847137236" testId="ad3412e8-5f64-2020-a5b6-bd4cca8c3b7d" testName="UnitTests.Data.Repositories.GenericRepositoryTests.GenericRepositoryGet" computerName="fv-az177-880" duration="00:00:00.1050000" startTime="2022-02-10T13:41:45.6500548+00:00" endTime="2022-02-10T13:41:45.6500548+00:00" testType="13cdc9d9-ddb5-4fa4-a97d-d965ccfc6d4b" outcome="Passed" testListId="8c84fa94-04c1-424b-9868-57a2d4851a1d" relativeResultsDirectory="e1016876-bbea-4613-9cf1-725847137236" />
    <UnitTestResult executionId="1b26250f-c7b7-4c0b-af1f-cef451a6f27a" testId="263c08b1-704a-f3c2-309e-6dee831dbdc9" testName="UnitTests.Services.ItemServiceTests.UpdateItem_NullDto_Throws" computerName="fv-az177-880" duration="00:00:00.0340000" startTime="2022-02-10T13:41:41.9982411+00:00" endTime="2022-02-10T13:41:41.9982411+00:00" testType="13cdc9d9-ddb5-4fa4-a97d-d965ccfc6d4b" outcome="Passed" testListId="8c84fa94-04c1-424b-9868-57a2d4851a1d" relativeResultsDirectory="1b26250f-c7b7-4c0b-af1f-cef451a6f27a" />
    <UnitTestResult executionId="d9391368-9283-4737-8da2-0415d7d73fa9" testId="130d9133-361f-a0da-f15e-423eb98947ac" testName="UnitTests.Services.ItemServiceTests.UpdateItem_Updates" computerName="fv-az177-880" duration="00:00:00.0260000" startTime="2022-02-10T13:41:42.0452435+00:00" endTime="2022-02-10T13:41:42.0452435+00:00" testType="13cdc9d9-ddb5-4fa4-a97d-d965ccfc6d4b" outcome="Passed" testListId="8c84fa94-04c1-424b-9868-57a2d4851a1d" relativeResultsDirectory="d9391368-9283-4737-8da2-0415d7d73fa9" />
    <UnitTestResult executionId="f5e4b66c-9fd5-4a59-9f54-b0070979203a" testId="e6610648-e456-1c64-d2b1-7e1242b871a8" testName="UnitTests.Services.ItemServiceTests.DeleteItem_Deletes" computerName="fv-az177-880" duration="00:00:00.0020000" startTime="2022-02-10T13:41:42.0492447+00:00" endTime="2022-02-10T13:41:42.0492447+00:00" testType="13cdc9d9-ddb5-4fa4-a97d-d965ccfc6d4b" outcome="Passed" testListId="8c84fa94-04c1-424b-9868-57a2d4851a1d" relativeResultsDirectory="f5e4b66c-9fd5-4a59-9f54-b0070979203a" />
    <UnitTestResult executionId="0457dcd2-c8a9-4600-a91a-1489fa401ddb" testId="320e3c11-11d1-b3ef-0d2e-5e474f674ff1" testName="UnitTests.Controllers.ModuleApiControllerTests.CanEdit_DefaultsToFalse" computerName="fv-az177-880" duration="00:00:00.0050000" startTime="2022-02-10T13:41:42.5975162+00:00" endTime="2022-02-10T13:41:42.5975162+00:00" testType="13cdc9d9-ddb5-4fa4-a97d-d965ccfc6d4b" outcome="Passed" testListId="8c84fa94-04c1-424b-9868-57a2d4851a1d" relativeResultsDirectory="0457dcd2-c8a9-4600-a91a-1489fa401ddb" />
    <UnitTestResult executionId="15395b08-4e9c-45fc-9d2e-549e196355c2" testId="d6cab32e-cf28-1ba8-73a6-76c46cb62c4a" testName="UnitTests.Data.Repositories.GenericRepositoryTests.Pages_With_Related_Entities" computerName="fv-az177-880" duration="00:00:01.7390000" startTime="2022-02-10T13:41:47.7101922+00:00" endTime="2022-02-10T13:41:47.7101922+00:00" testType="13cdc9d9-ddb5-4fa4-a97d-d965ccfc6d4b" outcome="Passed" testListId="8c84fa94-04c1-424b-9868-57a2d4851a1d" relativeResultsDirectory="15395b08-4e9c-45fc-9d2e-549e196355c2" />
    <UnitTestResult executionId="57c02549-3593-420a-b93c-d98972c10551" testId="ac1c50bc-98fd-036f-fe0f-d46cb187f90e" testName="UnitTests.Services.LoggingServiceTests.LogginService_TestableConstructorLogsError" computerName="fv-az177-880" duration="00:00:00.0380000" startTime="2022-02-10T13:41:42.6765210+00:00" endTime="2022-02-10T13:41:42.6765210+00:00" testType="13cdc9d9-ddb5-4fa4-a97d-d965ccfc6d4b" outcome="Passed" testListId="8c84fa94-04c1-424b-9868-57a2d4851a1d" relativeResultsDirectory="57c02549-3593-420a-b93c-d98972c10551" />
    <UnitTestResult executionId="8cd274ff-2a75-4b25-8138-a4850af51f4b" testId="d15ea2a7-9f9f-b92b-50fa-470898da705d" testName="UnitTests.Data.Repositories.GenericRepositoryTests.GenericRepositoryGetsAll(iterations: 3)" computerName="fv-az177-880" duration="00:00:00.0110000" startTime="2022-02-10T13:41:45.7670606+00:00" endTime="2022-02-10T13:41:45.7670606+00:00" testType="13cdc9d9-ddb5-4fa4-a97d-d965ccfc6d4b" outcome="Passed" testListId="8c84fa94-04c1-424b-9868-57a2d4851a1d" relativeResultsDirectory="8cd274ff-2a75-4b25-8138-a4850af51f4b" />
    <UnitTestResult executionId="23a460fe-4ff7-4630-aaf0-cb56b3683573" testId="24cfa8b0-48c3-8aab-e4c2-88694c220e2c" testName="UnitTests.Data.Repositories.GenericRepositoryTests.GenericRepositoryUpdate_ThrowsWithNullEntity" computerName="fv-az177-880" duration="00:00:00.0010000" startTime="2022-02-10T13:41:47.7211900+00:00" endTime="2022-02-10T13:41:47.7211900+00:00" testType="13cdc9d9-ddb5-4fa4-a97d-d965ccfc6d4b" outcome="Passed" testListId="8c84fa94-04c1-424b-9868-57a2d4851a1d" relativeResultsDirectory="23a460fe-4ff7-4630-aaf0-cb56b3683573" />
    <UnitTestResult executionId="39c3b71f-3f53-4c71-a409-68de5bb5bb33" testId="e6e0a140-85e7-6935-6160-ab95ecfd3c8a" testName="UnitTests.Data.Repositories.GenericRepositoryTests.GenericRepositoryCreatesAndGetsById" computerName="fv-az177-880" duration="00:00:00.1320000" startTime="2022-02-10T13:41:47.8601970+00:00" endTime="2022-02-10T13:41:47.8601970+00:00" testType="13cdc9d9-ddb5-4fa4-a97d-d965ccfc6d4b" outcome="Passed" testListId="8c84fa94-04c1-424b-9868-57a2d4851a1d" relativeResultsDirectory="39c3b71f-3f53-4c71-a409-68de5bb5bb33" />
    <UnitTestResult executionId="80a1e494-a202-4b8a-923d-0197d3b15bb1" testId="d6094ca1-b65b-5133-f464-9f7d01f0d023" testName="UnitTests.Controllers.ItemControllerTests.DeleteItem_Deletes(itemId: 10)" computerName="fv-az177-880" duration="00:00:00.0030000" startTime="2022-02-10T13:41:41.9732388+00:00" endTime="2022-02-10T13:41:41.9732388+00:00" testType="13cdc9d9-ddb5-4fa4-a97d-d965ccfc6d4b" outcome="Passed" testListId="8c84fa94-04c1-424b-9868-57a2d4851a1d" relativeResultsDirectory="80a1e494-a202-4b8a-923d-0197d3b15bb1" />
    <UnitTestResult executionId="331186be-43c9-426a-b2f5-f1c21ea215a3" testId="74c28fcf-aa9b-2bab-0ff6-cfa98a0ddf49" testName="UnitTests.Data.Repositories.GenericRepositoryTests.GetPage_Pages(page: 3, pageSize: 20, expectedItems: 10, expectedPages: 3)" computerName="fv-az177-880" duration="00:00:00.0420000" startTime="2022-02-10T13:41:45.9380751+00:00" endTime="2022-02-10T13:41:45.9380751+00:00" testType="13cdc9d9-ddb5-4fa4-a97d-d965ccfc6d4b" outcome="Passed" testListId="8c84fa94-04c1-424b-9868-57a2d4851a1d" relativeResultsDirectory="331186be-43c9-426a-b2f5-f1c21ea215a3" />
    <UnitTestResult executionId="114daf2e-333a-4715-9002-a8fbcb5fcb06" testId="f5652070-1b22-f5a7-3f3f-68b37c9184a8" testName="UnitTests.Services.ItemServiceTests.CreateItem_NoItemThrows" computerName="fv-az177-880" duration="00:00:00.0010000" startTime="2022-02-10T13:41:42.0472439+00:00" endTime="2022-02-10T13:41:42.0472439+00:00" testType="13cdc9d9-ddb5-4fa4-a97d-d965ccfc6d4b" outcome="Passed" testListId="8c84fa94-04c1-424b-9868-57a2d4851a1d" relativeResultsDirectory="114daf2e-333a-4715-9002-a8fbcb5fcb06" />
    <UnitTestResult executionId="a09dd802-ec43-456f-ba04-9db54d8252bb" testId="9168bdef-a759-f4d6-b890-b643e17324cf" testName="UnitTests.Services.LoggingServiceTests.LogginService_TestableConstructorLogsErrorWithException" computerName="fv-az177-880" duration="00:00:00.0020000" startTime="2022-02-10T13:41:42.6795242+00:00" endTime="2022-02-10T13:41:42.6795242+00:00" testType="13cdc9d9-ddb5-4fa4-a97d-d965ccfc6d4b" outcome="Passed" testListId="8c84fa94-04c1-424b-9868-57a2d4851a1d" relativeResultsDirectory="a09dd802-ec43-456f-ba04-9db54d8252bb" />
    <UnitTestResult executionId="ddb078da-3945-436c-8db0-0c662ad798b4" testId="0247c7e7-7d1c-099b-2ac8-81a47ff2509a" testName="UnitTests.Controllers.ItemControllerTests.UserCanEdit_ReturnsBool(canEdit: False)" computerName="fv-az177-880" duration="00:00:00.2240000" startTime="2022-02-10T13:41:41.7232130+00:00" endTime="2022-02-10T13:41:41.7232130+00:00" testType="13cdc9d9-ddb5-4fa4-a97d-d965ccfc6d4b" outcome="Passed" testListId="8c84fa94-04c1-424b-9868-57a2d4851a1d" relativeResultsDirectory="ddb078da-3945-436c-8db0-0c662ad798b4" />
    <UnitTestResult executionId="2f455dfa-3b0d-4640-9830-e53b6564cc18" testId="315adde5-f36d-a74f-aa46-fb22a0f78cd9" testName="UnitTests.Controllers.ItemControllerTests.UpdateItem_Updates" computerName="fv-az177-880" duration="00:00:00.0430000" startTime="2022-02-10T13:41:41.9712383+00:00" endTime="2022-02-10T13:41:41.9712383+00:00" testType="13cdc9d9-ddb5-4fa4-a97d-d965ccfc6d4b" outcome="Passed" testListId="8c84fa94-04c1-424b-9868-57a2d4851a1d" relativeResultsDirectory="2f455dfa-3b0d-4640-9830-e53b6564cc18" />
    <UnitTestResult executionId="c7a8ad41-cf65-43d3-9d51-0e07c758a40f" testId="b6579d24-7c4e-c42d-2ead-85e0f30e0a64" testName="UnitTests.Common.Extensions.IQueryableExtensionsTests.Order_OrdersBothWays(descending: True, expected: [3, 2, 1])" computerName="fv-az177-880" duration="00:00:00.0630000" startTime="2022-02-10T13:41:42.1162484+00:00" endTime="2022-02-10T13:41:42.1162484+00:00" testType="13cdc9d9-ddb5-4fa4-a97d-d965ccfc6d4b" outcome="Passed" testListId="8c84fa94-04c1-424b-9868-57a2d4851a1d" relativeResultsDirectory="c7a8ad41-cf65-43d3-9d51-0e07c758a40f" />
    <UnitTestResult executionId="5628d34f-ebb7-4db3-a461-23d2a87d2b52" testId="e55f1742-c16d-5086-2251-ad3372dd48f5" testName="UnitTests.Controllers.ValidateModelAttributeTests.OnActionExecuting_Valid_Works" computerName="fv-az177-880" duration="00:00:00.1050000" startTime="2022-02-10T13:41:41.6282061+00:00" endTime="2022-02-10T13:41:41.6282061+00:00" testType="13cdc9d9-ddb5-4fa4-a97d-d965ccfc6d4b" outcome="Passed" testListId="8c84fa94-04c1-424b-9868-57a2d4851a1d" relativeResultsDirectory="5628d34f-ebb7-4db3-a461-23d2a87d2b52" />
    <UnitTestResult executionId="d71519dc-26e7-4c03-a1e5-80030fdcc77d" testId="e1c7f76f-6195-c844-23c0-304b47fbae66" testName="UnitTests.Data.Repositories.GenericRepositoryTests.Repository_Create_UsesUserId" computerName="fv-az177-880" duration="00:00:00.0090000" startTime="2022-02-10T13:41:45.5440453+00:00" endTime="2022-02-10T13:41:45.5440453+00:00" testType="13cdc9d9-ddb5-4fa4-a97d-d965ccfc6d4b" outcome="Passed" testListId="8c84fa94-04c1-424b-9868-57a2d4851a1d" relativeResultsDirectory="d71519dc-26e7-4c03-a1e5-80030fdcc77d" />
    <UnitTestResult executionId="751b1327-f90e-4eca-982e-e03f06cc614b" testId="572fc310-4b67-9555-f147-153d39f2eb82" testName="UnitTests.Data.Entities.ItemTests.ItemConstructsProperly" computerName="fv-az177-880" duration="00:00:00.0010000" startTime="2022-02-10T13:41:41.9692360+00:00" endTime="2022-02-10T13:41:41.9692360+00:00" testType="13cdc9d9-ddb5-4fa4-a97d-d965ccfc6d4b" outcome="Passed" testListId="8c84fa94-04c1-424b-9868-57a2d4851a1d" relativeResultsDirectory="751b1327-f90e-4eca-982e-e03f06cc614b" />
    <UnitTestResult executionId="2b60c834-e547-4818-a285-1c8e0cb76a05" testId="36689490-09d4-917f-648a-70dcfcfede10" testName="UnitTests.Data.Repositories.GenericRepositoryTests.GenericRepositoryCreate_ThrowsWithNullEntity" computerName="fv-az177-880" duration="00:00:00.0010000" startTime="2022-02-10T13:41:45.6690520+00:00" endTime="2022-02-10T13:41:45.6690520+00:00" testType="13cdc9d9-ddb5-4fa4-a97d-d965ccfc6d4b" outcome="Passed" testListId="8c84fa94-04c1-424b-9868-57a2d4851a1d" relativeResultsDirectory="2b60c834-e547-4818-a285-1c8e0cb76a05" />
    <UnitTestResult executionId="8070375f-cae8-4ba3-b041-cb08f2c1e38d" testId="a9198ad3-782e-a37c-0b5f-1330f5318f55" testName="UnitTests.Services.ItemServiceTests.CreateItem_Creates" computerName="fv-az177-880" duration="00:00:00.0070000" startTime="2022-02-10T13:41:42.0532420+00:00" endTime="2022-02-10T13:41:42.0532420+00:00" testType="13cdc9d9-ddb5-4fa4-a97d-d965ccfc6d4b" outcome="Passed" testListId="8c84fa94-04c1-424b-9868-57a2d4851a1d" relativeResultsDirectory="8070375f-cae8-4ba3-b041-cb08f2c1e38d" />
    <UnitTestResult executionId="7db3115b-be26-406b-838b-bc9fba8c7cd7" testId="e4f8faa7-d0ad-86e6-1579-7bd52372b4c3" testName="UnitTests.Data.Repositories.GenericRepositoryTests.GenericRepositoryConstructs" computerName="fv-az177-880" duration="00:00:00.0010000" startTime="2022-02-10T13:41:45.8050624+00:00" endTime="2022-02-10T13:41:45.8050624+00:00" testType="13cdc9d9-ddb5-4fa4-a97d-d965ccfc6d4b" outcome="Passed" testListId="8c84fa94-04c1-424b-9868-57a2d4851a1d" relativeResultsDirectory="7db3115b-be26-406b-838b-bc9fba8c7cd7" />
    <UnitTestResult executionId="6cb5afb0-a9aa-4e2d-9e08-911305596344" testId="3cbfa5d3-e0f6-eff8-ed5c-556fa1f3e131" testName="UnitTests.Services.ItemServiceTests.UpdateItem_NoName_Throws(name: &quot;&quot;)" computerName="fv-az177-880" duration="00:00:00.0010000" startTime="2022-02-10T13:41:42.0132407+00:00" endTime="2022-02-10T13:41:42.0132407+00:00" testType="13cdc9d9-ddb5-4fa4-a97d-d965ccfc6d4b" outcome="Passed" testListId="8c84fa94-04c1-424b-9868-57a2d4851a1d" relativeResultsDirectory="6cb5afb0-a9aa-4e2d-9e08-911305596344" />
    <UnitTestResult executionId="ff773e82-9e14-4fbf-8447-dd033376173e" testId="96a18501-dea4-70b1-d572-baa1bb120da2" testName="UnitTests.Data.Entities.ItemTests.ItemPropertiesPersist(id: 2, name: &quot;Name2&quot;, description: &quot;Description2&quot;)" computerName="fv-az177-880" duration="00:00:00.0010000" startTime="2022-02-10T13:41:41.9052304+00:00" endTime="2022-02-10T13:41:41.9052304+00:00" testType="13cdc9d9-ddb5-4fa4-a97d-d965ccfc6d4b" outcome="Passed" testListId="8c84fa94-04c1-424b-9868-57a2d4851a1d" relativeResultsDirectory="ff773e82-9e14-4fbf-8447-dd033376173e" />
    <UnitTestResult executionId="17541289-62ca-41a5-8e40-da0079cc7b04" testId="ae39aa62-5ff2-56e7-d00e-ef116d711d51" testName="UnitTests.Data.Repositories.GenericRepositoryTests.Repository_Create_DefaultAudit" computerName="fv-az177-880" duration="00:00:00.0070000" startTime="2022-02-10T13:41:47.7281904+00:00" endTime="2022-02-10T13:41:47.7281904+00:00" testType="13cdc9d9-ddb5-4fa4-a97d-d965ccfc6d4b" outcome="Passed" testListId="8c84fa94-04c1-424b-9868-57a2d4851a1d" relativeResultsDirectory="17541289-62ca-41a5-8e40-da0079cc7b04" />
    <UnitTestResult executionId="4f116739-11f8-40a5-a39a-0e4aedb7a859" testId="8ba31d1b-48e3-e04e-cff0-b927c63b4a19" testName="UnitTests.Services.LoggingServiceTests.LoggingService_DefaultConstructorExists" computerName="fv-az177-880" duration="00:00:00.7370000" startTime="2022-02-10T13:41:42.6495184+00:00" endTime="2022-02-10T13:41:42.6495184+00:00" testType="13cdc9d9-ddb5-4fa4-a97d-d965ccfc6d4b" outcome="Passed" testListId="8c84fa94-04c1-424b-9868-57a2d4851a1d" relativeResultsDirectory="4f116739-11f8-40a5-a39a-0e4aedb7a859" />
    <UnitTestResult executionId="54f4939c-02f7-4e82-b94f-5ba38b8bb1a8" testId="0bc54975-0bff-692e-a9b3-fc69f2c95a39" testName="UnitTests.Data.Repositories.GenericRepositoryTests.GenericRepositoryDeletes" computerName="fv-az177-880" duration="00:00:02.9320000" startTime="2022-02-10T13:41:45.5360465+00:00" endTime="2022-02-10T13:41:45.5360465+00:00" testType="13cdc9d9-ddb5-4fa4-a97d-d965ccfc6d4b" outcome="Passed" testListId="8c84fa94-04c1-424b-9868-57a2d4851a1d" relativeResultsDirectory="54f4939c-02f7-4e82-b94f-5ba38b8bb1a8" />
    <UnitTestResult executionId="5ad890c3-b453-4c50-bae5-fafd9fee48a9" testId="d16880d7-fb44-f209-43d9-ba2e0e1875de" testName="UnitTests.Data.Repositories.GenericRepositoryTests.GenericRepositoryGetsAll(iterations: 1)" computerName="fv-az177-880" duration="00:00:00.0260000" startTime="2022-02-10T13:41:45.7930631+00:00" endTime="2022-02-10T13:41:45.7930631+00:00" testType="13cdc9d9-ddb5-4fa4-a97d-d965ccfc6d4b" outcome="Passed" testListId="8c84fa94-04c1-424b-9868-57a2d4851a1d" relativeResultsDirectory="5ad890c3-b453-4c50-bae5-fafd9fee48a9" />
    <UnitTestResult executionId="df0f9728-454d-43f4-a6ee-71b26dd90fbe" testId="f754f777-4449-23e8-f4ec-917f49117de2" testName="UnitTests.Data.Repositories.GenericRepositoryTests.Repository_DeleteMissing_DoesNotThrow" computerName="fv-az177-880" duration="00:00:00.0100000" startTime="2022-02-10T13:41:45.8030628+00:00" endTime="2022-02-10T13:41:45.8030628+00:00" testType="13cdc9d9-ddb5-4fa4-a97d-d965ccfc6d4b" outcome="Passed" testListId="8c84fa94-04c1-424b-9868-57a2d4851a1d" relativeResultsDirectory="df0f9728-454d-43f4-a6ee-71b26dd90fbe" />
    <UnitTestResult executionId="1255f3fc-be79-46a0-ae92-93e3fa5fb167" testId="aec60494-3c2e-8ec9-f948-da5bb2043983" testName="UnitTests.Controllers.ItemControllerTests.UserCanEdit_ReturnsBool(canEdit: True)" computerName="fv-az177-880" duration="00:00:00.0010000" startTime="2022-02-10T13:41:41.7272140+00:00" endTime="2022-02-10T13:41:41.7272140+00:00" testType="13cdc9d9-ddb5-4fa4-a97d-d965ccfc6d4b" outcome="Passed" testListId="8c84fa94-04c1-424b-9868-57a2d4851a1d" relativeResultsDirectory="1255f3fc-be79-46a0-ae92-93e3fa5fb167" />
    <UnitTestResult executionId="dd3e18d0-35ca-4637-ab57-cc3fade00b39" testId="478b61ee-7d85-9dbe-985d-08c590f8666a" testName="UnitTests.Controllers.ItemControllerTests.DeleteItem_Deletes(itemId: 1)" computerName="fv-az177-880" duration="00:00:00.0010000" startTime="2022-02-10T13:41:41.9742395+00:00" endTime="2022-02-10T13:41:41.9742395+00:00" testType="13cdc9d9-ddb5-4fa4-a97d-d965ccfc6d4b" outcome="Passed" testListId="8c84fa94-04c1-424b-9868-57a2d4851a1d" relativeResultsDirectory="dd3e18d0-35ca-4637-ab57-cc3fade00b39" />
    <UnitTestResult executionId="c0ea95d6-2d74-4371-aad4-f0187baafef8" testId="113f48ce-a6a3-c5df-7589-ba5a5fcb9c59" testName="UnitTests.Controllers.ModuleExceptionFilterAttributeTests.NoException_DoesNothing" computerName="fv-az177-880" duration="00:00:00.0050000" startTime="2022-02-10T13:41:42.6035161+00:00" endTime="2022-02-10T13:41:42.6035161+00:00" testType="13cdc9d9-ddb5-4fa4-a97d-d965ccfc6d4b" outcome="Passed" testListId="8c84fa94-04c1-424b-9868-57a2d4851a1d" relativeResultsDirectory="c0ea95d6-2d74-4371-aad4-f0187baafef8" />
    <UnitTestResult executionId="10b5ac34-c782-4936-a930-b843264b7eb2" testId="bae3532a-4a9e-c4ab-fc66-4dfa22d16170" testName="UnitTests.Controllers.ModuleApiControllerTests.HasUserInfo" computerName="fv-az177-880" duration="00:00:00.4700000" startTime="2022-02-10T13:41:42.5915149+00:00" endTime="2022-02-10T13:41:42.5915149+00:00" testType="13cdc9d9-ddb5-4fa4-a97d-d965ccfc6d4b" outcome="Passed" testListId="8c84fa94-04c1-424b-9868-57a2d4851a1d" relativeResultsDirectory="10b5ac34-c782-4936-a930-b843264b7eb2" />
    <UnitTestResult executionId="5dfe54e9-9aff-4178-9535-605348d9b902" testId="c5867bfe-f023-3ae4-485c-eae070f2ace9" testName="UnitTests.Data.Repositories.GenericRepositoryTests.GetPage_Pages(page: 1, pageSize: 10, expectedItems: 10, expectedPages: 5)" computerName="fv-az177-880" duration="00:00:00.0310000" startTime="2022-02-10T13:41:45.9690768+00:00" endTime="2022-02-10T13:41:45.9690768+00:00" testType="13cdc9d9-ddb5-4fa4-a97d-d965ccfc6d4b" outcome="Passed" testListId="8c84fa94-04c1-424b-9868-57a2d4851a1d" relativeResultsDirectory="5dfe54e9-9aff-4178-9535-605348d9b902" />
    <UnitTestResult executionId="5e029234-c6d9-49f2-b26a-81a17b6e231c" testId="44b00d3a-bad7-aefd-141c-4a35b11463b2" testName="UnitTests.Data.Repositories.GenericRepositoryTests.Repository_Update_DefaultAudit" computerName="fv-az177-880" duration="00:00:00.0110000" startTime="2022-02-10T13:41:47.7191870+00:00" endTime="2022-02-10T13:41:47.7191870+00:00" testType="13cdc9d9-ddb5-4fa4-a97d-d965ccfc6d4b" outcome="Passed" testListId="8c84fa94-04c1-424b-9868-57a2d4851a1d" relativeResultsDirectory="5e029234-c6d9-49f2-b26a-81a17b6e231c" />
    <UnitTestResult executionId="92adf1b1-d361-4805-add1-d19728a0ad63" testId="986d7e6e-d04d-b204-b01c-fbb8f09c7774" testName="UnitTests.Controllers.ServiceRouteMapperTests.RegisterRoutes_RegistersAtLestOneRoute" computerName="fv-az177-880" duration="00:00:00.0700000" startTime="2022-02-10T13:41:41.9782398+00:00" endTime="2022-02-10T13:41:41.9782398+00:00" testType="13cdc9d9-ddb5-4fa4-a97d-d965ccfc6d4b" outcome="Passed" testListId="8c84fa94-04c1-424b-9868-57a2d4851a1d" relativeResultsDirectory="92adf1b1-d361-4805-add1-d19728a0ad63" />
    <UnitTestResult executionId="b96f1a5c-917b-4d44-b459-146f44ddcd4a" testId="1017c6c1-9dd0-57dc-36e7-bb573d02562e" testName="UnitTests.Controllers.ItemControllerTests.GetItemsPage_GetsProperPages" computerName="fv-az177-880" duration="00:00:00.0090000" startTime="2022-02-10T13:41:41.8562260+00:00" endTime="2022-02-10T13:41:41.8562260+00:00" testType="13cdc9d9-ddb5-4fa4-a97d-d965ccfc6d4b" outcome="Passed" testListId="8c84fa94-04c1-424b-9868-57a2d4851a1d" relativeResultsDirectory="b96f1a5c-917b-4d44-b459-146f44ddcd4a" />
    <UnitTestResult executionId="776d4b6b-2fbe-41cf-9126-18d30b7ca742" testId="19b6234c-c2df-2304-54f9-54b0da4cd6ba" testName="UnitTests.Services.ItemServiceTests.CreateItem_NoNameThrows" computerName="fv-az177-880" duration="00:00:00.0040000" startTime="2022-02-10T13:41:42.0042406+00:00" endTime="2022-02-10T13:41:42.0042406+00:00" testType="13cdc9d9-ddb5-4fa4-a97d-d965ccfc6d4b" outcome="Passed" testListId="8c84fa94-04c1-424b-9868-57a2d4851a1d" relativeResultsDirectory="776d4b6b-2fbe-41cf-9126-18d30b7ca742" />
    <UnitTestResult executionId="ecaf244c-b8ea-4e26-9fee-281d771ef844" testId="92b7b9f6-1294-7ea1-ffa3-91fba85074d4" testName="UnitTests.Services.ItemServiceTests.UpdateItem_NoName_Throws(name: &quot;  &quot;)" computerName="fv-az177-880" duration="00:00:00.0010000" startTime="2022-02-10T13:41:42.0122395+00:00" endTime="2022-02-10T13:41:42.0122395+00:00" testType="13cdc9d9-ddb5-4fa4-a97d-d965ccfc6d4b" outcome="Passed" testListId="8c84fa94-04c1-424b-9868-57a2d4851a1d" relativeResultsDirectory="ecaf244c-b8ea-4e26-9fee-281d771ef844" />
    <UnitTestResult executionId="b67f6281-b235-466b-9f8b-f403abbfd635" testId="ac2a99ba-3563-74a9-7d4c-8e91a58cd097" testName="UnitTests.Data.ModuleDbContextTests.DefaultConstructorThrows" computerName="fv-az177-880" duration="00:00:00.2510000" startTime="2022-02-10T13:41:41.9012311+00:00" endTime="2022-02-10T13:41:41.9012311+00:00" testType="13cdc9d9-ddb5-4fa4-a97d-d965ccfc6d4b" outcome="Passed" testListId="8c84fa94-04c1-424b-9868-57a2d4851a1d" relativeResultsDirectory="b67f6281-b235-466b-9f8b-f403abbfd635" />
    <UnitTestResult executionId="aa26fe52-d552-46f2-b166-b1ed84eecfb4" testId="b76e01b1-6afe-f33b-c6a9-ea3347176509" testName="UnitTests.Services.ItemServiceTests.UpdateItem_NoName_Throws(name: null)" computerName="fv-az177-880" duration="00:00:00.0010000" startTime="2022-02-10T13:41:42.0092442+00:00" endTime="2022-02-10T13:41:42.0092442+00:00" testType="13cdc9d9-ddb5-4fa4-a97d-d965ccfc6d4b" outcome="Passed" testListId="8c84fa94-04c1-424b-9868-57a2d4851a1d" relativeResultsDirectory="aa26fe52-d552-46f2-b166-b1ed84eecfb4" />
    <UnitTestResult executionId="8b2f981c-d996-4e78-aa87-0dd34686e9c2" testId="5f92ec4d-d570-0452-b891-d4cee75db9dd" testName="UnitTests.Controllers.ModuleApiControllerTests.CanEdit_Set_Throws" computerName="fv-az177-880" duration="00:00:00.0020000" startTime="2022-02-10T13:41:42.1212537+00:00" endTime="2022-02-10T13:41:42.1212537+00:00" testType="13cdc9d9-ddb5-4fa4-a97d-d965ccfc6d4b" outcome="Passed" testListId="8c84fa94-04c1-424b-9868-57a2d4851a1d" relativeResultsDirectory="8b2f981c-d996-4e78-aa87-0dd34686e9c2" />
    <UnitTestResult executionId="d658dacb-ce2f-43ac-98d6-85422067d31b" testId="168fc980-36e3-101b-62b1-f5ab71e9fc0d" testName="UnitTests.Controllers.LocalizationControllerTests.GetLocalization_CallsLocalizationService" computerName="fv-az177-880" duration="00:00:00.0160000" startTime="2022-02-10T13:41:41.9762393+00:00" endTime="2022-02-10T13:41:41.9762393+00:00" testType="13cdc9d9-ddb5-4fa4-a97d-d965ccfc6d4b" outcome="Passed" testListId="8c84fa94-04c1-424b-9868-57a2d4851a1d" relativeResultsDirectory="d658dacb-ce2f-43ac-98d6-85422067d31b" />
  </Results>
  <TestDefinitions>
    <UnitTest name="UnitTests.Controllers.ItemControllerTests.DeleteItem_Deletes(itemId: 1)" storage="d:\a\summitapidemo\summitapidemo\unittests\bin\unittests.dll" id="478b61ee-7d85-9dbe-985d-08c590f8666a">
      <Execution id="dd3e18d0-35ca-4637-ab57-cc3fade00b39" />
      <TestMethod codeBase="D:\a\SummitApiDemo\SummitApiDemo\UnitTests\bin\UnitTests.dll" adapterTypeName="executor://xunit/VsTestRunner2/net" className="UnitTests.Controllers.ItemControllerTests" name="DeleteItem_Deletes" />
    </UnitTest>
    <UnitTest name="UnitTests.Common.Extensions.IQueryableExtensionsTests.Order_OrdersBothWays(descending: True, expected: [3, 2, 1])" storage="d:\a\summitapidemo\summitapidemo\unittests\bin\unittests.dll" id="b6579d24-7c4e-c42d-2ead-85e0f30e0a64">
      <Execution id="c7a8ad41-cf65-43d3-9d51-0e07c758a40f" />
      <TestMethod codeBase="D:\a\SummitApiDemo\SummitApiDemo\UnitTests\bin\UnitTests.dll" adapterTypeName="executor://xunit/VsTestRunner2/net" className="UnitTests.Common.Extensions.IQueryableExtensionsTests" name="Order_OrdersBothWays" />
    </UnitTest>
    <UnitTest name="UnitTests.Controllers.ItemControllerTests.UserCanEdit_ReturnsBool(canEdit: False)" storage="d:\a\summitapidemo\summitapidemo\unittests\bin\unittests.dll" id="0247c7e7-7d1c-099b-2ac8-81a47ff2509a">
      <Execution id="ddb078da-3945-436c-8db0-0c662ad798b4" />
      <TestMethod codeBase="D:\a\SummitApiDemo\SummitApiDemo\UnitTests\bin\UnitTests.dll" adapterTypeName="executor://xunit/VsTestRunner2/net" className="UnitTests.Controllers.ItemControllerTests" name="UserCanEdit_ReturnsBool" />
    </UnitTest>
    <UnitTest name="UnitTests.Controllers.LocalizationControllerTests.GetLocalization_CallsLocalizationService" storage="d:\a\summitapidemo\summitapidemo\unittests\bin\unittests.dll" id="168fc980-36e3-101b-62b1-f5ab71e9fc0d">
      <Execution id="d658dacb-ce2f-43ac-98d6-85422067d31b" />
      <TestMethod codeBase="D:\a\SummitApiDemo\SummitApiDemo\UnitTests\bin\UnitTests.dll" adapterTypeName="executor://xunit/VsTestRunner2/net" className="UnitTests.Controllers.LocalizationControllerTests" name="GetLocalization_CallsLocalizationService" />
    </UnitTest>
    <UnitTest name="UnitTests.Data.ModuleDbContextTests.DefaultConstructorThrows" storage="d:\a\summitapidemo\summitapidemo\unittests\bin\unittests.dll" id="ac2a99ba-3563-74a9-7d4c-8e91a58cd097">
      <Execution id="b67f6281-b235-466b-9f8b-f403abbfd635" />
      <TestMethod codeBase="D:\a\SummitApiDemo\SummitApiDemo\UnitTests\bin\UnitTests.dll" adapterTypeName="executor://xunit/VsTestRunner2/net" className="UnitTests.Data.ModuleDbContextTests" name="DefaultConstructorThrows" />
    </UnitTest>
    <UnitTest name="UnitTests.Controllers.ModuleApiControllerTests.CanEdit_DefaultsToFalse" storage="d:\a\summitapidemo\summitapidemo\unittests\bin\unittests.dll" id="320e3c11-11d1-b3ef-0d2e-5e474f674ff1">
      <Execution id="0457dcd2-c8a9-4600-a91a-1489fa401ddb" />
      <TestMethod codeBase="D:\a\SummitApiDemo\SummitApiDemo\UnitTests\bin\UnitTests.dll" adapterTypeName="executor://xunit/VsTestRunner2/net" className="UnitTests.Controllers.ModuleApiControllerTests" name="CanEdit_DefaultsToFalse" />
    </UnitTest>
    <UnitTest name="UnitTests.Data.Repositories.GenericRepositoryTests.GenericRepositoryCreatesAndGetsById" storage="d:\a\summitapidemo\summitapidemo\unittests\bin\unittests.dll" id="e6e0a140-85e7-6935-6160-ab95ecfd3c8a">
      <Execution id="39c3b71f-3f53-4c71-a409-68de5bb5bb33" />
      <TestMethod codeBase="D:\a\SummitApiDemo\SummitApiDemo\UnitTests\bin\UnitTests.dll" adapterTypeName="executor://xunit/VsTestRunner2/net" className="UnitTests.Data.Repositories.GenericRepositoryTests" name="GenericRepositoryCreatesAndGetsById" />
    </UnitTest>
    <UnitTest name="UnitTests.Services.ItemServiceTests.UpdateItem_NoName_Throws(name: &quot; &quot;)" storage="d:\a\summitapidemo\summitapidemo\unittests\bin\unittests.dll" id="1c164fbc-1ab1-9884-ccb8-9e84f4c977d0">
      <Execution id="6c38cfde-212d-46ee-8787-d31cdb8b40cf" />
      <TestMethod codeBase="D:\a\SummitApiDemo\SummitApiDemo\UnitTests\bin\UnitTests.dll" adapterTypeName="executor://xunit/VsTestRunner2/net" className="UnitTests.Services.ItemServiceTests" name="UpdateItem_NoName_Throws" />
    </UnitTest>
    <UnitTest name="UnitTests.Services.ItemServiceTests.GetItemsPage_GetsPages(descending: False)" storage="d:\a\summitapidemo\summitapidemo\unittests\bin\unittests.dll" id="99806ad3-88f0-7495-8b3e-3799a4bbb6aa">
      <Execution id="368572b1-7163-4537-8a56-d4df475c6126" />
      <TestMethod codeBase="D:\a\SummitApiDemo\SummitApiDemo\UnitTests\bin\UnitTests.dll" adapterTypeName="executor://xunit/VsTestRunner2/net" className="UnitTests.Services.ItemServiceTests" name="GetItemsPage_GetsPages" />
    </UnitTest>
    <UnitTest name="UnitTests.Data.Repositories.GenericRepositoryTests.Repository_Update_UsesuserId" storage="d:\a\summitapidemo\summitapidemo\unittests\bin\unittests.dll" id="0ebf358f-9eac-9438-b418-9c6aa81a6377">
      <Execution id="4ba5cda5-6aba-42e1-9000-f95f1089b7bf" />
      <TestMethod codeBase="D:\a\SummitApiDemo\SummitApiDemo\UnitTests\bin\UnitTests.dll" adapterTypeName="executor://xunit/VsTestRunner2/net" className="UnitTests.Data.Repositories.GenericRepositoryTests" name="Repository_Update_UsesuserId" />
    </UnitTest>
    <UnitTest name="UnitTests.Services.ItemServiceTests.CreateItem_Creates" storage="d:\a\summitapidemo\summitapidemo\unittests\bin\unittests.dll" id="a9198ad3-782e-a37c-0b5f-1330f5318f55">
      <Execution id="8070375f-cae8-4ba3-b041-cb08f2c1e38d" />
      <TestMethod codeBase="D:\a\SummitApiDemo\SummitApiDemo\UnitTests\bin\UnitTests.dll" adapterTypeName="executor://xunit/VsTestRunner2/net" className="UnitTests.Services.ItemServiceTests" name="CreateItem_Creates" />
    </UnitTest>
    <UnitTest name="UnitTests.Data.Repositories.GenericRepositoryTests.GenericRepositoryGet" storage="d:\a\summitapidemo\summitapidemo\unittests\bin\unittests.dll" id="ad3412e8-5f64-2020-a5b6-bd4cca8c3b7d">
      <Execution id="e1016876-bbea-4613-9cf1-725847137236" />
      <TestMethod codeBase="D:\a\SummitApiDemo\SummitApiDemo\UnitTests\bin\UnitTests.dll" adapterTypeName="executor://xunit/VsTestRunner2/net" className="UnitTests.Data.Repositories.GenericRepositoryTests" name="GenericRepositoryGet" />
    </UnitTest>
    <UnitTest name="UnitTests.Data.Repositories.GenericRepositoryTests.GenericRepositoryUpdate_ThrowsWithNullEntity" storage="d:\a\summitapidemo\summitapidemo\unittests\bin\unittests.dll" id="24cfa8b0-48c3-8aab-e4c2-88694c220e2c">
      <Execution id="23a460fe-4ff7-4630-aaf0-cb56b3683573" />
      <TestMethod codeBase="D:\a\SummitApiDemo\SummitApiDemo\UnitTests\bin\UnitTests.dll" adapterTypeName="executor://xunit/VsTestRunner2/net" className="UnitTests.Data.Repositories.GenericRepositoryTests" name="GenericRepositoryUpdate_ThrowsWithNullEntity" />
    </UnitTest>
    <UnitTest name="UnitTests.Data.Repositories.GenericRepositoryTests.Pages_With_Related_Entities" storage="d:\a\summitapidemo\summitapidemo\unittests\bin\unittests.dll" id="d6cab32e-cf28-1ba8-73a6-76c46cb62c4a">
      <Execution id="15395b08-4e9c-45fc-9d2e-549e196355c2" />
      <TestMethod codeBase="D:\a\SummitApiDemo\SummitApiDemo\UnitTests\bin\UnitTests.dll" adapterTypeName="executor://xunit/VsTestRunner2/net" className="UnitTests.Data.Repositories.GenericRepositoryTests" name="Pages_With_Related_Entities" />
    </UnitTest>
    <UnitTest name="UnitTests.Services.LoggingServiceTests.LogginService_TestableConstructorLogsError" storage="d:\a\summitapidemo\summitapidemo\unittests\bin\unittests.dll" id="ac1c50bc-98fd-036f-fe0f-d46cb187f90e">
      <Execution id="57c02549-3593-420a-b93c-d98972c10551" />
      <TestMethod codeBase="D:\a\SummitApiDemo\SummitApiDemo\UnitTests\bin\UnitTests.dll" adapterTypeName="executor://xunit/VsTestRunner2/net" className="UnitTests.Services.LoggingServiceTests" name="LogginService_TestableConstructorLogsError" />
    </UnitTest>
    <UnitTest name="UnitTests.Data.Repositories.GenericRepositoryTests.GenericRepositoryGetsAll(iterations: 3)" storage="d:\a\summitapidemo\summitapidemo\unittests\bin\unittests.dll" id="d15ea2a7-9f9f-b92b-50fa-470898da705d">
      <Execution id="8cd274ff-2a75-4b25-8138-a4850af51f4b" />
      <TestMethod codeBase="D:\a\SummitApiDemo\SummitApiDemo\UnitTests\bin\UnitTests.dll" adapterTypeName="executor://xunit/VsTestRunner2/net" className="UnitTests.Data.Repositories.GenericRepositoryTests" name="GenericRepositoryGetsAll" />
    </UnitTest>
    <UnitTest name="UnitTests.Common.GlobalsTests.ModulePrefixIsValid" storage="d:\a\summitapidemo\summitapidemo\unittests\bin\unittests.dll" id="d1c63cb7-1f9a-a8bf-a217-a4cbb4e5f73b">
      <Execution id="e9d0a46a-9521-43eb-a7d8-088354f79eb4" />
      <TestMethod codeBase="D:\a\SummitApiDemo\SummitApiDemo\UnitTests\bin\UnitTests.dll" adapterTypeName="executor://xunit/VsTestRunner2/net" className="UnitTests.Common.GlobalsTests" name="ModulePrefixIsValid" />
    </UnitTest>
    <UnitTest name="UnitTests.Data.Entities.ItemTests.ItemPropertiesPersist(id: 2, name: &quot;Name2&quot;, description: &quot;Description2&quot;)" storage="d:\a\summitapidemo\summitapidemo\unittests\bin\unittests.dll" id="96a18501-dea4-70b1-d572-baa1bb120da2">
      <Execution id="ff773e82-9e14-4fbf-8447-dd033376173e" />
      <TestMethod codeBase="D:\a\SummitApiDemo\SummitApiDemo\UnitTests\bin\UnitTests.dll" adapterTypeName="executor://xunit/VsTestRunner2/net" className="UnitTests.Data.Entities.ItemTests" name="ItemPropertiesPersist" />
    </UnitTest>
    <UnitTest name="UnitTests.Controllers.ServiceRouteMapperTests.RegisterRoutes_RegistersAtLestOneRoute" storage="d:\a\summitapidemo\summitapidemo\unittests\bin\unittests.dll" id="986d7e6e-d04d-b204-b01c-fbb8f09c7774">
      <Execution id="92adf1b1-d361-4805-add1-d19728a0ad63" />
      <TestMethod codeBase="D:\a\SummitApiDemo\SummitApiDemo\UnitTests\bin\UnitTests.dll" adapterTypeName="executor://xunit/VsTestRunner2/net" className="UnitTests.Controllers.ServiceRouteMapperTests" name="RegisterRoutes_RegistersAtLestOneRoute" />
    </UnitTest>
    <UnitTest name="UnitTests.Data.Repositories.GenericRepositoryTests.GenericRepositoryConstructs" storage="d:\a\summitapidemo\summitapidemo\unittests\bin\unittests.dll" id="e4f8faa7-d0ad-86e6-1579-7bd52372b4c3">
      <Execution id="7db3115b-be26-406b-838b-bc9fba8c7cd7" />
      <TestMethod codeBase="D:\a\SummitApiDemo\SummitApiDemo\UnitTests\bin\UnitTests.dll" adapterTypeName="executor://xunit/VsTestRunner2/net" className="UnitTests.Data.Repositories.GenericRepositoryTests" name="GenericRepositoryConstructs" />
    </UnitTest>
    <UnitTest name="UnitTests.Data.Repositories.GenericRepositoryTests.Repository_DeleteMissing_DoesNotThrow" storage="d:\a\summitapidemo\summitapidemo\unittests\bin\unittests.dll" id="f754f777-4449-23e8-f4ec-917f49117de2">
      <Execution id="df0f9728-454d-43f4-a6ee-71b26dd90fbe" />
      <TestMethod codeBase="D:\a\SummitApiDemo\SummitApiDemo\UnitTests\bin\UnitTests.dll" adapterTypeName="executor://xunit/VsTestRunner2/net" className="UnitTests.Data.Repositories.GenericRepositoryTests" name="Repository_DeleteMissing_DoesNotThrow" />
    </UnitTest>
    <UnitTest name="UnitTests.Services.ItemServiceTests.UpdateItem_NoName_Throws(name: null)" storage="d:\a\summitapidemo\summitapidemo\unittests\bin\unittests.dll" id="b76e01b1-6afe-f33b-c6a9-ea3347176509">
      <Execution id="aa26fe52-d552-46f2-b166-b1ed84eecfb4" />
      <TestMethod codeBase="D:\a\SummitApiDemo\SummitApiDemo\UnitTests\bin\UnitTests.dll" adapterTypeName="executor://xunit/VsTestRunner2/net" className="UnitTests.Services.ItemServiceTests" name="UpdateItem_NoName_Throws" />
    </UnitTest>
    <UnitTest name="UnitTests.Services.ItemServiceTests.CreateItem_NoNameThrows" storage="d:\a\summitapidemo\summitapidemo\unittests\bin\unittests.dll" id="19b6234c-c2df-2304-54f9-54b0da4cd6ba">
      <Execution id="776d4b6b-2fbe-41cf-9126-18d30b7ca742" />
      <TestMethod codeBase="D:\a\SummitApiDemo\SummitApiDemo\UnitTests\bin\UnitTests.dll" adapterTypeName="executor://xunit/VsTestRunner2/net" className="UnitTests.Services.ItemServiceTests" name="CreateItem_NoNameThrows" />
    </UnitTest>
    <UnitTest name="UnitTests.Services.ItemServiceTests.DeleteItem_Deletes" storage="d:\a\summitapidemo\summitapidemo\unittests\bin\unittests.dll" id="e6610648-e456-1c64-d2b1-7e1242b871a8">
      <Execution id="f5e4b66c-9fd5-4a59-9f54-b0070979203a" />
      <TestMethod codeBase="D:\a\SummitApiDemo\SummitApiDemo\UnitTests\bin\UnitTests.dll" adapterTypeName="executor://xunit/VsTestRunner2/net" className="UnitTests.Services.ItemServiceTests" name="DeleteItem_Deletes" />
    </UnitTest>
    <UnitTest name="UnitTests.Data.Entities.ItemTests.ItemConstructsProperly" storage="d:\a\summitapidemo\summitapidemo\unittests\bin\unittests.dll" id="572fc310-4b67-9555-f147-153d39f2eb82">
      <Execution id="751b1327-f90e-4eca-982e-e03f06cc614b" />
      <TestMethod codeBase="D:\a\SummitApiDemo\SummitApiDemo\UnitTests\bin\UnitTests.dll" adapterTypeName="executor://xunit/VsTestRunner2/net" className="UnitTests.Data.Entities.ItemTests" name="ItemConstructsProperly" />
    </UnitTest>
    <UnitTest name="UnitTests.Services.ItemServiceTests.UpdateItem_NoName_Throws(name: &quot;&quot;)" storage="d:\a\summitapidemo\summitapidemo\unittests\bin\unittests.dll" id="3cbfa5d3-e0f6-eff8-ed5c-556fa1f3e131">
      <Execution id="6cb5afb0-a9aa-4e2d-9e08-911305596344" />
      <TestMethod codeBase="D:\a\SummitApiDemo\SummitApiDemo\UnitTests\bin\UnitTests.dll" adapterTypeName="executor://xunit/VsTestRunner2/net" className="UnitTests.Services.ItemServiceTests" name="UpdateItem_NoName_Throws" />
    </UnitTest>
    <UnitTest name="UnitTests.Services.LoggingServiceTests.LogginService_TestableConstructorLogsErrorWithException" storage="d:\a\summitapidemo\summitapidemo\unittests\bin\unittests.dll" id="9168bdef-a759-f4d6-b890-b643e17324cf">
      <Execution id="a09dd802-ec43-456f-ba04-9db54d8252bb" />
      <TestMethod codeBase="D:\a\SummitApiDemo\SummitApiDemo\UnitTests\bin\UnitTests.dll" adapterTypeName="executor://xunit/VsTestRunner2/net" className="UnitTests.Services.LoggingServiceTests" name="LogginService_TestableConstructorLogsErrorWithException" />
    </UnitTest>
    <UnitTest name="UnitTests.Controllers.ItemControllerTests.UserCanEdit_ReturnsBool(canEdit: True)" storage="d:\a\summitapidemo\summitapidemo\unittests\bin\unittests.dll" id="aec60494-3c2e-8ec9-f948-da5bb2043983">
      <Execution id="1255f3fc-be79-46a0-ae92-93e3fa5fb167" />
      <TestMethod codeBase="D:\a\SummitApiDemo\SummitApiDemo\UnitTests\bin\UnitTests.dll" adapterTypeName="executor://xunit/VsTestRunner2/net" className="UnitTests.Controllers.ItemControllerTests" name="UserCanEdit_ReturnsBool" />
    </UnitTest>
    <UnitTest name="UnitTests.Controllers.ModuleApiControllerTests.HasUserInfo" storage="d:\a\summitapidemo\summitapidemo\unittests\bin\unittests.dll" id="bae3532a-4a9e-c4ab-fc66-4dfa22d16170">
      <Execution id="10b5ac34-c782-4936-a930-b843264b7eb2" />
      <TestMethod codeBase="D:\a\SummitApiDemo\SummitApiDemo\UnitTests\bin\UnitTests.dll" adapterTypeName="executor://xunit/VsTestRunner2/net" className="UnitTests.Controllers.ModuleApiControllerTests" name="HasUserInfo" />
    </UnitTest>
    <UnitTest name="UnitTests.Services.ItemServiceTests.UpdateItem_NoName_Throws(name: &quot;  &quot;)" storage="d:\a\summitapidemo\summitapidemo\unittests\bin\unittests.dll" id="92b7b9f6-1294-7ea1-ffa3-91fba85074d4">
      <Execution id="ecaf244c-b8ea-4e26-9fee-281d771ef844" />
      <TestMethod codeBase="D:\a\SummitApiDemo\SummitApiDemo\UnitTests\bin\UnitTests.dll" adapterTypeName="executor://xunit/VsTestRunner2/net" className="UnitTests.Services.ItemServiceTests" name="UpdateItem_NoName_Throws" />
    </UnitTest>
    <UnitTest name="UnitTests.Data.Repositories.GenericRepositoryTests.Repository_Create_DefaultAudit" storage="d:\a\summitapidemo\summitapidemo\unittests\bin\unittests.dll" id="ae39aa62-5ff2-56e7-d00e-ef116d711d51">
      <Execution id="17541289-62ca-41a5-8e40-da0079cc7b04" />
      <TestMethod codeBase="D:\a\SummitApiDemo\SummitApiDemo\UnitTests\bin\UnitTests.dll" adapterTypeName="executor://xunit/VsTestRunner2/net" className="UnitTests.Data.Repositories.GenericRepositoryTests" name="Repository_Create_DefaultAudit" />
    </UnitTest>
    <UnitTest name="UnitTests.Controllers.ValidateModelAttributeTests.OnActionExecuting_Valid_Works" storage="d:\a\summitapidemo\summitapidemo\unittests\bin\unittests.dll" id="e55f1742-c16d-5086-2251-ad3372dd48f5">
      <Execution id="5628d34f-ebb7-4db3-a461-23d2a87d2b52" />
      <TestMethod codeBase="D:\a\SummitApiDemo\SummitApiDemo\UnitTests\bin\UnitTests.dll" adapterTypeName="executor://xunit/VsTestRunner2/net" className="UnitTests.Controllers.ValidateModelAttributeTests" name="OnActionExecuting_Valid_Works" />
    </UnitTest>
    <UnitTest name="UnitTests.Data.Repositories.GenericRepositoryTests.GenericRepositoryGetsAll(iterations: 1)" storage="d:\a\summitapidemo\summitapidemo\unittests\bin\unittests.dll" id="d16880d7-fb44-f209-43d9-ba2e0e1875de">
      <Execution id="5ad890c3-b453-4c50-bae5-fafd9fee48a9" />
      <TestMethod codeBase="D:\a\SummitApiDemo\SummitApiDemo\UnitTests\bin\UnitTests.dll" adapterTypeName="executor://xunit/VsTestRunner2/net" className="UnitTests.Data.Repositories.GenericRepositoryTests" name="GenericRepositoryGetsAll" />
    </UnitTest>
    <UnitTest name="UnitTests.Services.ItemServiceTests.UpdateItem_NullDto_Throws" storage="d:\a\summitapidemo\summitapidemo\unittests\bin\unittests.dll" id="263c08b1-704a-f3c2-309e-6dee831dbdc9">
      <Execution id="1b26250f-c7b7-4c0b-af1f-cef451a6f27a" />
      <TestMethod codeBase="D:\a\SummitApiDemo\SummitApiDemo\UnitTests\bin\UnitTests.dll" adapterTypeName="executor://xunit/VsTestRunner2/net" className="UnitTests.Services.ItemServiceTests" name="UpdateItem_NullDto_Throws" />
    </UnitTest>
    <UnitTest name="UnitTests.Services.LoggingServiceTests.LoggingService_DefaultConstructorExists" storage="d:\a\summitapidemo\summitapidemo\unittests\bin\unittests.dll" id="8ba31d1b-48e3-e04e-cff0-b927c63b4a19">
      <Execution id="4f116739-11f8-40a5-a39a-0e4aedb7a859" />
      <TestMethod codeBase="D:\a\SummitApiDemo\SummitApiDemo\UnitTests\bin\UnitTests.dll" adapterTypeName="executor://xunit/VsTestRunner2/net" className="UnitTests.Services.LoggingServiceTests" name="LoggingService_DefaultConstructorExists" />
    </UnitTest>
    <UnitTest name="UnitTests.Data.Repositories.GenericRepositoryTests.GenericRepositoryCreate_ThrowsWithNullEntity" storage="d:\a\summitapidemo\summitapidemo\unittests\bin\unittests.dll" id="36689490-09d4-917f-648a-70dcfcfede10">
      <Execution id="2b60c834-e547-4818-a285-1c8e0cb76a05" />
      <TestMethod codeBase="D:\a\SummitApiDemo\SummitApiDemo\UnitTests\bin\UnitTests.dll" adapterTypeName="executor://xunit/VsTestRunner2/net" className="UnitTests.Data.Repositories.GenericRepositoryTests" name="GenericRepositoryCreate_ThrowsWithNullEntity" />
    </UnitTest>
    <UnitTest name="UnitTests.Controllers.ItemControllerTests.CreateItem_Creates" storage="d:\a\summitapidemo\summitapidemo\unittests\bin\unittests.dll" id="588a2c1b-7788-beb2-ade0-06788d455d25">
      <Execution id="a0ec545e-af19-46ad-87e3-95d39cc0a914" />
      <TestMethod codeBase="D:\a\SummitApiDemo\SummitApiDemo\UnitTests\bin\UnitTests.dll" adapterTypeName="executor://xunit/VsTestRunner2/net" className="UnitTests.Controllers.ItemControllerTests" name="CreateItem_Creates" />
    </UnitTest>
    <UnitTest name="UnitTests.Controllers.ModuleApiControllerTests.CanEdit_Set_Throws" storage="d:\a\summitapidemo\summitapidemo\unittests\bin\unittests.dll" id="5f92ec4d-d570-0452-b891-d4cee75db9dd">
      <Execution id="8b2f981c-d996-4e78-aa87-0dd34686e9c2" />
      <TestMethod codeBase="D:\a\SummitApiDemo\SummitApiDemo\UnitTests\bin\UnitTests.dll" adapterTypeName="executor://xunit/VsTestRunner2/net" className="UnitTests.Controllers.ModuleApiControllerTests" name="CanEdit_Set_Throws" />
    </UnitTest>
    <UnitTest name="UnitTests.Data.Repositories.GenericRepositoryTests.Repository_Create_UsesUserId" storage="d:\a\summitapidemo\summitapidemo\unittests\bin\unittests.dll" id="e1c7f76f-6195-c844-23c0-304b47fbae66">
      <Execution id="d71519dc-26e7-4c03-a1e5-80030fdcc77d" />
      <TestMethod codeBase="D:\a\SummitApiDemo\SummitApiDemo\UnitTests\bin\UnitTests.dll" adapterTypeName="executor://xunit/VsTestRunner2/net" className="UnitTests.Data.Repositories.GenericRepositoryTests" name="Repository_Create_UsesUserId" />
    </UnitTest>
    <UnitTest name="UnitTests.Controllers.ItemControllerTests.UpdateItem_Updates" storage="d:\a\summitapidemo\summitapidemo\unittests\bin\unittests.dll" id="315adde5-f36d-a74f-aa46-fb22a0f78cd9">
      <Execution id="2f455dfa-3b0d-4640-9830-e53b6564cc18" />
      <TestMethod codeBase="D:\a\SummitApiDemo\SummitApiDemo\UnitTests\bin\UnitTests.dll" adapterTypeName="executor://xunit/VsTestRunner2/net" className="UnitTests.Controllers.ItemControllerTests" name="UpdateItem_Updates" />
    </UnitTest>
    <UnitTest name="UnitTests.Data.Repositories.GenericRepositoryTests.GetPage_Pages(page: 3, pageSize: 20, expectedItems: 10, expectedPages: 3)" storage="d:\a\summitapidemo\summitapidemo\unittests\bin\unittests.dll" id="74c28fcf-aa9b-2bab-0ff6-cfa98a0ddf49">
      <Execution id="331186be-43c9-426a-b2f5-f1c21ea215a3" />
      <TestMethod codeBase="D:\a\SummitApiDemo\SummitApiDemo\UnitTests\bin\UnitTests.dll" adapterTypeName="executor://xunit/VsTestRunner2/net" className="UnitTests.Data.Repositories.GenericRepositoryTests" name="GetPage_Pages" />
    </UnitTest>
    <UnitTest name="UnitTests.Controllers.ModuleExceptionFilterAttributeTests.NoException_DoesNothing" storage="d:\a\summitapidemo\summitapidemo\unittests\bin\unittests.dll" id="113f48ce-a6a3-c5df-7589-ba5a5fcb9c59">
      <Execution id="c0ea95d6-2d74-4371-aad4-f0187baafef8" />
      <TestMethod codeBase="D:\a\SummitApiDemo\SummitApiDemo\UnitTests\bin\UnitTests.dll" adapterTypeName="executor://xunit/VsTestRunner2/net" className="UnitTests.Controllers.ModuleExceptionFilterAttributeTests" name="NoException_DoesNothing" />
    </UnitTest>
    <UnitTest name="UnitTests.Controllers.ItemControllerTests.GetItemsPage_GetsProperPages" storage="d:\a\summitapidemo\summitapidemo\unittests\bin\unittests.dll" id="1017c6c1-9dd0-57dc-36e7-bb573d02562e">
      <Execution id="b96f1a5c-917b-4d44-b459-146f44ddcd4a" />
      <TestMethod codeBase="D:\a\SummitApiDemo\SummitApiDemo\UnitTests\bin\UnitTests.dll" adapterTypeName="executor://xunit/VsTestRunner2/net" className="UnitTests.Controllers.ItemControllerTests" name="GetItemsPage_GetsProperPages" />
    </UnitTest>
    <UnitTest name="UnitTests.Data.Repositories.GenericRepositoryTests.GenericRepositoryDeletes" storage="d:\a\summitapidemo\summitapidemo\unittests\bin\unittests.dll" id="0bc54975-0bff-692e-a9b3-fc69f2c95a39">
      <Execution id="54f4939c-02f7-4e82-b94f-5ba38b8bb1a8" />
      <TestMethod codeBase="D:\a\SummitApiDemo\SummitApiDemo\UnitTests\bin\UnitTests.dll" adapterTypeName="executor://xunit/VsTestRunner2/net" className="UnitTests.Data.Repositories.GenericRepositoryTests" name="GenericRepositoryDeletes" />
    </UnitTest>
    <UnitTest name="UnitTests.Controllers.ItemControllerTests.DeleteItem_Deletes(itemId: 10)" storage="d:\a\summitapidemo\summitapidemo\unittests\bin\unittests.dll" id="d6094ca1-b65b-5133-f464-9f7d01f0d023">
      <Execution id="80a1e494-a202-4b8a-923d-0197d3b15bb1" />
      <TestMethod codeBase="D:\a\SummitApiDemo\SummitApiDemo\UnitTests\bin\UnitTests.dll" adapterTypeName="executor://xunit/VsTestRunner2/net" className="UnitTests.Controllers.ItemControllerTests" name="DeleteItem_Deletes" />
    </UnitTest>
    <UnitTest name="UnitTests.Data.Repositories.GenericRepositoryTests.GenericRepositoryUpdates" storage="d:\a\summitapidemo\summitapidemo\unittests\bin\unittests.dll" id="70ede014-c412-e387-bb98-e95b3b42090d">
      <Execution id="e41c8b5a-e359-4ec6-9e66-2c78345df601" />
      <TestMethod codeBase="D:\a\SummitApiDemo\SummitApiDemo\UnitTests\bin\UnitTests.dll" adapterTypeName="executor://xunit/VsTestRunner2/net" className="UnitTests.Data.Repositories.GenericRepositoryTests" name="GenericRepositoryUpdates" />
    </UnitTest>
    <UnitTest name="UnitTests.Data.Repositories.GenericRepositoryTests.Repository_Update_DefaultAudit" storage="d:\a\summitapidemo\summitapidemo\unittests\bin\unittests.dll" id="44b00d3a-bad7-aefd-141c-4a35b11463b2">
      <Execution id="5e029234-c6d9-49f2-b26a-81a17b6e231c" />
      <TestMethod codeBase="D:\a\SummitApiDemo\SummitApiDemo\UnitTests\bin\UnitTests.dll" adapterTypeName="executor://xunit/VsTestRunner2/net" className="UnitTests.Data.Repositories.GenericRepositoryTests" name="Repository_Update_DefaultAudit" />
    </UnitTest>
    <UnitTest name="UnitTests.Services.ItemServiceTests.UpdateItem_Updates" storage="d:\a\summitapidemo\summitapidemo\unittests\bin\unittests.dll" id="130d9133-361f-a0da-f15e-423eb98947ac">
      <Execution id="d9391368-9283-4737-8da2-0415d7d73fa9" />
      <TestMethod codeBase="D:\a\SummitApiDemo\SummitApiDemo\UnitTests\bin\UnitTests.dll" adapterTypeName="executor://xunit/VsTestRunner2/net" className="UnitTests.Services.ItemServiceTests" name="UpdateItem_Updates" />
    </UnitTest>
    <UnitTest name="UnitTests.Data.Repositories.GenericRepositoryTests.GenericRepositoryGetsAll(iterations: 2)" storage="d:\a\summitapidemo\summitapidemo\unittests\bin\unittests.dll" id="ffe5c770-9b99-42c0-ce21-7e50cccf4385">
      <Execution id="e20b97d2-b08a-4b70-8e5a-a9fb3b811e34" />
      <TestMethod codeBase="D:\a\SummitApiDemo\SummitApiDemo\UnitTests\bin\UnitTests.dll" adapterTypeName="executor://xunit/VsTestRunner2/net" className="UnitTests.Data.Repositories.GenericRepositoryTests" name="GenericRepositoryGetsAll" />
    </UnitTest>
    <UnitTest name="UnitTests.Data.Repositories.GenericRepositoryTests.GenericRepositoryGetsAll(iterations: 0)" storage="d:\a\summitapidemo\summitapidemo\unittests\bin\unittests.dll" id="4fe0dd0f-2fa0-9c42-e816-a6df28150b72">
      <Execution id="9a9d0361-dc3b-4e9a-8fd8-9088ea197203" />
      <TestMethod codeBase="D:\a\SummitApiDemo\SummitApiDemo\UnitTests\bin\UnitTests.dll" adapterTypeName="executor://xunit/VsTestRunner2/net" className="UnitTests.Data.Repositories.GenericRepositoryTests" name="GenericRepositoryGetsAll" />
    </UnitTest>
    <UnitTest name="UnitTests.Data.Repositories.GenericRepositoryTests.GetPage_Pages(page: 1, pageSize: 10, expectedItems: 10, expectedPages: 5)" storage="d:\a\summitapidemo\summitapidemo\unittests\bin\unittests.dll" id="c5867bfe-f023-3ae4-485c-eae070f2ace9">
      <Execution id="5dfe54e9-9aff-4178-9535-605348d9b902" />
      <TestMethod codeBase="D:\a\SummitApiDemo\SummitApiDemo\UnitTests\bin\UnitTests.dll" adapterTypeName="executor://xunit/VsTestRunner2/net" className="UnitTests.Data.Repositories.GenericRepositoryTests" name="GetPage_Pages" />
    </UnitTest>
    <UnitTest name="UnitTests.Common.Extensions.IQueryableExtensionsTests.Order_OrdersBothWays(descending: False, expected: [1, 2, 3])" storage="d:\a\summitapidemo\summitapidemo\unittests\bin\unittests.dll" id="248341cb-553e-e275-a8eb-499567f40929">
      <Execution id="ab24d781-775d-4a53-9f32-3bf33c9a149c" />
      <TestMethod codeBase="D:\a\SummitApiDemo\SummitApiDemo\UnitTests\bin\UnitTests.dll" adapterTypeName="executor://xunit/VsTestRunner2/net" className="UnitTests.Common.Extensions.IQueryableExtensionsTests" name="Order_OrdersBothWays" />
    </UnitTest>
    <UnitTest name="UnitTests.Data.Repositories.GenericRepositoryTests.GetPage_Pages(page: 0, pageSize: 0, expectedItems: 1, expectedPages: 50)" storage="d:\a\summitapidemo\summitapidemo\unittests\bin\unittests.dll" id="3688eeeb-2a1a-6ffa-a193-543baf24437a">
      <Execution id="c5ceb2cf-8c76-4e2d-aacc-9df5aa6fdf82" />
      <TestMethod codeBase="D:\a\SummitApiDemo\SummitApiDemo\UnitTests\bin\UnitTests.dll" adapterTypeName="executor://xunit/VsTestRunner2/net" className="UnitTests.Data.Repositories.GenericRepositoryTests" name="GetPage_Pages" />
    </UnitTest>
    <UnitTest name="UnitTests.Services.ItemServiceTests.CreateItem_NoItemThrows" storage="d:\a\summitapidemo\summitapidemo\unittests\bin\unittests.dll" id="f5652070-1b22-f5a7-3f3f-68b37c9184a8">
      <Execution id="114daf2e-333a-4715-9002-a8fbcb5fcb06" />
      <TestMethod codeBase="D:\a\SummitApiDemo\SummitApiDemo\UnitTests\bin\UnitTests.dll" adapterTypeName="executor://xunit/VsTestRunner2/net" className="UnitTests.Services.ItemServiceTests" name="CreateItem_NoItemThrows" />
    </UnitTest>
    <UnitTest name="UnitTests.Data.Entities.ItemTests.ItemPropertiesPersist(id: 1, name: &quot;Name1&quot;, description: &quot;Description1&quot;)" storage="d:\a\summitapidemo\summitapidemo\unittests\bin\unittests.dll" id="392ed628-2028-c945-b97e-893658a1e82b">
      <Execution id="8df2f108-09ed-4782-9044-19bf7a334b53" />
      <TestMethod codeBase="D:\a\SummitApiDemo\SummitApiDemo\UnitTests\bin\UnitTests.dll" adapterTypeName="executor://xunit/VsTestRunner2/net" className="UnitTests.Data.Entities.ItemTests" name="ItemPropertiesPersist" />
    </UnitTest>
  </TestDefinitions>
  <TestEntries>
    <TestEntry testId="1c164fbc-1ab1-9884-ccb8-9e84f4c977d0" executionId="6c38cfde-212d-46ee-8787-d31cdb8b40cf" testListId="8c84fa94-04c1-424b-9868-57a2d4851a1d" />
    <TestEntry testId="ffe5c770-9b99-42c0-ce21-7e50cccf4385" executionId="e20b97d2-b08a-4b70-8e5a-a9fb3b811e34" testListId="8c84fa94-04c1-424b-9868-57a2d4851a1d" />
    <TestEntry testId="4fe0dd0f-2fa0-9c42-e816-a6df28150b72" executionId="9a9d0361-dc3b-4e9a-8fd8-9088ea197203" testListId="8c84fa94-04c1-424b-9868-57a2d4851a1d" />
    <TestEntry testId="3688eeeb-2a1a-6ffa-a193-543baf24437a" executionId="c5ceb2cf-8c76-4e2d-aacc-9df5aa6fdf82" testListId="8c84fa94-04c1-424b-9868-57a2d4851a1d" />
    <TestEntry testId="99806ad3-88f0-7495-8b3e-3799a4bbb6aa" executionId="368572b1-7163-4537-8a56-d4df475c6126" testListId="8c84fa94-04c1-424b-9868-57a2d4851a1d" />
    <TestEntry testId="392ed628-2028-c945-b97e-893658a1e82b" executionId="8df2f108-09ed-4782-9044-19bf7a334b53" testListId="8c84fa94-04c1-424b-9868-57a2d4851a1d" />
    <TestEntry testId="0ebf358f-9eac-9438-b418-9c6aa81a6377" executionId="4ba5cda5-6aba-42e1-9000-f95f1089b7bf" testListId="8c84fa94-04c1-424b-9868-57a2d4851a1d" />
    <TestEntry testId="588a2c1b-7788-beb2-ade0-06788d455d25" executionId="a0ec545e-af19-46ad-87e3-95d39cc0a914" testListId="8c84fa94-04c1-424b-9868-57a2d4851a1d" />
    <TestEntry testId="248341cb-553e-e275-a8eb-499567f40929" executionId="ab24d781-775d-4a53-9f32-3bf33c9a149c" testListId="8c84fa94-04c1-424b-9868-57a2d4851a1d" />
    <TestEntry testId="d1c63cb7-1f9a-a8bf-a217-a4cbb4e5f73b" executionId="e9d0a46a-9521-43eb-a7d8-088354f79eb4" testListId="8c84fa94-04c1-424b-9868-57a2d4851a1d" />
    <TestEntry testId="70ede014-c412-e387-bb98-e95b3b42090d" executionId="e41c8b5a-e359-4ec6-9e66-2c78345df601" testListId="8c84fa94-04c1-424b-9868-57a2d4851a1d" />
    <TestEntry testId="ad3412e8-5f64-2020-a5b6-bd4cca8c3b7d" executionId="e1016876-bbea-4613-9cf1-725847137236" testListId="8c84fa94-04c1-424b-9868-57a2d4851a1d" />
    <TestEntry testId="263c08b1-704a-f3c2-309e-6dee831dbdc9" executionId="1b26250f-c7b7-4c0b-af1f-cef451a6f27a" testListId="8c84fa94-04c1-424b-9868-57a2d4851a1d" />
    <TestEntry testId="130d9133-361f-a0da-f15e-423eb98947ac" executionId="d9391368-9283-4737-8da2-0415d7d73fa9" testListId="8c84fa94-04c1-424b-9868-57a2d4851a1d" />
    <TestEntry testId="e6610648-e456-1c64-d2b1-7e1242b871a8" executionId="f5e4b66c-9fd5-4a59-9f54-b0070979203a" testListId="8c84fa94-04c1-424b-9868-57a2d4851a1d" />
    <TestEntry testId="320e3c11-11d1-b3ef-0d2e-5e474f674ff1" executionId="0457dcd2-c8a9-4600-a91a-1489fa401ddb" testListId="8c84fa94-04c1-424b-9868-57a2d4851a1d" />
    <TestEntry testId="d6cab32e-cf28-1ba8-73a6-76c46cb62c4a" executionId="15395b08-4e9c-45fc-9d2e-549e196355c2" testListId="8c84fa94-04c1-424b-9868-57a2d4851a1d" />
    <TestEntry testId="ac1c50bc-98fd-036f-fe0f-d46cb187f90e" executionId="57c02549-3593-420a-b93c-d98972c10551" testListId="8c84fa94-04c1-424b-9868-57a2d4851a1d" />
    <TestEntry testId="d15ea2a7-9f9f-b92b-50fa-470898da705d" executionId="8cd274ff-2a75-4b25-8138-a4850af51f4b" testListId="8c84fa94-04c1-424b-9868-57a2d4851a1d" />
    <TestEntry testId="24cfa8b0-48c3-8aab-e4c2-88694c220e2c" executionId="23a460fe-4ff7-4630-aaf0-cb56b3683573" testListId="8c84fa94-04c1-424b-9868-57a2d4851a1d" />
    <TestEntry testId="e6e0a140-85e7-6935-6160-ab95ecfd3c8a" executionId="39c3b71f-3f53-4c71-a409-68de5bb5bb33" testListId="8c84fa94-04c1-424b-9868-57a2d4851a1d" />
    <TestEntry testId="d6094ca1-b65b-5133-f464-9f7d01f0d023" executionId="80a1e494-a202-4b8a-923d-0197d3b15bb1" testListId="8c84fa94-04c1-424b-9868-57a2d4851a1d" />
    <TestEntry testId="74c28fcf-aa9b-2bab-0ff6-cfa98a0ddf49" executionId="331186be-43c9-426a-b2f5-f1c21ea215a3" testListId="8c84fa94-04c1-424b-9868-57a2d4851a1d" />
    <TestEntry testId="f5652070-1b22-f5a7-3f3f-68b37c9184a8" executionId="114daf2e-333a-4715-9002-a8fbcb5fcb06" testListId="8c84fa94-04c1-424b-9868-57a2d4851a1d" />
    <TestEntry testId="9168bdef-a759-f4d6-b890-b643e17324cf" executionId="a09dd802-ec43-456f-ba04-9db54d8252bb" testListId="8c84fa94-04c1-424b-9868-57a2d4851a1d" />
    <TestEntry testId="0247c7e7-7d1c-099b-2ac8-81a47ff2509a" executionId="ddb078da-3945-436c-8db0-0c662ad798b4" testListId="8c84fa94-04c1-424b-9868-57a2d4851a1d" />
    <TestEntry testId="315adde5-f36d-a74f-aa46-fb22a0f78cd9" executionId="2f455dfa-3b0d-4640-9830-e53b6564cc18" testListId="8c84fa94-04c1-424b-9868-57a2d4851a1d" />
    <TestEntry testId="b6579d24-7c4e-c42d-2ead-85e0f30e0a64" executionId="c7a8ad41-cf65-43d3-9d51-0e07c758a40f" testListId="8c84fa94-04c1-424b-9868-57a2d4851a1d" />
    <TestEntry testId="e55f1742-c16d-5086-2251-ad3372dd48f5" executionId="5628d34f-ebb7-4db3-a461-23d2a87d2b52" testListId="8c84fa94-04c1-424b-9868-57a2d4851a1d" />
    <TestEntry testId="e1c7f76f-6195-c844-23c0-304b47fbae66" executionId="d71519dc-26e7-4c03-a1e5-80030fdcc77d" testListId="8c84fa94-04c1-424b-9868-57a2d4851a1d" />
    <TestEntry testId="572fc310-4b67-9555-f147-153d39f2eb82" executionId="751b1327-f90e-4eca-982e-e03f06cc614b" testListId="8c84fa94-04c1-424b-9868-57a2d4851a1d" />
    <TestEntry testId="36689490-09d4-917f-648a-70dcfcfede10" executionId="2b60c834-e547-4818-a285-1c8e0cb76a05" testListId="8c84fa94-04c1-424b-9868-57a2d4851a1d" />
    <TestEntry testId="a9198ad3-782e-a37c-0b5f-1330f5318f55" executionId="8070375f-cae8-4ba3-b041-cb08f2c1e38d" testListId="8c84fa94-04c1-424b-9868-57a2d4851a1d" />
    <TestEntry testId="e4f8faa7-d0ad-86e6-1579-7bd52372b4c3" executionId="7db3115b-be26-406b-838b-bc9fba8c7cd7" testListId="8c84fa94-04c1-424b-9868-57a2d4851a1d" />
    <TestEntry testId="3cbfa5d3-e0f6-eff8-ed5c-556fa1f3e131" executionId="6cb5afb0-a9aa-4e2d-9e08-911305596344" testListId="8c84fa94-04c1-424b-9868-57a2d4851a1d" />
    <TestEntry testId="96a18501-dea4-70b1-d572-baa1bb120da2" executionId="ff773e82-9e14-4fbf-8447-dd033376173e" testListId="8c84fa94-04c1-424b-9868-57a2d4851a1d" />
    <TestEntry testId="ae39aa62-5ff2-56e7-d00e-ef116d711d51" executionId="17541289-62ca-41a5-8e40-da0079cc7b04" testListId="8c84fa94-04c1-424b-9868-57a2d4851a1d" />
    <TestEntry testId="8ba31d1b-48e3-e04e-cff0-b927c63b4a19" executionId="4f116739-11f8-40a5-a39a-0e4aedb7a859" testListId="8c84fa94-04c1-424b-9868-57a2d4851a1d" />
    <TestEntry testId="0bc54975-0bff-692e-a9b3-fc69f2c95a39" executionId="54f4939c-02f7-4e82-b94f-5ba38b8bb1a8" testListId="8c84fa94-04c1-424b-9868-57a2d4851a1d" />
    <TestEntry testId="d16880d7-fb44-f209-43d9-ba2e0e1875de" executionId="5ad890c3-b453-4c50-bae5-fafd9fee48a9" testListId="8c84fa94-04c1-424b-9868-57a2d4851a1d" />
    <TestEntry testId="f754f777-4449-23e8-f4ec-917f49117de2" executionId="df0f9728-454d-43f4-a6ee-71b26dd90fbe" testListId="8c84fa94-04c1-424b-9868-57a2d4851a1d" />
    <TestEntry testId="aec60494-3c2e-8ec9-f948-da5bb2043983" executionId="1255f3fc-be79-46a0-ae92-93e3fa5fb167" testListId="8c84fa94-04c1-424b-9868-57a2d4851a1d" />
    <TestEntry testId="478b61ee-7d85-9dbe-985d-08c590f8666a" executionId="dd3e18d0-35ca-4637-ab57-cc3fade00b39" testListId="8c84fa94-04c1-424b-9868-57a2d4851a1d" />
    <TestEntry testId="113f48ce-a6a3-c5df-7589-ba5a5fcb9c59" executionId="c0ea95d6-2d74-4371-aad4-f0187baafef8" testListId="8c84fa94-04c1-424b-9868-57a2d4851a1d" />
    <TestEntry testId="bae3532a-4a9e-c4ab-fc66-4dfa22d16170" executionId="10b5ac34-c782-4936-a930-b843264b7eb2" testListId="8c84fa94-04c1-424b-9868-57a2d4851a1d" />
    <TestEntry testId="c5867bfe-f023-3ae4-485c-eae070f2ace9" executionId="5dfe54e9-9aff-4178-9535-605348d9b902" testListId="8c84fa94-04c1-424b-9868-57a2d4851a1d" />
    <TestEntry testId="44b00d3a-bad7-aefd-141c-4a35b11463b2" executionId="5e029234-c6d9-49f2-b26a-81a17b6e231c" testListId="8c84fa94-04c1-424b-9868-57a2d4851a1d" />
    <TestEntry testId="986d7e6e-d04d-b204-b01c-fbb8f09c7774" executionId="92adf1b1-d361-4805-add1-d19728a0ad63" testListId="8c84fa94-04c1-424b-9868-57a2d4851a1d" />
    <TestEntry testId="1017c6c1-9dd0-57dc-36e7-bb573d02562e" executionId="b96f1a5c-917b-4d44-b459-146f44ddcd4a" testListId="8c84fa94-04c1-424b-9868-57a2d4851a1d" />
    <TestEntry testId="19b6234c-c2df-2304-54f9-54b0da4cd6ba" executionId="776d4b6b-2fbe-41cf-9126-18d30b7ca742" testListId="8c84fa94-04c1-424b-9868-57a2d4851a1d" />
    <TestEntry testId="92b7b9f6-1294-7ea1-ffa3-91fba85074d4" executionId="ecaf244c-b8ea-4e26-9fee-281d771ef844" testListId="8c84fa94-04c1-424b-9868-57a2d4851a1d" />
    <TestEntry testId="ac2a99ba-3563-74a9-7d4c-8e91a58cd097" executionId="b67f6281-b235-466b-9f8b-f403abbfd635" testListId="8c84fa94-04c1-424b-9868-57a2d4851a1d" />
    <TestEntry testId="b76e01b1-6afe-f33b-c6a9-ea3347176509" executionId="aa26fe52-d552-46f2-b166-b1ed84eecfb4" testListId="8c84fa94-04c1-424b-9868-57a2d4851a1d" />
    <TestEntry testId="5f92ec4d-d570-0452-b891-d4cee75db9dd" executionId="8b2f981c-d996-4e78-aa87-0dd34686e9c2" testListId="8c84fa94-04c1-424b-9868-57a2d4851a1d" />
    <TestEntry testId="168fc980-36e3-101b-62b1-f5ab71e9fc0d" executionId="d658dacb-ce2f-43ac-98d6-85422067d31b" testListId="8c84fa94-04c1-424b-9868-57a2d4851a1d" />
  </TestEntries>
  <TestLists>
    <TestList name="Results Not in a List" id="8c84fa94-04c1-424b-9868-57a2d4851a1d" />
    <TestList name="All Loaded Results" id="19431567-8539-422a-85d7-44ee4e166bda" />
  </TestLists>
  <ResultSummary outcome="Completed">
    <Counters total="55" executed="55" passed="55" failed="0" error="0" timeout="0" aborted="0" inconclusive="0" passedButRunAborted="0" notRunnable="0" notExecuted="0" disconnected="0" warning="0" completed="0" inProgress="0" pending="0" />
    <Output>
      <StdOut>[xUnit.net 00:00:00.00] xUnit.net VSTest Adapter v2.4.3+1b45f5407b (32-bit Desktop .NET 4.0.30319.42000)&#xD;
[xUnit.net 00:00:01.05]   Discovering: UnitTests&#xD;
[xUnit.net 00:00:01.28]   Discovered:  UnitTests&#xD;
[xUnit.net 00:00:01.28]   Starting:    UnitTests&#xD;
[xUnit.net 00:00:07.75]   Finished:    UnitTests&#xD;
</StdOut>
    </Output>
  </ResultSummary>
</TestRun>