<?xml version="1.0" encoding="utf-8"?>
<TestRun id="b620e5b5-ce20-4bdc-80d9-ffa75e2fcdaa" name="runneradmin@fv-az171-662 2022-02-10 13:58:52" runUser="fv-az171-662\runneradmin" xmlns="http://microsoft.com/schemas/VisualStudio/TeamTest/2010">
  <Times creation="2022-02-10T13:58:53.0029719+00:00" queuing="2022-02-10T13:58:53.0029721+00:00" start="2022-02-10T13:58:50.8153793+00:00" finish="2022-02-10T13:58:59.1794309+00:00" />
  <TestSettings name="default" id="fee19931-bcd3-4dc1-b001-9a3d6aad96df">
    <Deployment runDeploymentRoot="runneradmin_fv-az171-662_2022-02-10_13_58_52" />
  </TestSettings>
  <Results>
    <UnitTestResult executionId="8729d4bf-7b53-48f4-9735-ae10915f755d" testId="1c164fbc-1ab1-9884-ccb8-9e84f4c977d0" testName="UnitTests.Services.ItemServiceTests.UpdateItem_NoName_Throws(name: &quot; &quot;)" computerName="fv-az171-662" duration="00:00:00.0010000" startTime="2022-02-10T13:58:54.0906172+00:00" endTime="2022-02-10T13:58:54.0906172+00:00" testType="13cdc9d9-ddb5-4fa4-a97d-d965ccfc6d4b" outcome="Passed" testListId="8c84fa94-04c1-424b-9868-57a2d4851a1d" relativeResultsDirectory="8729d4bf-7b53-48f4-9735-ae10915f755d" />
    <UnitTestResult executionId="12d0dbeb-90fa-4dd9-8ec0-6f3b7063e8c3" testId="24cfa8b0-48c3-8aab-e4c2-88694c220e2c" testName="UnitTests.Data.Repositories.GenericRepositoryTests.GenericRepositoryUpdate_ThrowsWithNullEntity" computerName="fv-az171-662" duration="00:00:00.0010000" startTime="2022-02-10T13:58:58.9103727+00:00" endTime="2022-02-10T13:58:58.9103727+00:00" testType="13cdc9d9-ddb5-4fa4-a97d-d965ccfc6d4b" outcome="Passed" testListId="8c84fa94-04c1-424b-9868-57a2d4851a1d" relativeResultsDirectory="12d0dbeb-90fa-4dd9-8ec0-6f3b7063e8c3" />
    <UnitTestResult executionId="fee26dcf-c58f-4c0f-9814-705eb12526d4" testId="e4f8faa7-d0ad-86e6-1579-7bd52372b4c3" testName="UnitTests.Data.Repositories.GenericRepositoryTests.GenericRepositoryConstructs" computerName="fv-az171-662" duration="00:00:00.0010000" startTime="2022-02-10T13:58:57.0262491+00:00" endTime="2022-02-10T13:58:57.0262491+00:00" testType="13cdc9d9-ddb5-4fa4-a97d-d965ccfc6d4b" outcome="Passed" testListId="8c84fa94-04c1-424b-9868-57a2d4851a1d" relativeResultsDirectory="fee26dcf-c58f-4c0f-9814-705eb12526d4" />
    <UnitTestResult executionId="9397dce3-801d-49b8-be26-405a9ef873c4" testId="d1c63cb7-1f9a-a8bf-a217-a4cbb4e5f73b" testName="UnitTests.Common.GlobalsTests.ModulePrefixIsValid" computerName="fv-az171-662" duration="00:00:00.0010000" startTime="2022-02-10T13:58:53.5321233+00:00" endTime="2022-02-10T13:58:53.5321233+00:00" testType="13cdc9d9-ddb5-4fa4-a97d-d965ccfc6d4b" outcome="Passed" testListId="8c84fa94-04c1-424b-9868-57a2d4851a1d" relativeResultsDirectory="9397dce3-801d-49b8-be26-405a9ef873c4" />
    <UnitTestResult executionId="5c40e8d5-81f2-429c-a923-6fcb32625d79" testId="d16880d7-fb44-f209-43d9-ba2e0e1875de" testName="UnitTests.Data.Repositories.GenericRepositoryTests.GenericRepositoryGetsAll(iterations: 1)" computerName="fv-az171-662" duration="00:00:00.0240000" startTime="2022-02-10T13:58:57.0142484+00:00" endTime="2022-02-10T13:58:57.0142484+00:00" testType="13cdc9d9-ddb5-4fa4-a97d-d965ccfc6d4b" outcome="Passed" testListId="8c84fa94-04c1-424b-9868-57a2d4851a1d" relativeResultsDirectory="5c40e8d5-81f2-429c-a923-6fcb32625d79" />
    <UnitTestResult executionId="86e3f1c2-5e4d-4ef9-a88c-5803eb1b611d" testId="320e3c11-11d1-b3ef-0d2e-5e474f674ff1" testName="UnitTests.Controllers.ModuleApiControllerTests.CanEdit_DefaultsToFalse" computerName="fv-az171-662" duration="00:00:00.0030000" startTime="2022-02-10T13:58:53.8766124+00:00" endTime="2022-02-10T13:58:53.8766124+00:00" testType="13cdc9d9-ddb5-4fa4-a97d-d965ccfc6d4b" outcome="Passed" testListId="8c84fa94-04c1-424b-9868-57a2d4851a1d" relativeResultsDirectory="86e3f1c2-5e4d-4ef9-a88c-5803eb1b611d" />
    <UnitTestResult executionId="d614cef2-7955-49aa-8d2e-2e0aa0bee86b" testId="e6610648-e456-1c64-d2b1-7e1242b871a8" testName="UnitTests.Services.ItemServiceTests.DeleteItem_Deletes" computerName="fv-az171-662" duration="00:00:00.0020000" startTime="2022-02-10T13:58:54.1096427+00:00" endTime="2022-02-10T13:58:54.1096427+00:00" testType="13cdc9d9-ddb5-4fa4-a97d-d965ccfc6d4b" outcome="Passed" testListId="8c84fa94-04c1-424b-9868-57a2d4851a1d" relativeResultsDirectory="d614cef2-7955-49aa-8d2e-2e0aa0bee86b" />
    <UnitTestResult executionId="b10d776c-e17a-439d-ab55-c9e1e3795ec7" testId="9168bdef-a759-f4d6-b890-b643e17324cf" testName="UnitTests.Services.LoggingServiceTests.LogginService_TestableConstructorLogsErrorWithException" computerName="fv-az171-662" duration="00:00:00.0030000" startTime="2022-02-10T13:58:54.0796205+00:00" endTime="2022-02-10T13:58:54.0796205+00:00" testType="13cdc9d9-ddb5-4fa4-a97d-d965ccfc6d4b" outcome="Passed" testListId="8c84fa94-04c1-424b-9868-57a2d4851a1d" relativeResultsDirectory="b10d776c-e17a-439d-ab55-c9e1e3795ec7" />
    <UnitTestResult executionId="27544025-c853-4577-b604-96f282cfea7a" testId="d15ea2a7-9f9f-b92b-50fa-470898da705d" testName="UnitTests.Data.Repositories.GenericRepositoryTests.GenericRepositoryGetsAll(iterations: 3)" computerName="fv-az171-662" duration="00:00:00.0100000" startTime="2022-02-10T13:58:56.9902464+00:00" endTime="2022-02-10T13:58:56.9902464+00:00" testType="13cdc9d9-ddb5-4fa4-a97d-d965ccfc6d4b" outcome="Passed" testListId="8c84fa94-04c1-424b-9868-57a2d4851a1d" relativeResultsDirectory="27544025-c853-4577-b604-96f282cfea7a" />
    <UnitTestResult executionId="18802bdb-e6e5-4a90-bdd0-3b9337555a72" testId="572fc310-4b67-9555-f147-153d39f2eb82" testName="UnitTests.Data.Entities.ItemTests.ItemConstructsProperly" computerName="fv-az171-662" duration="00:00:00.0010000" startTime="2022-02-10T13:58:52.8763427+00:00" endTime="2022-02-10T13:58:52.8763427+00:00" testType="13cdc9d9-ddb5-4fa4-a97d-d965ccfc6d4b" outcome="Passed" testListId="8c84fa94-04c1-424b-9868-57a2d4851a1d" relativeResultsDirectory="18802bdb-e6e5-4a90-bdd0-3b9337555a72" />
    <UnitTestResult executionId="c70c758e-99f9-4861-98d7-a42311613265" testId="248341cb-553e-e275-a8eb-499567f40929" testName="UnitTests.Common.Extensions.IQueryableExtensionsTests.Order_OrdersBothWays(descending: False, expected: [1, 2, 3])" computerName="fv-az171-662" duration="00:00:00.0020000" startTime="2022-02-10T13:58:53.9976158+00:00" endTime="2022-02-10T13:58:53.9976158+00:00" testType="13cdc9d9-ddb5-4fa4-a97d-d965ccfc6d4b" outcome="Passed" testListId="8c84fa94-04c1-424b-9868-57a2d4851a1d" relativeResultsDirectory="c70c758e-99f9-4861-98d7-a42311613265" />
    <UnitTestResult executionId="3a4215d5-54c2-4cf0-a2b2-3465d7dd4952" testId="96a18501-dea4-70b1-d572-baa1bb120da2" testName="UnitTests.Data.Entities.ItemTests.ItemPropertiesPersist(id: 2, name: &quot;Name2&quot;, description: &quot;Description2&quot;)" computerName="fv-az171-662" duration="00:00:00.0010000" startTime="2022-02-10T13:58:52.8743424+00:00" endTime="2022-02-10T13:58:52.8743424+00:00" testType="13cdc9d9-ddb5-4fa4-a97d-d965ccfc6d4b" outcome="Passed" testListId="8c84fa94-04c1-424b-9868-57a2d4851a1d" relativeResultsDirectory="3a4215d5-54c2-4cf0-a2b2-3465d7dd4952" />
    <UnitTestResult executionId="c35e0d53-6b2f-4f2c-8930-5bb0777b15f1" testId="74c28fcf-aa9b-2bab-0ff6-cfa98a0ddf49" testName="UnitTests.Data.Repositories.GenericRepositoryTests.GetPage_Pages(page: 3, pageSize: 20, expectedItems: 10, expectedPages: 3)" computerName="fv-az171-662" duration="00:00:00.0370000" startTime="2022-02-10T13:58:57.1510140+00:00" endTime="2022-02-10T13:58:57.1510140+00:00" testType="13cdc9d9-ddb5-4fa4-a97d-d965ccfc6d4b" outcome="Passed" testListId="8c84fa94-04c1-424b-9868-57a2d4851a1d" relativeResultsDirectory="c35e0d53-6b2f-4f2c-8930-5bb0777b15f1" />
    <UnitTestResult executionId="c1f63aa7-2ffb-4f6b-ba7e-b99b675d5d51" testId="ad3412e8-5f64-2020-a5b6-bd4cca8c3b7d" testName="UnitTests.Data.Repositories.GenericRepositoryTests.GenericRepositoryGet" computerName="fv-az171-662" duration="00:00:00.1030000" startTime="2022-02-10T13:58:56.8802399+00:00" endTime="2022-02-10T13:58:56.8802399+00:00" testType="13cdc9d9-ddb5-4fa4-a97d-d965ccfc6d4b" outcome="Passed" testListId="8c84fa94-04c1-424b-9868-57a2d4851a1d" relativeResultsDirectory="c1f63aa7-2ffb-4f6b-ba7e-b99b675d5d51" />
    <UnitTestResult executionId="a0298a61-5ae1-4149-95b9-4fb7227a59f9" testId="e6e0a140-85e7-6935-6160-ab95ecfd3c8a" testName="UnitTests.Data.Repositories.GenericRepositoryTests.GenericRepositoryCreatesAndGetsById" computerName="fv-az171-662" duration="00:00:00.1290000" startTime="2022-02-10T13:58:59.0453816+00:00" endTime="2022-02-10T13:58:59.0453816+00:00" testType="13cdc9d9-ddb5-4fa4-a97d-d965ccfc6d4b" outcome="Passed" testListId="8c84fa94-04c1-424b-9868-57a2d4851a1d" relativeResultsDirectory="a0298a61-5ae1-4149-95b9-4fb7227a59f9" />
    <UnitTestResult executionId="063e7e4c-eb8e-430b-806b-1a275812c004" testId="ac1c50bc-98fd-036f-fe0f-d46cb187f90e" testName="UnitTests.Services.LoggingServiceTests.LogginService_TestableConstructorLogsError" computerName="fv-az171-662" duration="00:00:00.0360000" startTime="2022-02-10T13:58:54.0786178+00:00" endTime="2022-02-10T13:58:54.0786178+00:00" testType="13cdc9d9-ddb5-4fa4-a97d-d965ccfc6d4b" outcome="Passed" testListId="8c84fa94-04c1-424b-9868-57a2d4851a1d" relativeResultsDirectory="063e7e4c-eb8e-430b-806b-1a275812c004" />
    <UnitTestResult executionId="4a60512d-b74d-4f40-881c-9608a8cedc9a" testId="113f48ce-a6a3-c5df-7589-ba5a5fcb9c59" testName="UnitTests.Controllers.ModuleExceptionFilterAttributeTests.NoException_DoesNothing" computerName="fv-az171-662" duration="00:00:00.0040000" startTime="2022-02-10T13:58:53.8816120+00:00" endTime="2022-02-10T13:58:53.8816120+00:00" testType="13cdc9d9-ddb5-4fa4-a97d-d965ccfc6d4b" outcome="Passed" testListId="8c84fa94-04c1-424b-9868-57a2d4851a1d" relativeResultsDirectory="4a60512d-b74d-4f40-881c-9608a8cedc9a" />
    <UnitTestResult executionId="050fb184-8503-41b0-afe6-d224c86f10dc" testId="e1c7f76f-6195-c844-23c0-304b47fbae66" testName="UnitTests.Data.Repositories.GenericRepositoryTests.Repository_Create_UsesUserId" computerName="fv-az171-662" duration="00:00:00.0080000" startTime="2022-02-10T13:58:56.7772347+00:00" endTime="2022-02-10T13:58:56.7772347+00:00" testType="13cdc9d9-ddb5-4fa4-a97d-d965ccfc6d4b" outcome="Passed" testListId="8c84fa94-04c1-424b-9868-57a2d4851a1d" relativeResultsDirectory="050fb184-8503-41b0-afe6-d224c86f10dc" />
    <UnitTestResult executionId="317c4aeb-feda-42f7-999c-b702eb5c8b81" testId="b76e01b1-6afe-f33b-c6a9-ea3347176509" testName="UnitTests.Services.ItemServiceTests.UpdateItem_NoName_Throws(name: null)" computerName="fv-az171-662" duration="00:00:00.0010000" startTime="2022-02-10T13:58:54.0856178+00:00" endTime="2022-02-10T13:58:54.0856178+00:00" testType="13cdc9d9-ddb5-4fa4-a97d-d965ccfc6d4b" outcome="Passed" testListId="8c84fa94-04c1-424b-9868-57a2d4851a1d" relativeResultsDirectory="317c4aeb-feda-42f7-999c-b702eb5c8b81" />
    <UnitTestResult executionId="32c11cef-1aec-4ba6-bfbd-92799a2d2dd8" testId="588a2c1b-7788-beb2-ade0-06788d455d25" testName="UnitTests.Controllers.ItemControllerTests.CreateItem_Creates" computerName="fv-az171-662" duration="00:00:00.0910000" startTime="2022-02-10T13:58:53.1381115+00:00" endTime="2022-02-10T13:58:53.1381115+00:00" testType="13cdc9d9-ddb5-4fa4-a97d-d965ccfc6d4b" outcome="Passed" testListId="8c84fa94-04c1-424b-9868-57a2d4851a1d" relativeResultsDirectory="32c11cef-1aec-4ba6-bfbd-92799a2d2dd8" />
    <UnitTestResult executionId="660e3300-682a-434a-9c06-8323d9945fcf" testId="44b00d3a-bad7-aefd-141c-4a35b11463b2" testName="UnitTests.Data.Repositories.GenericRepositoryTests.Repository_Update_DefaultAudit" computerName="fv-az171-662" duration="00:00:00.0100000" startTime="2022-02-10T13:58:58.9083977+00:00" endTime="2022-02-10T13:58:58.9083977+00:00" testType="13cdc9d9-ddb5-4fa4-a97d-d965ccfc6d4b" outcome="Passed" testListId="8c84fa94-04c1-424b-9868-57a2d4851a1d" relativeResultsDirectory="660e3300-682a-434a-9c06-8323d9945fcf" />
    <UnitTestResult executionId="93d69bcf-abd8-4a2a-827f-60325c4411d8" testId="392ed628-2028-c945-b97e-893658a1e82b" testName="UnitTests.Data.Entities.ItemTests.ItemPropertiesPersist(id: 1, name: &quot;Name1&quot;, description: &quot;Description1&quot;)" computerName="fv-az171-662" duration="00:00:00.0210000" startTime="2022-02-10T13:58:52.8653413+00:00" endTime="2022-02-10T13:58:52.8653413+00:00" testType="13cdc9d9-ddb5-4fa4-a97d-d965ccfc6d4b" outcome="Passed" testListId="8c84fa94-04c1-424b-9868-57a2d4851a1d" relativeResultsDirectory="93d69bcf-abd8-4a2a-827f-60325c4411d8" />
    <UnitTestResult executionId="1ca06e13-ae47-4b5b-b333-9a8c7b65de7a" testId="0ebf358f-9eac-9438-b418-9c6aa81a6377" testName="UnitTests.Data.Repositories.GenericRepositoryTests.Repository_Update_UsesuserId" computerName="fv-az171-662" duration="00:00:00.0370000" startTime="2022-02-10T13:58:56.9182427+00:00" endTime="2022-02-10T13:58:56.9182427+00:00" testType="13cdc9d9-ddb5-4fa4-a97d-d965ccfc6d4b" outcome="Passed" testListId="8c84fa94-04c1-424b-9868-57a2d4851a1d" relativeResultsDirectory="1ca06e13-ae47-4b5b-b333-9a8c7b65de7a" />
    <UnitTestResult executionId="5b0e4fd3-171f-4b55-91f6-81f0df85b59f" testId="d6094ca1-b65b-5133-f464-9f7d01f0d023" testName="UnitTests.Controllers.ItemControllerTests.DeleteItem_Deletes(itemId: 10)" computerName="fv-az171-662" duration="00:00:00.0040000" startTime="2022-02-10T13:58:53.1991134+00:00" endTime="2022-02-10T13:58:53.1991134+00:00" testType="13cdc9d9-ddb5-4fa4-a97d-d965ccfc6d4b" outcome="Passed" testListId="8c84fa94-04c1-424b-9868-57a2d4851a1d" relativeResultsDirectory="5b0e4fd3-171f-4b55-91f6-81f0df85b59f" />
    <UnitTestResult executionId="c457b3db-3da1-423b-9738-a3b3153a111f" testId="19b6234c-c2df-2304-54f9-54b0da4cd6ba" testName="UnitTests.Services.ItemServiceTests.CreateItem_NoNameThrows" computerName="fv-az171-662" duration="00:00:00.0020000" startTime="2022-02-10T13:58:54.0836176+00:00" endTime="2022-02-10T13:58:54.0836176+00:00" testType="13cdc9d9-ddb5-4fa4-a97d-d965ccfc6d4b" outcome="Passed" testListId="8c84fa94-04c1-424b-9868-57a2d4851a1d" relativeResultsDirectory="c457b3db-3da1-423b-9738-a3b3153a111f" />
    <UnitTestResult executionId="8b2a8b39-dac7-4192-b04d-c9328c0645b8" testId="bae3532a-4a9e-c4ab-fc66-4dfa22d16170" testName="UnitTests.Controllers.ModuleApiControllerTests.HasUserInfo" computerName="fv-az171-662" duration="00:00:00.3420000" startTime="2022-02-10T13:58:53.8746116+00:00" endTime="2022-02-10T13:58:53.8746116+00:00" testType="13cdc9d9-ddb5-4fa4-a97d-d965ccfc6d4b" outcome="Passed" testListId="8c84fa94-04c1-424b-9868-57a2d4851a1d" relativeResultsDirectory="8b2a8b39-dac7-4192-b04d-c9328c0645b8" />
    <UnitTestResult executionId="310a2c57-9540-474a-8165-92036471765c" testId="92b7b9f6-1294-7ea1-ffa3-91fba85074d4" testName="UnitTests.Services.ItemServiceTests.UpdateItem_NoName_Throws(name: &quot;  &quot;)" computerName="fv-az171-662" duration="00:00:00.0010000" startTime="2022-02-10T13:58:54.0916180+00:00" endTime="2022-02-10T13:58:54.0916180+00:00" testType="13cdc9d9-ddb5-4fa4-a97d-d965ccfc6d4b" outcome="Passed" testListId="8c84fa94-04c1-424b-9868-57a2d4851a1d" relativeResultsDirectory="310a2c57-9540-474a-8165-92036471765c" />
    <UnitTestResult executionId="59752eb8-1047-4369-aa6a-23b94c774b4f" testId="3cbfa5d3-e0f6-eff8-ed5c-556fa1f3e131" testName="UnitTests.Services.ItemServiceTests.UpdateItem_NoName_Throws(name: &quot;&quot;)" computerName="fv-az171-662" duration="00:00:00.0010000" startTime="2022-02-10T13:58:54.1026689+00:00" endTime="2022-02-10T13:58:54.1026689+00:00" testType="13cdc9d9-ddb5-4fa4-a97d-d965ccfc6d4b" outcome="Passed" testListId="8c84fa94-04c1-424b-9868-57a2d4851a1d" relativeResultsDirectory="59752eb8-1047-4369-aa6a-23b94c774b4f" />
    <UnitTestResult executionId="439fc3b8-05af-4ba6-a77d-2e0fd30e839a" testId="d6cab32e-cf28-1ba8-73a6-76c46cb62c4a" testName="UnitTests.Data.Repositories.GenericRepositoryTests.Pages_With_Related_Entities" computerName="fv-az171-662" duration="00:00:01.7190000" startTime="2022-02-10T13:58:58.8993746+00:00" endTime="2022-02-10T13:58:58.8993746+00:00" testType="13cdc9d9-ddb5-4fa4-a97d-d965ccfc6d4b" outcome="Passed" testListId="8c84fa94-04c1-424b-9868-57a2d4851a1d" relativeResultsDirectory="439fc3b8-05af-4ba6-a77d-2e0fd30e839a" />
    <UnitTestResult executionId="c7bb8dc3-636c-49af-a237-7aa6594f8bd3" testId="478b61ee-7d85-9dbe-985d-08c590f8666a" testName="UnitTests.Controllers.ItemControllerTests.DeleteItem_Deletes(itemId: 1)" computerName="fv-az171-662" duration="00:00:00.0100000" startTime="2022-02-10T13:58:53.2041149+00:00" endTime="2022-02-10T13:58:53.2041149+00:00" testType="13cdc9d9-ddb5-4fa4-a97d-d965ccfc6d4b" outcome="Passed" testListId="8c84fa94-04c1-424b-9868-57a2d4851a1d" relativeResultsDirectory="c7bb8dc3-636c-49af-a237-7aa6594f8bd3" />
    <UnitTestResult executionId="636612ce-3bc3-480b-ad6e-7f29fdafb938" testId="f5652070-1b22-f5a7-3f3f-68b37c9184a8" testName="UnitTests.Services.ItemServiceTests.CreateItem_NoItemThrows" computerName="fv-az171-662" duration="00:00:00.0010000" startTime="2022-02-10T13:58:54.1086433+00:00" endTime="2022-02-10T13:58:54.1086433+00:00" testType="13cdc9d9-ddb5-4fa4-a97d-d965ccfc6d4b" outcome="Passed" testListId="8c84fa94-04c1-424b-9868-57a2d4851a1d" relativeResultsDirectory="636612ce-3bc3-480b-ad6e-7f29fdafb938" />
    <UnitTestResult executionId="b8e5bfc0-8581-4a17-bccf-ac87c69b5944" testId="0bc54975-0bff-692e-a9b3-fc69f2c95a39" testName="UnitTests.Data.Repositories.GenericRepositoryTests.GenericRepositoryDeletes" computerName="fv-az171-662" duration="00:00:02.8210000" startTime="2022-02-10T13:58:56.7692342+00:00" endTime="2022-02-10T13:58:56.7692342+00:00" testType="13cdc9d9-ddb5-4fa4-a97d-d965ccfc6d4b" outcome="Passed" testListId="8c84fa94-04c1-424b-9868-57a2d4851a1d" relativeResultsDirectory="b8e5bfc0-8581-4a17-bccf-ac87c69b5944" />
    <UnitTestResult executionId="2f18a01e-1c99-42b7-9d19-f06eed9cedf3" testId="0247c7e7-7d1c-099b-2ac8-81a47ff2509a" testName="UnitTests.Controllers.ItemControllerTests.UserCanEdit_ReturnsBool(canEdit: False)" computerName="fv-az171-662" duration="00:00:00.2140000" startTime="2022-02-10T13:58:53.0431088+00:00" endTime="2022-02-10T13:58:53.0431088+00:00" testType="13cdc9d9-ddb5-4fa4-a97d-d965ccfc6d4b" outcome="Passed" testListId="8c84fa94-04c1-424b-9868-57a2d4851a1d" relativeResultsDirectory="2f18a01e-1c99-42b7-9d19-f06eed9cedf3" />
    <UnitTestResult executionId="79f9589a-05bd-43fc-8f29-c4ea903f930d" testId="aec60494-3c2e-8ec9-f948-da5bb2043983" testName="UnitTests.Controllers.ItemControllerTests.UserCanEdit_ReturnsBool(canEdit: True)" computerName="fv-az171-662" duration="00:00:00.0010000" startTime="2022-02-10T13:58:53.0451080+00:00" endTime="2022-02-10T13:58:53.0451080+00:00" testType="13cdc9d9-ddb5-4fa4-a97d-d965ccfc6d4b" outcome="Passed" testListId="8c84fa94-04c1-424b-9868-57a2d4851a1d" relativeResultsDirectory="79f9589a-05bd-43fc-8f29-c4ea903f930d" />
    <UnitTestResult executionId="f7c484c6-49bb-4d33-ae01-932fa2b4374e" testId="99806ad3-88f0-7495-8b3e-3799a4bbb6aa" testName="UnitTests.Services.ItemServiceTests.GetItemsPage_GetsPages(descending: False)" computerName="fv-az171-662" duration="00:00:00.0080000" startTime="2022-02-10T13:58:54.1046450+00:00" endTime="2022-02-10T13:58:54.1046450+00:00" testType="13cdc9d9-ddb5-4fa4-a97d-d965ccfc6d4b" outcome="Passed" testListId="8c84fa94-04c1-424b-9868-57a2d4851a1d" relativeResultsDirectory="f7c484c6-49bb-4d33-ae01-932fa2b4374e" />
    <UnitTestResult executionId="47d7ef69-5ae2-4ac4-acc0-f0e362df1bc4" testId="1017c6c1-9dd0-57dc-36e7-bb573d02562e" testName="UnitTests.Controllers.ItemControllerTests.GetItemsPage_GetsProperPages" computerName="fv-az171-662" duration="00:00:00.0090000" startTime="2022-02-10T13:58:53.1931382+00:00" endTime="2022-02-10T13:58:53.1931382+00:00" testType="13cdc9d9-ddb5-4fa4-a97d-d965ccfc6d4b" outcome="Passed" testListId="8c84fa94-04c1-424b-9868-57a2d4851a1d" relativeResultsDirectory="47d7ef69-5ae2-4ac4-acc0-f0e362df1bc4" />
    <UnitTestResult executionId="97943032-65e4-49b4-bcaf-ef180383cab4" testId="ac2a99ba-3563-74a9-7d4c-8e91a58cd097" testName="UnitTests.Data.ModuleDbContextTests.DefaultConstructorThrows" computerName="fv-az171-662" duration="00:00:00.4060000" startTime="2022-02-10T13:58:53.5301234+00:00" endTime="2022-02-10T13:58:53.5301234+00:00" testType="13cdc9d9-ddb5-4fa4-a97d-d965ccfc6d4b" outcome="Passed" testListId="8c84fa94-04c1-424b-9868-57a2d4851a1d" relativeResultsDirectory="97943032-65e4-49b4-bcaf-ef180383cab4" />
    <UnitTestResult executionId="11462609-0389-4e87-9f7b-24467c59f28f" testId="263c08b1-704a-f3c2-309e-6dee831dbdc9" testName="UnitTests.Services.ItemServiceTests.UpdateItem_NullDto_Throws" computerName="fv-az171-662" duration="00:00:00.0200000" startTime="2022-02-10T13:58:54.0826178+00:00" endTime="2022-02-10T13:58:54.0826178+00:00" testType="13cdc9d9-ddb5-4fa4-a97d-d965ccfc6d4b" outcome="Passed" testListId="8c84fa94-04c1-424b-9868-57a2d4851a1d" relativeResultsDirectory="11462609-0389-4e87-9f7b-24467c59f28f" />
    <UnitTestResult executionId="699cd375-684b-44d9-98b8-c7bf6b3b2e0b" testId="ae39aa62-5ff2-56e7-d00e-ef116d711d51" testName="UnitTests.Data.Repositories.GenericRepositoryTests.Repository_Create_DefaultAudit" computerName="fv-az171-662" duration="00:00:00.0070000" startTime="2022-02-10T13:58:58.9163750+00:00" endTime="2022-02-10T13:58:58.9163750+00:00" testType="13cdc9d9-ddb5-4fa4-a97d-d965ccfc6d4b" outcome="Passed" testListId="8c84fa94-04c1-424b-9868-57a2d4851a1d" relativeResultsDirectory="699cd375-684b-44d9-98b8-c7bf6b3b2e0b" />
    <UnitTestResult executionId="eef10353-0837-4807-94ea-21b6065ba594" testId="c5867bfe-f023-3ae4-485c-eae070f2ace9" testName="UnitTests.Data.Repositories.GenericRepositoryTests.GetPage_Pages(page: 1, pageSize: 10, expectedItems: 10, expectedPages: 5)" computerName="fv-az171-662" duration="00:00:00.0290000" startTime="2022-02-10T13:58:57.1790147+00:00" endTime="2022-02-10T13:58:57.1790147+00:00" testType="13cdc9d9-ddb5-4fa4-a97d-d965ccfc6d4b" outcome="Passed" testListId="8c84fa94-04c1-424b-9868-57a2d4851a1d" relativeResultsDirectory="eef10353-0837-4807-94ea-21b6065ba594" />
    <UnitTestResult executionId="417b3a77-f48d-4fc2-99e0-b47623b258f3" testId="b6579d24-7c4e-c42d-2ead-85e0f30e0a64" testName="UnitTests.Common.Extensions.IQueryableExtensionsTests.Order_OrdersBothWays(descending: True, expected: [3, 2, 1])" computerName="fv-az171-662" duration="00:00:00.0630000" startTime="2022-02-10T13:58:53.9446176+00:00" endTime="2022-02-10T13:58:53.9446176+00:00" testType="13cdc9d9-ddb5-4fa4-a97d-d965ccfc6d4b" outcome="Passed" testListId="8c84fa94-04c1-424b-9868-57a2d4851a1d" relativeResultsDirectory="417b3a77-f48d-4fc2-99e0-b47623b258f3" />
    <UnitTestResult executionId="97494756-b352-4153-a319-142741075efa" testId="f754f777-4449-23e8-f4ec-917f49117de2" testName="UnitTests.Data.Repositories.GenericRepositoryTests.Repository_DeleteMissing_DoesNotThrow" computerName="fv-az171-662" duration="00:00:00.0100000" startTime="2022-02-10T13:58:57.0242487+00:00" endTime="2022-02-10T13:58:57.0242487+00:00" testType="13cdc9d9-ddb5-4fa4-a97d-d965ccfc6d4b" outcome="Passed" testListId="8c84fa94-04c1-424b-9868-57a2d4851a1d" relativeResultsDirectory="97494756-b352-4153-a319-142741075efa" />
    <UnitTestResult executionId="61b6edb8-a244-4d14-9463-bf8e8267aa5b" testId="36689490-09d4-917f-648a-70dcfcfede10" testName="UnitTests.Data.Repositories.GenericRepositoryTests.GenericRepositoryCreate_ThrowsWithNullEntity" computerName="fv-az171-662" duration="00:00:00.0010000" startTime="2022-02-10T13:58:56.8932406+00:00" endTime="2022-02-10T13:58:56.8932406+00:00" testType="13cdc9d9-ddb5-4fa4-a97d-d965ccfc6d4b" outcome="Passed" testListId="8c84fa94-04c1-424b-9868-57a2d4851a1d" relativeResultsDirectory="61b6edb8-a244-4d14-9463-bf8e8267aa5b" />
    <UnitTestResult executionId="799e2212-288c-4f23-a7de-26cb65c6b18a" testId="130d9133-361f-a0da-f15e-423eb98947ac" testName="UnitTests.Services.ItemServiceTests.UpdateItem_Updates" computerName="fv-az171-662" duration="00:00:00.0350000" startTime="2022-02-10T13:58:54.1066435+00:00" endTime="2022-02-10T13:58:54.1066435+00:00" testType="13cdc9d9-ddb5-4fa4-a97d-d965ccfc6d4b" outcome="Passed" testListId="8c84fa94-04c1-424b-9868-57a2d4851a1d" relativeResultsDirectory="799e2212-288c-4f23-a7de-26cb65c6b18a" />
    <UnitTestResult executionId="1c1f6676-3b1a-4d5f-8d98-a6cbdbb2e1e0" testId="ffe5c770-9b99-42c0-ce21-7e50cccf4385" testName="UnitTests.Data.Repositories.GenericRepositoryTests.GenericRepositoryGetsAll(iterations: 2)" computerName="fv-az171-662" duration="00:00:00.0100000" startTime="2022-02-10T13:58:56.9732458+00:00" endTime="2022-02-10T13:58:56.9732458+00:00" testType="13cdc9d9-ddb5-4fa4-a97d-d965ccfc6d4b" outcome="Passed" testListId="8c84fa94-04c1-424b-9868-57a2d4851a1d" relativeResultsDirectory="1c1f6676-3b1a-4d5f-8d98-a6cbdbb2e1e0" />
    <UnitTestResult executionId="bdf554c7-392f-4008-9cfa-7cc57a42cb9a" testId="4fe0dd0f-2fa0-9c42-e816-a6df28150b72" testName="UnitTests.Data.Repositories.GenericRepositoryTests.GenericRepositoryGetsAll(iterations: 0)" computerName="fv-az171-662" duration="00:00:00.0070000" startTime="2022-02-10T13:58:56.9802461+00:00" endTime="2022-02-10T13:58:56.9812462+00:00" testType="13cdc9d9-ddb5-4fa4-a97d-d965ccfc6d4b" outcome="Passed" testListId="8c84fa94-04c1-424b-9868-57a2d4851a1d" relativeResultsDirectory="bdf554c7-392f-4008-9cfa-7cc57a42cb9a" />
    <UnitTestResult executionId="a8697e00-fa8d-4b84-ba0d-519c20d17cd5" testId="8ba31d1b-48e3-e04e-cff0-b927c63b4a19" testName="UnitTests.Services.LoggingServiceTests.LoggingService_DefaultConstructorExists" computerName="fv-az171-662" duration="00:00:00.7540000" startTime="2022-02-10T13:58:53.9996155+00:00" endTime="2022-02-10T13:58:53.9996155+00:00" testType="13cdc9d9-ddb5-4fa4-a97d-d965ccfc6d4b" outcome="Passed" testListId="8c84fa94-04c1-424b-9868-57a2d4851a1d" relativeResultsDirectory="a8697e00-fa8d-4b84-ba0d-519c20d17cd5" />
    <UnitTestResult executionId="757fa0f5-78ab-4b99-b764-3da445ec4993" testId="a9198ad3-782e-a37c-0b5f-1330f5318f55" testName="UnitTests.Services.ItemServiceTests.CreateItem_Creates" computerName="fv-az171-662" duration="00:00:00.0350000" startTime="2022-02-10T13:58:54.1126444+00:00" endTime="2022-02-10T13:58:54.1126444+00:00" testType="13cdc9d9-ddb5-4fa4-a97d-d965ccfc6d4b" outcome="Passed" testListId="8c84fa94-04c1-424b-9868-57a2d4851a1d" relativeResultsDirectory="757fa0f5-78ab-4b99-b764-3da445ec4993" />
    <UnitTestResult executionId="e3dbfc15-f849-4649-a8cc-94407246415c" testId="5f92ec4d-d570-0452-b891-d4cee75db9dd" testName="UnitTests.Controllers.ModuleApiControllerTests.CanEdit_Set_Throws" computerName="fv-az171-662" duration="00:00:00.0010000" startTime="2022-02-10T13:58:53.5351223+00:00" endTime="2022-02-10T13:58:53.5351223+00:00" testType="13cdc9d9-ddb5-4fa4-a97d-d965ccfc6d4b" outcome="Passed" testListId="8c84fa94-04c1-424b-9868-57a2d4851a1d" relativeResultsDirectory="e3dbfc15-f849-4649-a8cc-94407246415c" />
    <UnitTestResult executionId="8945239c-93e6-4d83-8c6d-6e23afc69718" testId="315adde5-f36d-a74f-aa46-fb22a0f78cd9" testName="UnitTests.Controllers.ItemControllerTests.UpdateItem_Updates" computerName="fv-az171-662" duration="00:00:00.0300000" startTime="2022-02-10T13:58:53.1971139+00:00" endTime="2022-02-10T13:58:53.1971139+00:00" testType="13cdc9d9-ddb5-4fa4-a97d-d965ccfc6d4b" outcome="Passed" testListId="8c84fa94-04c1-424b-9868-57a2d4851a1d" relativeResultsDirectory="8945239c-93e6-4d83-8c6d-6e23afc69718" />
    <UnitTestResult executionId="8d89ce6d-05d4-49fa-aabf-d02e671f4a11" testId="3688eeeb-2a1a-6ffa-a193-543baf24437a" testName="UnitTests.Data.Repositories.GenericRepositoryTests.GetPage_Pages(page: 0, pageSize: 0, expectedItems: 1, expectedPages: 50)" computerName="fv-az171-662" duration="00:00:00.0890000" startTime="2022-02-10T13:58:57.1140123+00:00" endTime="2022-02-10T13:58:57.1140123+00:00" testType="13cdc9d9-ddb5-4fa4-a97d-d965ccfc6d4b" outcome="Passed" testListId="8c84fa94-04c1-424b-9868-57a2d4851a1d" relativeResultsDirectory="8d89ce6d-05d4-49fa-aabf-d02e671f4a11" />
    <UnitTestResult executionId="b258bc8c-2420-42ea-88f4-be27e50f9950" testId="e55f1742-c16d-5086-2251-ad3372dd48f5" testName="UnitTests.Controllers.ValidateModelAttributeTests.OnActionExecuting_Valid_Works" computerName="fv-az171-662" duration="00:00:00.0670000" startTime="2022-02-10T13:58:52.9393449+00:00" endTime="2022-02-10T13:58:52.9393449+00:00" testType="13cdc9d9-ddb5-4fa4-a97d-d965ccfc6d4b" outcome="Passed" testListId="8c84fa94-04c1-424b-9868-57a2d4851a1d" relativeResultsDirectory="b258bc8c-2420-42ea-88f4-be27e50f9950" />
    <UnitTestResult executionId="0b1eb7b9-31f1-404c-900d-fd9768ef0c4f" testId="70ede014-c412-e387-bb98-e95b3b42090d" testName="UnitTests.Data.Repositories.GenericRepositoryTests.GenericRepositoryUpdates" computerName="fv-az171-662" duration="00:00:00.0450000" startTime="2022-02-10T13:58:56.9632443+00:00" endTime="2022-02-10T13:58:56.9632443+00:00" testType="13cdc9d9-ddb5-4fa4-a97d-d965ccfc6d4b" outcome="Passed" testListId="8c84fa94-04c1-424b-9868-57a2d4851a1d" relativeResultsDirectory="0b1eb7b9-31f1-404c-900d-fd9768ef0c4f" />
    <UnitTestResult executionId="6a8dd51a-9788-4a91-ac5e-e4fb26f5f44c" testId="168fc980-36e3-101b-62b1-f5ab71e9fc0d" testName="UnitTests.Controllers.LocalizationControllerTests.GetLocalization_CallsLocalizationService" computerName="fv-az171-662" duration="00:00:00.1860000" startTime="2022-02-10T13:58:53.1241111+00:00" endTime="2022-02-10T13:58:53.1241111+00:00" testType="13cdc9d9-ddb5-4fa4-a97d-d965ccfc6d4b" outcome="Passed" testListId="8c84fa94-04c1-424b-9868-57a2d4851a1d" relativeResultsDirectory="6a8dd51a-9788-4a91-ac5e-e4fb26f5f44c" />
    <UnitTestResult executionId="8a3362d3-002b-4e75-94ce-b3d82ae23f54" testId="986d7e6e-d04d-b204-b01c-fbb8f09c7774" testName="UnitTests.Controllers.ServiceRouteMapperTests.RegisterRoutes_RegistersAtLestOneRoute" computerName="fv-az171-662" duration="00:00:00.0210000" startTime="2022-02-10T13:58:53.2141128+00:00" endTime="2022-02-10T13:58:53.2141128+00:00" testType="13cdc9d9-ddb5-4fa4-a97d-d965ccfc6d4b" outcome="Passed" testListId="8c84fa94-04c1-424b-9868-57a2d4851a1d" relativeResultsDirectory="8a3362d3-002b-4e75-94ce-b3d82ae23f54" />
  </Results>
  <TestDefinitions>
    <UnitTest name="UnitTests.Controllers.ItemControllerTests.DeleteItem_Deletes(itemId: 1)" storage="d:\a\summitapidemo\summitapidemo\unittests\bin\unittests.dll" id="478b61ee-7d85-9dbe-985d-08c590f8666a">
      <Execution id="c7bb8dc3-636c-49af-a237-7aa6594f8bd3" />
      <TestMethod codeBase="D:\a\SummitApiDemo\SummitApiDemo\UnitTests\bin\UnitTests.dll" adapterTypeName="executor://xunit/VsTestRunner2/net" className="UnitTests.Controllers.ItemControllerTests" name="DeleteItem_Deletes" />
    </UnitTest>
    <UnitTest name="UnitTests.Common.Extensions.IQueryableExtensionsTests.Order_OrdersBothWays(descending: True, expected: [3, 2, 1])" storage="d:\a\summitapidemo\summitapidemo\unittests\bin\unittests.dll" id="b6579d24-7c4e-c42d-2ead-85e0f30e0a64">
      <Execution id="417b3a77-f48d-4fc2-99e0-b47623b258f3" />
      <TestMethod codeBase="D:\a\SummitApiDemo\SummitApiDemo\UnitTests\bin\UnitTests.dll" adapterTypeName="executor://xunit/VsTestRunner2/net" className="UnitTests.Common.Extensions.IQueryableExtensionsTests" name="Order_OrdersBothWays" />
    </UnitTest>
    <UnitTest name="UnitTests.Controllers.ItemControllerTests.UserCanEdit_ReturnsBool(canEdit: False)" storage="d:\a\summitapidemo\summitapidemo\unittests\bin\unittests.dll" id="0247c7e7-7d1c-099b-2ac8-81a47ff2509a">
      <Execution id="2f18a01e-1c99-42b7-9d19-f06eed9cedf3" />
      <TestMethod codeBase="D:\a\SummitApiDemo\SummitApiDemo\UnitTests\bin\UnitTests.dll" adapterTypeName="executor://xunit/VsTestRunner2/net" className="UnitTests.Controllers.ItemControllerTests" name="UserCanEdit_ReturnsBool" />
    </UnitTest>
    <UnitTest name="UnitTests.Controllers.LocalizationControllerTests.GetLocalization_CallsLocalizationService" storage="d:\a\summitapidemo\summitapidemo\unittests\bin\unittests.dll" id="168fc980-36e3-101b-62b1-f5ab71e9fc0d">
      <Execution id="6a8dd51a-9788-4a91-ac5e-e4fb26f5f44c" />
      <TestMethod codeBase="D:\a\SummitApiDemo\SummitApiDemo\UnitTests\bin\UnitTests.dll" adapterTypeName="executor://xunit/VsTestRunner2/net" className="UnitTests.Controllers.LocalizationControllerTests" name="GetLocalization_CallsLocalizationService" />
    </UnitTest>
    <UnitTest name="UnitTests.Data.ModuleDbContextTests.DefaultConstructorThrows" storage="d:\a\summitapidemo\summitapidemo\unittests\bin\unittests.dll" id="ac2a99ba-3563-74a9-7d4c-8e91a58cd097">
      <Execution id="97943032-65e4-49b4-bcaf-ef180383cab4" />
      <TestMethod codeBase="D:\a\SummitApiDemo\SummitApiDemo\UnitTests\bin\UnitTests.dll" adapterTypeName="executor://xunit/VsTestRunner2/net" className="UnitTests.Data.ModuleDbContextTests" name="DefaultConstructorThrows" />
    </UnitTest>
    <UnitTest name="UnitTests.Controllers.ModuleApiControllerTests.CanEdit_DefaultsToFalse" storage="d:\a\summitapidemo\summitapidemo\unittests\bin\unittests.dll" id="320e3c11-11d1-b3ef-0d2e-5e474f674ff1">
      <Execution id="86e3f1c2-5e4d-4ef9-a88c-5803eb1b611d" />
      <TestMethod codeBase="D:\a\SummitApiDemo\SummitApiDemo\UnitTests\bin\UnitTests.dll" adapterTypeName="executor://xunit/VsTestRunner2/net" className="UnitTests.Controllers.ModuleApiControllerTests" name="CanEdit_DefaultsToFalse" />
    </UnitTest>
    <UnitTest name="UnitTests.Data.Repositories.GenericRepositoryTests.GenericRepositoryCreatesAndGetsById" storage="d:\a\summitapidemo\summitapidemo\unittests\bin\unittests.dll" id="e6e0a140-85e7-6935-6160-ab95ecfd3c8a">
      <Execution id="a0298a61-5ae1-4149-95b9-4fb7227a59f9" />
      <TestMethod codeBase="D:\a\SummitApiDemo\SummitApiDemo\UnitTests\bin\UnitTests.dll" adapterTypeName="executor://xunit/VsTestRunner2/net" className="UnitTests.Data.Repositories.GenericRepositoryTests" name="GenericRepositoryCreatesAndGetsById" />
    </UnitTest>
    <UnitTest name="UnitTests.Services.ItemServiceTests.UpdateItem_NoName_Throws(name: &quot; &quot;)" storage="d:\a\summitapidemo\summitapidemo\unittests\bin\unittests.dll" id="1c164fbc-1ab1-9884-ccb8-9e84f4c977d0">
      <Execution id="8729d4bf-7b53-48f4-9735-ae10915f755d" />
      <TestMethod codeBase="D:\a\SummitApiDemo\SummitApiDemo\UnitTests\bin\UnitTests.dll" adapterTypeName="executor://xunit/VsTestRunner2/net" className="UnitTests.Services.ItemServiceTests" name="UpdateItem_NoName_Throws" />
    </UnitTest>
    <UnitTest name="UnitTests.Services.ItemServiceTests.GetItemsPage_GetsPages(descending: False)" storage="d:\a\summitapidemo\summitapidemo\unittests\bin\unittests.dll" id="99806ad3-88f0-7495-8b3e-3799a4bbb6aa">
      <Execution id="f7c484c6-49bb-4d33-ae01-932fa2b4374e" />
      <TestMethod codeBase="D:\a\SummitApiDemo\SummitApiDemo\UnitTests\bin\UnitTests.dll" adapterTypeName="executor://xunit/VsTestRunner2/net" className="UnitTests.Services.ItemServiceTests" name="GetItemsPage_GetsPages" />
    </UnitTest>
    <UnitTest name="UnitTests.Data.Repositories.GenericRepositoryTests.Repository_Update_UsesuserId" storage="d:\a\summitapidemo\summitapidemo\unittests\bin\unittests.dll" id="0ebf358f-9eac-9438-b418-9c6aa81a6377">
      <Execution id="1ca06e13-ae47-4b5b-b333-9a8c7b65de7a" />
      <TestMethod codeBase="D:\a\SummitApiDemo\SummitApiDemo\UnitTests\bin\UnitTests.dll" adapterTypeName="executor://xunit/VsTestRunner2/net" className="UnitTests.Data.Repositories.GenericRepositoryTests" name="Repository_Update_UsesuserId" />
    </UnitTest>
    <UnitTest name="UnitTests.Services.ItemServiceTests.CreateItem_Creates" storage="d:\a\summitapidemo\summitapidemo\unittests\bin\unittests.dll" id="a9198ad3-782e-a37c-0b5f-1330f5318f55">
      <Execution id="757fa0f5-78ab-4b99-b764-3da445ec4993" />
      <TestMethod codeBase="D:\a\SummitApiDemo\SummitApiDemo\UnitTests\bin\UnitTests.dll" adapterTypeName="executor://xunit/VsTestRunner2/net" className="UnitTests.Services.ItemServiceTests" name="CreateItem_Creates" />
    </UnitTest>
    <UnitTest name="UnitTests.Data.Repositories.GenericRepositoryTests.GenericRepositoryGet" storage="d:\a\summitapidemo\summitapidemo\unittests\bin\unittests.dll" id="ad3412e8-5f64-2020-a5b6-bd4cca8c3b7d">
      <Execution id="c1f63aa7-2ffb-4f6b-ba7e-b99b675d5d51" />
      <TestMethod codeBase="D:\a\SummitApiDemo\SummitApiDemo\UnitTests\bin\UnitTests.dll" adapterTypeName="executor://xunit/VsTestRunner2/net" className="UnitTests.Data.Repositories.GenericRepositoryTests" name="GenericRepositoryGet" />
    </UnitTest>
    <UnitTest name="UnitTests.Data.Repositories.GenericRepositoryTests.GenericRepositoryUpdate_ThrowsWithNullEntity" storage="d:\a\summitapidemo\summitapidemo\unittests\bin\unittests.dll" id="24cfa8b0-48c3-8aab-e4c2-88694c220e2c">
      <Execution id="12d0dbeb-90fa-4dd9-8ec0-6f3b7063e8c3" />
      <TestMethod codeBase="D:\a\SummitApiDemo\SummitApiDemo\UnitTests\bin\UnitTests.dll" adapterTypeName="executor://xunit/VsTestRunner2/net" className="UnitTests.Data.Repositories.GenericRepositoryTests" name="GenericRepositoryUpdate_ThrowsWithNullEntity" />
    </UnitTest>
    <UnitTest name="UnitTests.Data.Repositories.GenericRepositoryTests.Pages_With_Related_Entities" storage="d:\a\summitapidemo\summitapidemo\unittests\bin\unittests.dll" id="d6cab32e-cf28-1ba8-73a6-76c46cb62c4a">
      <Execution id="439fc3b8-05af-4ba6-a77d-2e0fd30e839a" />
      <TestMethod codeBase="D:\a\SummitApiDemo\SummitApiDemo\UnitTests\bin\UnitTests.dll" adapterTypeName="executor://xunit/VsTestRunner2/net" className="UnitTests.Data.Repositories.GenericRepositoryTests" name="Pages_With_Related_Entities" />
    </UnitTest>
    <UnitTest name="UnitTests.Services.LoggingServiceTests.LogginService_TestableConstructorLogsError" storage="d:\a\summitapidemo\summitapidemo\unittests\bin\unittests.dll" id="ac1c50bc-98fd-036f-fe0f-d46cb187f90e">
      <Execution id="063e7e4c-eb8e-430b-806b-1a275812c004" />
      <TestMethod codeBase="D:\a\SummitApiDemo\SummitApiDemo\UnitTests\bin\UnitTests.dll" adapterTypeName="executor://xunit/VsTestRunner2/net" className="UnitTests.Services.LoggingServiceTests" name="LogginService_TestableConstructorLogsError" />
    </UnitTest>
    <UnitTest name="UnitTests.Data.Repositories.GenericRepositoryTests.GenericRepositoryGetsAll(iterations: 3)" storage="d:\a\summitapidemo\summitapidemo\unittests\bin\unittests.dll" id="d15ea2a7-9f9f-b92b-50fa-470898da705d">
      <Execution id="27544025-c853-4577-b604-96f282cfea7a" />
      <TestMethod codeBase="D:\a\SummitApiDemo\SummitApiDemo\UnitTests\bin\UnitTests.dll" adapterTypeName="executor://xunit/VsTestRunner2/net" className="UnitTests.Data.Repositories.GenericRepositoryTests" name="GenericRepositoryGetsAll" />
    </UnitTest>
    <UnitTest name="UnitTests.Common.GlobalsTests.ModulePrefixIsValid" storage="d:\a\summitapidemo\summitapidemo\unittests\bin\unittests.dll" id="d1c63cb7-1f9a-a8bf-a217-a4cbb4e5f73b">
      <Execution id="9397dce3-801d-49b8-be26-405a9ef873c4" />
      <TestMethod codeBase="D:\a\SummitApiDemo\SummitApiDemo\UnitTests\bin\UnitTests.dll" adapterTypeName="executor://xunit/VsTestRunner2/net" className="UnitTests.Common.GlobalsTests" name="ModulePrefixIsValid" />
    </UnitTest>
    <UnitTest name="UnitTests.Data.Entities.ItemTests.ItemPropertiesPersist(id: 2, name: &quot;Name2&quot;, description: &quot;Description2&quot;)" storage="d:\a\summitapidemo\summitapidemo\unittests\bin\unittests.dll" id="96a18501-dea4-70b1-d572-baa1bb120da2">
      <Execution id="3a4215d5-54c2-4cf0-a2b2-3465d7dd4952" />
      <TestMethod codeBase="D:\a\SummitApiDemo\SummitApiDemo\UnitTests\bin\UnitTests.dll" adapterTypeName="executor://xunit/VsTestRunner2/net" className="UnitTests.Data.Entities.ItemTests" name="ItemPropertiesPersist" />
    </UnitTest>
    <UnitTest name="UnitTests.Controllers.ServiceRouteMapperTests.RegisterRoutes_RegistersAtLestOneRoute" storage="d:\a\summitapidemo\summitapidemo\unittests\bin\unittests.dll" id="986d7e6e-d04d-b204-b01c-fbb8f09c7774">
      <Execution id="8a3362d3-002b-4e75-94ce-b3d82ae23f54" />
      <TestMethod codeBase="D:\a\SummitApiDemo\SummitApiDemo\UnitTests\bin\UnitTests.dll" adapterTypeName="executor://xunit/VsTestRunner2/net" className="UnitTests.Controllers.ServiceRouteMapperTests" name="RegisterRoutes_RegistersAtLestOneRoute" />
    </UnitTest>
    <UnitTest name="UnitTests.Data.Repositories.GenericRepositoryTests.GenericRepositoryConstructs" storage="d:\a\summitapidemo\summitapidemo\unittests\bin\unittests.dll" id="e4f8faa7-d0ad-86e6-1579-7bd52372b4c3">
      <Execution id="fee26dcf-c58f-4c0f-9814-705eb12526d4" />
      <TestMethod codeBase="D:\a\SummitApiDemo\SummitApiDemo\UnitTests\bin\UnitTests.dll" adapterTypeName="executor://xunit/VsTestRunner2/net" className="UnitTests.Data.Repositories.GenericRepositoryTests" name="GenericRepositoryConstructs" />
    </UnitTest>
    <UnitTest name="UnitTests.Data.Repositories.GenericRepositoryTests.Repository_DeleteMissing_DoesNotThrow" storage="d:\a\summitapidemo\summitapidemo\unittests\bin\unittests.dll" id="f754f777-4449-23e8-f4ec-917f49117de2">
      <Execution id="97494756-b352-4153-a319-142741075efa" />
      <TestMethod codeBase="D:\a\SummitApiDemo\SummitApiDemo\UnitTests\bin\UnitTests.dll" adapterTypeName="executor://xunit/VsTestRunner2/net" className="UnitTests.Data.Repositories.GenericRepositoryTests" name="Repository_DeleteMissing_DoesNotThrow" />
    </UnitTest>
    <UnitTest name="UnitTests.Services.ItemServiceTests.UpdateItem_NoName_Throws(name: null)" storage="d:\a\summitapidemo\summitapidemo\unittests\bin\unittests.dll" id="b76e01b1-6afe-f33b-c6a9-ea3347176509">
      <Execution id="317c4aeb-feda-42f7-999c-b702eb5c8b81" />
      <TestMethod codeBase="D:\a\SummitApiDemo\SummitApiDemo\UnitTests\bin\UnitTests.dll" adapterTypeName="executor://xunit/VsTestRunner2/net" className="UnitTests.Services.ItemServiceTests" name="UpdateItem_NoName_Throws" />
    </UnitTest>
    <UnitTest name="UnitTests.Services.ItemServiceTests.CreateItem_NoNameThrows" storage="d:\a\summitapidemo\summitapidemo\unittests\bin\unittests.dll" id="19b6234c-c2df-2304-54f9-54b0da4cd6ba">
      <Execution id="c457b3db-3da1-423b-9738-a3b3153a111f" />
      <TestMethod codeBase="D:\a\SummitApiDemo\SummitApiDemo\UnitTests\bin\UnitTests.dll" adapterTypeName="executor://xunit/VsTestRunner2/net" className="UnitTests.Services.ItemServiceTests" name="CreateItem_NoNameThrows" />
    </UnitTest>
    <UnitTest name="UnitTests.Services.ItemServiceTests.DeleteItem_Deletes" storage="d:\a\summitapidemo\summitapidemo\unittests\bin\unittests.dll" id="e6610648-e456-1c64-d2b1-7e1242b871a8">
      <Execution id="d614cef2-7955-49aa-8d2e-2e0aa0bee86b" />
      <TestMethod codeBase="D:\a\SummitApiDemo\SummitApiDemo\UnitTests\bin\UnitTests.dll" adapterTypeName="executor://xunit/VsTestRunner2/net" className="UnitTests.Services.ItemServiceTests" name="DeleteItem_Deletes" />
    </UnitTest>
    <UnitTest name="UnitTests.Data.Entities.ItemTests.ItemConstructsProperly" storage="d:\a\summitapidemo\summitapidemo\unittests\bin\unittests.dll" id="572fc310-4b67-9555-f147-153d39f2eb82">
      <Execution id="18802bdb-e6e5-4a90-bdd0-3b9337555a72" />
      <TestMethod codeBase="D:\a\SummitApiDemo\SummitApiDemo\UnitTests\bin\UnitTests.dll" adapterTypeName="executor://xunit/VsTestRunner2/net" className="UnitTests.Data.Entities.ItemTests" name="ItemConstructsProperly" />
    </UnitTest>
    <UnitTest name="UnitTests.Services.ItemServiceTests.UpdateItem_NoName_Throws(name: &quot;&quot;)" storage="d:\a\summitapidemo\summitapidemo\unittests\bin\unittests.dll" id="3cbfa5d3-e0f6-eff8-ed5c-556fa1f3e131">
      <Execution id="59752eb8-1047-4369-aa6a-23b94c774b4f" />
      <TestMethod codeBase="D:\a\SummitApiDemo\SummitApiDemo\UnitTests\bin\UnitTests.dll" adapterTypeName="executor://xunit/VsTestRunner2/net" className="UnitTests.Services.ItemServiceTests" name="UpdateItem_NoName_Throws" />
    </UnitTest>
    <UnitTest name="UnitTests.Services.LoggingServiceTests.LogginService_TestableConstructorLogsErrorWithException" storage="d:\a\summitapidemo\summitapidemo\unittests\bin\unittests.dll" id="9168bdef-a759-f4d6-b890-b643e17324cf">
      <Execution id="b10d776c-e17a-439d-ab55-c9e1e3795ec7" />
      <TestMethod codeBase="D:\a\SummitApiDemo\SummitApiDemo\UnitTests\bin\UnitTests.dll" adapterTypeName="executor://xunit/VsTestRunner2/net" className="UnitTests.Services.LoggingServiceTests" name="LogginService_TestableConstructorLogsErrorWithException" />
    </UnitTest>
    <UnitTest name="UnitTests.Controllers.ItemControllerTests.UserCanEdit_ReturnsBool(canEdit: True)" storage="d:\a\summitapidemo\summitapidemo\unittests\bin\unittests.dll" id="aec60494-3c2e-8ec9-f948-da5bb2043983">
      <Execution id="79f9589a-05bd-43fc-8f29-c4ea903f930d" />
      <TestMethod codeBase="D:\a\SummitApiDemo\SummitApiDemo\UnitTests\bin\UnitTests.dll" adapterTypeName="executor://xunit/VsTestRunner2/net" className="UnitTests.Controllers.ItemControllerTests" name="UserCanEdit_ReturnsBool" />
    </UnitTest>
    <UnitTest name="UnitTests.Controllers.ModuleApiControllerTests.HasUserInfo" storage="d:\a\summitapidemo\summitapidemo\unittests\bin\unittests.dll" id="bae3532a-4a9e-c4ab-fc66-4dfa22d16170">
      <Execution id="8b2a8b39-dac7-4192-b04d-c9328c0645b8" />
      <TestMethod codeBase="D:\a\SummitApiDemo\SummitApiDemo\UnitTests\bin\UnitTests.dll" adapterTypeName="executor://xunit/VsTestRunner2/net" className="UnitTests.Controllers.ModuleApiControllerTests" name="HasUserInfo" />
    </UnitTest>
    <UnitTest name="UnitTests.Services.ItemServiceTests.UpdateItem_NoName_Throws(name: &quot;  &quot;)" storage="d:\a\summitapidemo\summitapidemo\unittests\bin\unittests.dll" id="92b7b9f6-1294-7ea1-ffa3-91fba85074d4">
      <Execution id="310a2c57-9540-474a-8165-92036471765c" />
      <TestMethod codeBase="D:\a\SummitApiDemo\SummitApiDemo\UnitTests\bin\UnitTests.dll" adapterTypeName="executor://xunit/VsTestRunner2/net" className="UnitTests.Services.ItemServiceTests" name="UpdateItem_NoName_Throws" />
    </UnitTest>
    <UnitTest name="UnitTests.Data.Repositories.GenericRepositoryTests.Repository_Create_DefaultAudit" storage="d:\a\summitapidemo\summitapidemo\unittests\bin\unittests.dll" id="ae39aa62-5ff2-56e7-d00e-ef116d711d51">
      <Execution id="699cd375-684b-44d9-98b8-c7bf6b3b2e0b" />
      <TestMethod codeBase="D:\a\SummitApiDemo\SummitApiDemo\UnitTests\bin\UnitTests.dll" adapterTypeName="executor://xunit/VsTestRunner2/net" className="UnitTests.Data.Repositories.GenericRepositoryTests" name="Repository_Create_DefaultAudit" />
    </UnitTest>
    <UnitTest name="UnitTests.Controllers.ValidateModelAttributeTests.OnActionExecuting_Valid_Works" storage="d:\a\summitapidemo\summitapidemo\unittests\bin\unittests.dll" id="e55f1742-c16d-5086-2251-ad3372dd48f5">
      <Execution id="b258bc8c-2420-42ea-88f4-be27e50f9950" />
      <TestMethod codeBase="D:\a\SummitApiDemo\SummitApiDemo\UnitTests\bin\UnitTests.dll" adapterTypeName="executor://xunit/VsTestRunner2/net" className="UnitTests.Controllers.ValidateModelAttributeTests" name="OnActionExecuting_Valid_Works" />
    </UnitTest>
    <UnitTest name="UnitTests.Data.Repositories.GenericRepositoryTests.GenericRepositoryGetsAll(iterations: 1)" storage="d:\a\summitapidemo\summitapidemo\unittests\bin\unittests.dll" id="d16880d7-fb44-f209-43d9-ba2e0e1875de">
      <Execution id="5c40e8d5-81f2-429c-a923-6fcb32625d79" />
      <TestMethod codeBase="D:\a\SummitApiDemo\SummitApiDemo\UnitTests\bin\UnitTests.dll" adapterTypeName="executor://xunit/VsTestRunner2/net" className="UnitTests.Data.Repositories.GenericRepositoryTests" name="GenericRepositoryGetsAll" />
    </UnitTest>
    <UnitTest name="UnitTests.Services.ItemServiceTests.UpdateItem_NullDto_Throws" storage="d:\a\summitapidemo\summitapidemo\unittests\bin\unittests.dll" id="263c08b1-704a-f3c2-309e-6dee831dbdc9">
      <Execution id="11462609-0389-4e87-9f7b-24467c59f28f" />
      <TestMethod codeBase="D:\a\SummitApiDemo\SummitApiDemo\UnitTests\bin\UnitTests.dll" adapterTypeName="executor://xunit/VsTestRunner2/net" className="UnitTests.Services.ItemServiceTests" name="UpdateItem_NullDto_Throws" />
    </UnitTest>
    <UnitTest name="UnitTests.Services.LoggingServiceTests.LoggingService_DefaultConstructorExists" storage="d:\a\summitapidemo\summitapidemo\unittests\bin\unittests.dll" id="8ba31d1b-48e3-e04e-cff0-b927c63b4a19">
      <Execution id="a8697e00-fa8d-4b84-ba0d-519c20d17cd5" />
      <TestMethod codeBase="D:\a\SummitApiDemo\SummitApiDemo\UnitTests\bin\UnitTests.dll" adapterTypeName="executor://xunit/VsTestRunner2/net" className="UnitTests.Services.LoggingServiceTests" name="LoggingService_DefaultConstructorExists" />
    </UnitTest>
    <UnitTest name="UnitTests.Data.Repositories.GenericRepositoryTests.GenericRepositoryCreate_ThrowsWithNullEntity" storage="d:\a\summitapidemo\summitapidemo\unittests\bin\unittests.dll" id="36689490-09d4-917f-648a-70dcfcfede10">
      <Execution id="61b6edb8-a244-4d14-9463-bf8e8267aa5b" />
      <TestMethod codeBase="D:\a\SummitApiDemo\SummitApiDemo\UnitTests\bin\UnitTests.dll" adapterTypeName="executor://xunit/VsTestRunner2/net" className="UnitTests.Data.Repositories.GenericRepositoryTests" name="GenericRepositoryCreate_ThrowsWithNullEntity" />
    </UnitTest>
    <UnitTest name="UnitTests.Controllers.ItemControllerTests.CreateItem_Creates" storage="d:\a\summitapidemo\summitapidemo\unittests\bin\unittests.dll" id="588a2c1b-7788-beb2-ade0-06788d455d25">
      <Execution id="32c11cef-1aec-4ba6-bfbd-92799a2d2dd8" />
      <TestMethod codeBase="D:\a\SummitApiDemo\SummitApiDemo\UnitTests\bin\UnitTests.dll" adapterTypeName="executor://xunit/VsTestRunner2/net" className="UnitTests.Controllers.ItemControllerTests" name="CreateItem_Creates" />
    </UnitTest>
    <UnitTest name="UnitTests.Controllers.ModuleApiControllerTests.CanEdit_Set_Throws" storage="d:\a\summitapidemo\summitapidemo\unittests\bin\unittests.dll" id="5f92ec4d-d570-0452-b891-d4cee75db9dd">
      <Execution id="e3dbfc15-f849-4649-a8cc-94407246415c" />
      <TestMethod codeBase="D:\a\SummitApiDemo\SummitApiDemo\UnitTests\bin\UnitTests.dll" adapterTypeName="executor://xunit/VsTestRunner2/net" className="UnitTests.Controllers.ModuleApiControllerTests" name="CanEdit_Set_Throws" />
    </UnitTest>
    <UnitTest name="UnitTests.Data.Repositories.GenericRepositoryTests.Repository_Create_UsesUserId" storage="d:\a\summitapidemo\summitapidemo\unittests\bin\unittests.dll" id="e1c7f76f-6195-c844-23c0-304b47fbae66">
      <Execution id="050fb184-8503-41b0-afe6-d224c86f10dc" />
      <TestMethod codeBase="D:\a\SummitApiDemo\SummitApiDemo\UnitTests\bin\UnitTests.dll" adapterTypeName="executor://xunit/VsTestRunner2/net" className="UnitTests.Data.Repositories.GenericRepositoryTests" name="Repository_Create_UsesUserId" />
    </UnitTest>
    <UnitTest name="UnitTests.Controllers.ItemControllerTests.UpdateItem_Updates" storage="d:\a\summitapidemo\summitapidemo\unittests\bin\unittests.dll" id="315adde5-f36d-a74f-aa46-fb22a0f78cd9">
      <Execution id="8945239c-93e6-4d83-8c6d-6e23afc69718" />
      <TestMethod codeBase="D:\a\SummitApiDemo\SummitApiDemo\UnitTests\bin\UnitTests.dll" adapterTypeName="executor://xunit/VsTestRunner2/net" className="UnitTests.Controllers.ItemControllerTests" name="UpdateItem_Updates" />
    </UnitTest>
    <UnitTest name="UnitTests.Data.Repositories.GenericRepositoryTests.GetPage_Pages(page: 3, pageSize: 20, expectedItems: 10, expectedPages: 3)" storage="d:\a\summitapidemo\summitapidemo\unittests\bin\unittests.dll" id="74c28fcf-aa9b-2bab-0ff6-cfa98a0ddf49">
      <Execution id="c35e0d53-6b2f-4f2c-8930-5bb0777b15f1" />
      <TestMethod codeBase="D:\a\SummitApiDemo\SummitApiDemo\UnitTests\bin\UnitTests.dll" adapterTypeName="executor://xunit/VsTestRunner2/net" className="UnitTests.Data.Repositories.GenericRepositoryTests" name="GetPage_Pages" />
    </UnitTest>
    <UnitTest name="UnitTests.Controllers.ModuleExceptionFilterAttributeTests.NoException_DoesNothing" storage="d:\a\summitapidemo\summitapidemo\unittests\bin\unittests.dll" id="113f48ce-a6a3-c5df-7589-ba5a5fcb9c59">
      <Execution id="4a60512d-b74d-4f40-881c-9608a8cedc9a" />
      <TestMethod codeBase="D:\a\SummitApiDemo\SummitApiDemo\UnitTests\bin\UnitTests.dll" adapterTypeName="executor://xunit/VsTestRunner2/net" className="UnitTests.Controllers.ModuleExceptionFilterAttributeTests" name="NoException_DoesNothing" />
    </UnitTest>
    <UnitTest name="UnitTests.Controllers.ItemControllerTests.GetItemsPage_GetsProperPages" storage="d:\a\summitapidemo\summitapidemo\unittests\bin\unittests.dll" id="1017c6c1-9dd0-57dc-36e7-bb573d02562e">
      <Execution id="47d7ef69-5ae2-4ac4-acc0-f0e362df1bc4" />
      <TestMethod codeBase="D:\a\SummitApiDemo\SummitApiDemo\UnitTests\bin\UnitTests.dll" adapterTypeName="executor://xunit/VsTestRunner2/net" className="UnitTests.Controllers.ItemControllerTests" name="GetItemsPage_GetsProperPages" />
    </UnitTest>
    <UnitTest name="UnitTests.Data.Repositories.GenericRepositoryTests.GenericRepositoryDeletes" storage="d:\a\summitapidemo\summitapidemo\unittests\bin\unittests.dll" id="0bc54975-0bff-692e-a9b3-fc69f2c95a39">
      <Execution id="b8e5bfc0-8581-4a17-bccf-ac87c69b5944" />
      <TestMethod codeBase="D:\a\SummitApiDemo\SummitApiDemo\UnitTests\bin\UnitTests.dll" adapterTypeName="executor://xunit/VsTestRunner2/net" className="UnitTests.Data.Repositories.GenericRepositoryTests" name="GenericRepositoryDeletes" />
    </UnitTest>
    <UnitTest name="UnitTests.Controllers.ItemControllerTests.DeleteItem_Deletes(itemId: 10)" storage="d:\a\summitapidemo\summitapidemo\unittests\bin\unittests.dll" id="d6094ca1-b65b-5133-f464-9f7d01f0d023">
      <Execution id="5b0e4fd3-171f-4b55-91f6-81f0df85b59f" />
      <TestMethod codeBase="D:\a\SummitApiDemo\SummitApiDemo\UnitTests\bin\UnitTests.dll" adapterTypeName="executor://xunit/VsTestRunner2/net" className="UnitTests.Controllers.ItemControllerTests" name="DeleteItem_Deletes" />
    </UnitTest>
    <UnitTest name="UnitTests.Data.Repositories.GenericRepositoryTests.GenericRepositoryUpdates" storage="d:\a\summitapidemo\summitapidemo\unittests\bin\unittests.dll" id="70ede014-c412-e387-bb98-e95b3b42090d">
      <Execution id="0b1eb7b9-31f1-404c-900d-fd9768ef0c4f" />
      <TestMethod codeBase="D:\a\SummitApiDemo\SummitApiDemo\UnitTests\bin\UnitTests.dll" adapterTypeName="executor://xunit/VsTestRunner2/net" className="UnitTests.Data.Repositories.GenericRepositoryTests" name="GenericRepositoryUpdates" />
    </UnitTest>
    <UnitTest name="UnitTests.Data.Repositories.GenericRepositoryTests.Repository_Update_DefaultAudit" storage="d:\a\summitapidemo\summitapidemo\unittests\bin\unittests.dll" id="44b00d3a-bad7-aefd-141c-4a35b11463b2">
      <Execution id="660e3300-682a-434a-9c06-8323d9945fcf" />
      <TestMethod codeBase="D:\a\SummitApiDemo\SummitApiDemo\UnitTests\bin\UnitTests.dll" adapterTypeName="executor://xunit/VsTestRunner2/net" className="UnitTests.Data.Repositories.GenericRepositoryTests" name="Repository_Update_DefaultAudit" />
    </UnitTest>
    <UnitTest name="UnitTests.Services.ItemServiceTests.UpdateItem_Updates" storage="d:\a\summitapidemo\summitapidemo\unittests\bin\unittests.dll" id="130d9133-361f-a0da-f15e-423eb98947ac">
      <Execution id="799e2212-288c-4f23-a7de-26cb65c6b18a" />
      <TestMethod codeBase="D:\a\SummitApiDemo\SummitApiDemo\UnitTests\bin\UnitTests.dll" adapterTypeName="executor://xunit/VsTestRunner2/net" className="UnitTests.Services.ItemServiceTests" name="UpdateItem_Updates" />
    </UnitTest>
    <UnitTest name="UnitTests.Data.Repositories.GenericRepositoryTests.GenericRepositoryGetsAll(iterations: 2)" storage="d:\a\summitapidemo\summitapidemo\unittests\bin\unittests.dll" id="ffe5c770-9b99-42c0-ce21-7e50cccf4385">
      <Execution id="1c1f6676-3b1a-4d5f-8d98-a6cbdbb2e1e0" />
      <TestMethod codeBase="D:\a\SummitApiDemo\SummitApiDemo\UnitTests\bin\UnitTests.dll" adapterTypeName="executor://xunit/VsTestRunner2/net" className="UnitTests.Data.Repositories.GenericRepositoryTests" name="GenericRepositoryGetsAll" />
    </UnitTest>
    <UnitTest name="UnitTests.Data.Repositories.GenericRepositoryTests.GenericRepositoryGetsAll(iterations: 0)" storage="d:\a\summitapidemo\summitapidemo\unittests\bin\unittests.dll" id="4fe0dd0f-2fa0-9c42-e816-a6df28150b72">
      <Execution id="bdf554c7-392f-4008-9cfa-7cc57a42cb9a" />
      <TestMethod codeBase="D:\a\SummitApiDemo\SummitApiDemo\UnitTests\bin\UnitTests.dll" adapterTypeName="executor://xunit/VsTestRunner2/net" className="UnitTests.Data.Repositories.GenericRepositoryTests" name="GenericRepositoryGetsAll" />
    </UnitTest>
    <UnitTest name="UnitTests.Data.Repositories.GenericRepositoryTests.GetPage_Pages(page: 1, pageSize: 10, expectedItems: 10, expectedPages: 5)" storage="d:\a\summitapidemo\summitapidemo\unittests\bin\unittests.dll" id="c5867bfe-f023-3ae4-485c-eae070f2ace9">
      <Execution id="eef10353-0837-4807-94ea-21b6065ba594" />
      <TestMethod codeBase="D:\a\SummitApiDemo\SummitApiDemo\UnitTests\bin\UnitTests.dll" adapterTypeName="executor://xunit/VsTestRunner2/net" className="UnitTests.Data.Repositories.GenericRepositoryTests" name="GetPage_Pages" />
    </UnitTest>
    <UnitTest name="UnitTests.Common.Extensions.IQueryableExtensionsTests.Order_OrdersBothWays(descending: False, expected: [1, 2, 3])" storage="d:\a\summitapidemo\summitapidemo\unittests\bin\unittests.dll" id="248341cb-553e-e275-a8eb-499567f40929">
      <Execution id="c70c758e-99f9-4861-98d7-a42311613265" />
      <TestMethod codeBase="D:\a\SummitApiDemo\SummitApiDemo\UnitTests\bin\UnitTests.dll" adapterTypeName="executor://xunit/VsTestRunner2/net" className="UnitTests.Common.Extensions.IQueryableExtensionsTests" name="Order_OrdersBothWays" />
    </UnitTest>
    <UnitTest name="UnitTests.Data.Repositories.GenericRepositoryTests.GetPage_Pages(page: 0, pageSize: 0, expectedItems: 1, expectedPages: 50)" storage="d:\a\summitapidemo\summitapidemo\unittests\bin\unittests.dll" id="3688eeeb-2a1a-6ffa-a193-543baf24437a">
      <Execution id="8d89ce6d-05d4-49fa-aabf-d02e671f4a11" />
      <TestMethod codeBase="D:\a\SummitApiDemo\SummitApiDemo\UnitTests\bin\UnitTests.dll" adapterTypeName="executor://xunit/VsTestRunner2/net" className="UnitTests.Data.Repositories.GenericRepositoryTests" name="GetPage_Pages" />
    </UnitTest>
    <UnitTest name="UnitTests.Services.ItemServiceTests.CreateItem_NoItemThrows" storage="d:\a\summitapidemo\summitapidemo\unittests\bin\unittests.dll" id="f5652070-1b22-f5a7-3f3f-68b37c9184a8">
      <Execution id="636612ce-3bc3-480b-ad6e-7f29fdafb938" />
      <TestMethod codeBase="D:\a\SummitApiDemo\SummitApiDemo\UnitTests\bin\UnitTests.dll" adapterTypeName="executor://xunit/VsTestRunner2/net" className="UnitTests.Services.ItemServiceTests" name="CreateItem_NoItemThrows" />
    </UnitTest>
    <UnitTest name="UnitTests.Data.Entities.ItemTests.ItemPropertiesPersist(id: 1, name: &quot;Name1&quot;, description: &quot;Description1&quot;)" storage="d:\a\summitapidemo\summitapidemo\unittests\bin\unittests.dll" id="392ed628-2028-c945-b97e-893658a1e82b">
      <Execution id="93d69bcf-abd8-4a2a-827f-60325c4411d8" />
      <TestMethod codeBase="D:\a\SummitApiDemo\SummitApiDemo\UnitTests\bin\UnitTests.dll" adapterTypeName="executor://xunit/VsTestRunner2/net" className="UnitTests.Data.Entities.ItemTests" name="ItemPropertiesPersist" />
    </UnitTest>
  </TestDefinitions>
  <TestEntries>
    <TestEntry testId="1c164fbc-1ab1-9884-ccb8-9e84f4c977d0" executionId="8729d4bf-7b53-48f4-9735-ae10915f755d" testListId="8c84fa94-04c1-424b-9868-57a2d4851a1d" />
    <TestEntry testId="24cfa8b0-48c3-8aab-e4c2-88694c220e2c" executionId="12d0dbeb-90fa-4dd9-8ec0-6f3b7063e8c3" testListId="8c84fa94-04c1-424b-9868-57a2d4851a1d" />
    <TestEntry testId="e4f8faa7-d0ad-86e6-1579-7bd52372b4c3" executionId="fee26dcf-c58f-4c0f-9814-705eb12526d4" testListId="8c84fa94-04c1-424b-9868-57a2d4851a1d" />
    <TestEntry testId="d1c63cb7-1f9a-a8bf-a217-a4cbb4e5f73b" executionId="9397dce3-801d-49b8-be26-405a9ef873c4" testListId="8c84fa94-04c1-424b-9868-57a2d4851a1d" />
    <TestEntry testId="d16880d7-fb44-f209-43d9-ba2e0e1875de" executionId="5c40e8d5-81f2-429c-a923-6fcb32625d79" testListId="8c84fa94-04c1-424b-9868-57a2d4851a1d" />
    <TestEntry testId="320e3c11-11d1-b3ef-0d2e-5e474f674ff1" executionId="86e3f1c2-5e4d-4ef9-a88c-5803eb1b611d" testListId="8c84fa94-04c1-424b-9868-57a2d4851a1d" />
    <TestEntry testId="e6610648-e456-1c64-d2b1-7e1242b871a8" executionId="d614cef2-7955-49aa-8d2e-2e0aa0bee86b" testListId="8c84fa94-04c1-424b-9868-57a2d4851a1d" />
    <TestEntry testId="9168bdef-a759-f4d6-b890-b643e17324cf" executionId="b10d776c-e17a-439d-ab55-c9e1e3795ec7" testListId="8c84fa94-04c1-424b-9868-57a2d4851a1d" />
    <TestEntry testId="d15ea2a7-9f9f-b92b-50fa-470898da705d" executionId="27544025-c853-4577-b604-96f282cfea7a" testListId="8c84fa94-04c1-424b-9868-57a2d4851a1d" />
    <TestEntry testId="572fc310-4b67-9555-f147-153d39f2eb82" executionId="18802bdb-e6e5-4a90-bdd0-3b9337555a72" testListId="8c84fa94-04c1-424b-9868-57a2d4851a1d" />
    <TestEntry testId="248341cb-553e-e275-a8eb-499567f40929" executionId="c70c758e-99f9-4861-98d7-a42311613265" testListId="8c84fa94-04c1-424b-9868-57a2d4851a1d" />
    <TestEntry testId="96a18501-dea4-70b1-d572-baa1bb120da2" executionId="3a4215d5-54c2-4cf0-a2b2-3465d7dd4952" testListId="8c84fa94-04c1-424b-9868-57a2d4851a1d" />
    <TestEntry testId="74c28fcf-aa9b-2bab-0ff6-cfa98a0ddf49" executionId="c35e0d53-6b2f-4f2c-8930-5bb0777b15f1" testListId="8c84fa94-04c1-424b-9868-57a2d4851a1d" />
    <TestEntry testId="ad3412e8-5f64-2020-a5b6-bd4cca8c3b7d" executionId="c1f63aa7-2ffb-4f6b-ba7e-b99b675d5d51" testListId="8c84fa94-04c1-424b-9868-57a2d4851a1d" />
    <TestEntry testId="e6e0a140-85e7-6935-6160-ab95ecfd3c8a" executionId="a0298a61-5ae1-4149-95b9-4fb7227a59f9" testListId="8c84fa94-04c1-424b-9868-57a2d4851a1d" />
    <TestEntry testId="ac1c50bc-98fd-036f-fe0f-d46cb187f90e" executionId="063e7e4c-eb8e-430b-806b-1a275812c004" testListId="8c84fa94-04c1-424b-9868-57a2d4851a1d" />
    <TestEntry testId="113f48ce-a6a3-c5df-7589-ba5a5fcb9c59" executionId="4a60512d-b74d-4f40-881c-9608a8cedc9a" testListId="8c84fa94-04c1-424b-9868-57a2d4851a1d" />
    <TestEntry testId="e1c7f76f-6195-c844-23c0-304b47fbae66" executionId="050fb184-8503-41b0-afe6-d224c86f10dc" testListId="8c84fa94-04c1-424b-9868-57a2d4851a1d" />
    <TestEntry testId="b76e01b1-6afe-f33b-c6a9-ea3347176509" executionId="317c4aeb-feda-42f7-999c-b702eb5c8b81" testListId="8c84fa94-04c1-424b-9868-57a2d4851a1d" />
    <TestEntry testId="588a2c1b-7788-beb2-ade0-06788d455d25" executionId="32c11cef-1aec-4ba6-bfbd-92799a2d2dd8" testListId="8c84fa94-04c1-424b-9868-57a2d4851a1d" />
    <TestEntry testId="44b00d3a-bad7-aefd-141c-4a35b11463b2" executionId="660e3300-682a-434a-9c06-8323d9945fcf" testListId="8c84fa94-04c1-424b-9868-57a2d4851a1d" />
    <TestEntry testId="392ed628-2028-c945-b97e-893658a1e82b" executionId="93d69bcf-abd8-4a2a-827f-60325c4411d8" testListId="8c84fa94-04c1-424b-9868-57a2d4851a1d" />
    <TestEntry testId="0ebf358f-9eac-9438-b418-9c6aa81a6377" executionId="1ca06e13-ae47-4b5b-b333-9a8c7b65de7a" testListId="8c84fa94-04c1-424b-9868-57a2d4851a1d" />
    <TestEntry testId="d6094ca1-b65b-5133-f464-9f7d01f0d023" executionId="5b0e4fd3-171f-4b55-91f6-81f0df85b59f" testListId="8c84fa94-04c1-424b-9868-57a2d4851a1d" />
    <TestEntry testId="19b6234c-c2df-2304-54f9-54b0da4cd6ba" executionId="c457b3db-3da1-423b-9738-a3b3153a111f" testListId="8c84fa94-04c1-424b-9868-57a2d4851a1d" />
    <TestEntry testId="bae3532a-4a9e-c4ab-fc66-4dfa22d16170" executionId="8b2a8b39-dac7-4192-b04d-c9328c0645b8" testListId="8c84fa94-04c1-424b-9868-57a2d4851a1d" />
    <TestEntry testId="92b7b9f6-1294-7ea1-ffa3-91fba85074d4" executionId="310a2c57-9540-474a-8165-92036471765c" testListId="8c84fa94-04c1-424b-9868-57a2d4851a1d" />
    <TestEntry testId="3cbfa5d3-e0f6-eff8-ed5c-556fa1f3e131" executionId="59752eb8-1047-4369-aa6a-23b94c774b4f" testListId="8c84fa94-04c1-424b-9868-57a2d4851a1d" />
    <TestEntry testId="d6cab32e-cf28-1ba8-73a6-76c46cb62c4a" executionId="439fc3b8-05af-4ba6-a77d-2e0fd30e839a" testListId="8c84fa94-04c1-424b-9868-57a2d4851a1d" />
    <TestEntry testId="478b61ee-7d85-9dbe-985d-08c590f8666a" executionId="c7bb8dc3-636c-49af-a237-7aa6594f8bd3" testListId="8c84fa94-04c1-424b-9868-57a2d4851a1d" />
    <TestEntry testId="f5652070-1b22-f5a7-3f3f-68b37c9184a8" executionId="636612ce-3bc3-480b-ad6e-7f29fdafb938" testListId="8c84fa94-04c1-424b-9868-57a2d4851a1d" />
    <TestEntry testId="0bc54975-0bff-692e-a9b3-fc69f2c95a39" executionId="b8e5bfc0-8581-4a17-bccf-ac87c69b5944" testListId="8c84fa94-04c1-424b-9868-57a2d4851a1d" />
    <TestEntry testId="0247c7e7-7d1c-099b-2ac8-81a47ff2509a" executionId="2f18a01e-1c99-42b7-9d19-f06eed9cedf3" testListId="8c84fa94-04c1-424b-9868-57a2d4851a1d" />
    <TestEntry testId="aec60494-3c2e-8ec9-f948-da5bb2043983" executionId="79f9589a-05bd-43fc-8f29-c4ea903f930d" testListId="8c84fa94-04c1-424b-9868-57a2d4851a1d" />
    <TestEntry testId="99806ad3-88f0-7495-8b3e-3799a4bbb6aa" executionId="f7c484c6-49bb-4d33-ae01-932fa2b4374e" testListId="8c84fa94-04c1-424b-9868-57a2d4851a1d" />
    <TestEntry testId="1017c6c1-9dd0-57dc-36e7-bb573d02562e" executionId="47d7ef69-5ae2-4ac4-acc0-f0e362df1bc4" testListId="8c84fa94-04c1-424b-9868-57a2d4851a1d" />
    <TestEntry testId="ac2a99ba-3563-74a9-7d4c-8e91a58cd097" executionId="97943032-65e4-49b4-bcaf-ef180383cab4" testListId="8c84fa94-04c1-424b-9868-57a2d4851a1d" />
    <TestEntry testId="263c08b1-704a-f3c2-309e-6dee831dbdc9" executionId="11462609-0389-4e87-9f7b-24467c59f28f" testListId="8c84fa94-04c1-424b-9868-57a2d4851a1d" />
    <TestEntry testId="ae39aa62-5ff2-56e7-d00e-ef116d711d51" executionId="699cd375-684b-44d9-98b8-c7bf6b3b2e0b" testListId="8c84fa94-04c1-424b-9868-57a2d4851a1d" />
    <TestEntry testId="c5867bfe-f023-3ae4-485c-eae070f2ace9" executionId="eef10353-0837-4807-94ea-21b6065ba594" testListId="8c84fa94-04c1-424b-9868-57a2d4851a1d" />
    <TestEntry testId="b6579d24-7c4e-c42d-2ead-85e0f30e0a64" executionId="417b3a77-f48d-4fc2-99e0-b47623b258f3" testListId="8c84fa94-04c1-424b-9868-57a2d4851a1d" />
    <TestEntry testId="f754f777-4449-23e8-f4ec-917f49117de2" executionId="97494756-b352-4153-a319-142741075efa" testListId="8c84fa94-04c1-424b-9868-57a2d4851a1d" />
    <TestEntry testId="36689490-09d4-917f-648a-70dcfcfede10" executionId="61b6edb8-a244-4d14-9463-bf8e8267aa5b" testListId="8c84fa94-04c1-424b-9868-57a2d4851a1d" />
    <TestEntry testId="130d9133-361f-a0da-f15e-423eb98947ac" executionId="799e2212-288c-4f23-a7de-26cb65c6b18a" testListId="8c84fa94-04c1-424b-9868-57a2d4851a1d" />
    <TestEntry testId="ffe5c770-9b99-42c0-ce21-7e50cccf4385" executionId="1c1f6676-3b1a-4d5f-8d98-a6cbdbb2e1e0" testListId="8c84fa94-04c1-424b-9868-57a2d4851a1d" />
    <TestEntry testId="4fe0dd0f-2fa0-9c42-e816-a6df28150b72" executionId="bdf554c7-392f-4008-9cfa-7cc57a42cb9a" testListId="8c84fa94-04c1-424b-9868-57a2d4851a1d" />
    <TestEntry testId="8ba31d1b-48e3-e04e-cff0-b927c63b4a19" executionId="a8697e00-fa8d-4b84-ba0d-519c20d17cd5" testListId="8c84fa94-04c1-424b-9868-57a2d4851a1d" />
    <TestEntry testId="a9198ad3-782e-a37c-0b5f-1330f5318f55" executionId="757fa0f5-78ab-4b99-b764-3da445ec4993" testListId="8c84fa94-04c1-424b-9868-57a2d4851a1d" />
    <TestEntry testId="5f92ec4d-d570-0452-b891-d4cee75db9dd" executionId="e3dbfc15-f849-4649-a8cc-94407246415c" testListId="8c84fa94-04c1-424b-9868-57a2d4851a1d" />
    <TestEntry testId="315adde5-f36d-a74f-aa46-fb22a0f78cd9" executionId="8945239c-93e6-4d83-8c6d-6e23afc69718" testListId="8c84fa94-04c1-424b-9868-57a2d4851a1d" />
    <TestEntry testId="3688eeeb-2a1a-6ffa-a193-543baf24437a" executionId="8d89ce6d-05d4-49fa-aabf-d02e671f4a11" testListId="8c84fa94-04c1-424b-9868-57a2d4851a1d" />
    <TestEntry testId="e55f1742-c16d-5086-2251-ad3372dd48f5" executionId="b258bc8c-2420-42ea-88f4-be27e50f9950" testListId="8c84fa94-04c1-424b-9868-57a2d4851a1d" />
    <TestEntry testId="70ede014-c412-e387-bb98-e95b3b42090d" executionId="0b1eb7b9-31f1-404c-900d-fd9768ef0c4f" testListId="8c84fa94-04c1-424b-9868-57a2d4851a1d" />
    <TestEntry testId="168fc980-36e3-101b-62b1-f5ab71e9fc0d" executionId="6a8dd51a-9788-4a91-ac5e-e4fb26f5f44c" testListId="8c84fa94-04c1-424b-9868-57a2d4851a1d" />
    <TestEntry testId="986d7e6e-d04d-b204-b01c-fbb8f09c7774" executionId="8a3362d3-002b-4e75-94ce-b3d82ae23f54" testListId="8c84fa94-04c1-424b-9868-57a2d4851a1d" />
  </TestEntries>
  <TestLists>
    <TestList name="Results Not in a List" id="8c84fa94-04c1-424b-9868-57a2d4851a1d" />
    <TestList name="All Loaded Results" id="19431567-8539-422a-85d7-44ee4e166bda" />
  </TestLists>
  <ResultSummary outcome="Completed">
    <Counters total="55" executed="55" passed="55" failed="0" error="0" timeout="0" aborted="0" inconclusive="0" passedButRunAborted="0" notRunnable="0" notExecuted="0" disconnected="0" warning="0" completed="0" inProgress="0" pending="0" />
    <Output>
      <StdOut>[xUnit.net 00:00:00.00] xUnit.net VSTest Adapter v2.4.3+1b45f5407b (32-bit Desktop .NET 4.0.30319.42000)&#xD;
[xUnit.net 00:00:01.02]   Discovering: UnitTests&#xD;
[xUnit.net 00:00:01.18]   Discovered:  UnitTests&#xD;
[xUnit.net 00:00:01.18]   Starting:    UnitTests&#xD;
[xUnit.net 00:00:07.50]   Finished:    UnitTests&#xD;
</StdOut>
    </Output>
  </ResultSummary>
</TestRun>