<?xml version="1.0" encoding="utf-8"?>
<TestRun id="114d2ff7-0a5a-4149-9c97-77a75eaf6e41" name="runneradmin@fv-az177-880 2022-02-10 13:41:05" runUser="fv-az177-880\runneradmin" xmlns="http://microsoft.com/schemas/VisualStudio/TeamTest/2010">
  <Times creation="2022-02-10T13:41:05.1178096+00:00" queuing="2022-02-10T13:41:05.1178098+00:00" start="2022-02-10T13:40:30.1573582+00:00" finish="2022-02-10T13:41:12.9727212+00:00" />
  <TestSettings name="default" id="7d4ea9f7-f6be-4aa0-97c9-23558a6ddbb4">
    <Deployment runDeploymentRoot="runneradmin_fv-az177-880_2022-02-10_13_41_05" />
  </TestSettings>
  <Results>
    <UnitTestResult executionId="e1ece13e-faa9-415d-a373-6a87635640ce" testId="43169439-e722-3696-654b-e380ed8f351d" testName="IntegrationTests.Controllers.ItemControllerTests.EditItem_Saves" computerName="fv-az177-880" duration="00:00:00.0730000" startTime="2022-02-10T13:41:12.3598693+00:00" endTime="2022-02-10T13:41:12.3598693+00:00" testType="13cdc9d9-ddb5-4fa4-a97d-d965ccfc6d4b" outcome="Passed" testListId="8c84fa94-04c1-424b-9868-57a2d4851a1d" relativeResultsDirectory="e1ece13e-faa9-415d-a373-6a87635640ce" />
    <UnitTestResult executionId="40b09674-c925-4ce2-b0d1-319b3a1e3062" testId="1ec97a71-0b29-f7c5-72ce-8cf48efa2e36" testName="IntegrationTests.Controllers.ItemControllerTests.CreateItem_Creates(name: &quot;name2&quot;, description: &quot;description2&quot;)" computerName="fv-az177-880" duration="00:00:00.0310000" startTime="2022-02-10T13:41:11.9961792+00:00" endTime="2022-02-10T13:41:11.9961792+00:00" testType="13cdc9d9-ddb5-4fa4-a97d-d965ccfc6d4b" outcome="Passed" testListId="8c84fa94-04c1-424b-9868-57a2d4851a1d" relativeResultsDirectory="40b09674-c925-4ce2-b0d1-319b3a1e3062" />
    <UnitTestResult executionId="5bede0bb-5baa-40cc-bd68-e87a2881c7eb" testId="4fd078d7-61ec-6e3f-be79-cf322012a0cd" testName="IntegrationTests.Controllers.ItemControllerTests.GetItemsPage_SortsAscending" computerName="fv-az177-880" duration="00:00:12" startTime="2022-02-10T13:41:11.6027491+00:00" endTime="2022-02-10T13:41:11.6027491+00:00" testType="13cdc9d9-ddb5-4fa4-a97d-d965ccfc6d4b" outcome="Passed" testListId="8c84fa94-04c1-424b-9868-57a2d4851a1d" relativeResultsDirectory="5bede0bb-5baa-40cc-bd68-e87a2881c7eb" />
    <UnitTestResult executionId="f2538546-8a9e-4937-9169-f3bf72af3071" testId="1450a0ab-3596-66d8-8d08-6506bbe1f61b" testName="IntegrationTests.Controllers.ItemControllerTests.GetItemsPage_50Items_GetsProperly" computerName="fv-az177-880" duration="00:00:00.0420000" startTime="2022-02-10T13:41:12.0700751+00:00" endTime="2022-02-10T13:41:12.0700751+00:00" testType="13cdc9d9-ddb5-4fa4-a97d-d965ccfc6d4b" outcome="Passed" testListId="8c84fa94-04c1-424b-9868-57a2d4851a1d" relativeResultsDirectory="f2538546-8a9e-4937-9169-f3bf72af3071" />
    <UnitTestResult executionId="bf760781-6e7e-400c-b8be-f50be87ae560" testId="2f8521ee-e0ca-eac4-b453-aa86236fc9b9" testName="IntegrationTests.Controllers.ItemControllerTests.GetItemsPage_SortsDescending" computerName="fv-az177-880" duration="00:00:00.0200000" startTime="2022-02-10T13:41:12.5100283+00:00" endTime="2022-02-10T13:41:12.5100283+00:00" testType="13cdc9d9-ddb5-4fa4-a97d-d965ccfc6d4b" outcome="Passed" testListId="8c84fa94-04c1-424b-9868-57a2d4851a1d" relativeResultsDirectory="bf760781-6e7e-400c-b8be-f50be87ae560" />
    <UnitTestResult executionId="674f3f50-d286-4e5b-8cfc-b2cf9fdc8870" testId="31a1a77c-5b35-2c19-9bdc-0ee23e06e8f3" testName="IntegrationTests.Controllers.ItemControllerTests.GetItemsPage_GetsProperPages(amount: 10, expectedPages: 1)" computerName="fv-az177-880" duration="00:00:00.0280000" startTime="2022-02-10T13:41:12.2251098+00:00" endTime="2022-02-10T13:41:12.2251098+00:00" testType="13cdc9d9-ddb5-4fa4-a97d-d965ccfc6d4b" outcome="Passed" testListId="8c84fa94-04c1-424b-9868-57a2d4851a1d" relativeResultsDirectory="674f3f50-d286-4e5b-8cfc-b2cf9fdc8870" />
    <UnitTestResult executionId="d3fe9864-be7e-4015-9a6d-a4ec439ba686" testId="3b96b54e-967c-6e8f-1ced-4ff4d8370be3" testName="IntegrationTests.Controllers.ItemControllerTests.GetItemsPage_Query_Filters(query: &quot;&quot;, expectedResults: 100)" computerName="fv-az177-880" duration="00:00:00.0570000" startTime="2022-02-10T13:41:11.6605113+00:00" endTime="2022-02-10T13:41:11.6605113+00:00" testType="13cdc9d9-ddb5-4fa4-a97d-d965ccfc6d4b" outcome="Passed" testListId="8c84fa94-04c1-424b-9868-57a2d4851a1d" relativeResultsDirectory="d3fe9864-be7e-4015-9a6d-a4ec439ba686" />
    <UnitTestResult executionId="899051b1-dada-4f95-a0b5-74f2b46493f0" testId="fe1c9811-4463-ef95-5296-cdd71ab090b8" testName="IntegrationTests.Controllers.ItemControllerTests.DeleteItem_DeletesMissingItem" computerName="fv-az177-880" duration="00:00:00.0180000" startTime="2022-02-10T13:41:12.5280281+00:00" endTime="2022-02-10T13:41:12.5280281+00:00" testType="13cdc9d9-ddb5-4fa4-a97d-d965ccfc6d4b" outcome="Passed" testListId="8c84fa94-04c1-424b-9868-57a2d4851a1d" relativeResultsDirectory="899051b1-dada-4f95-a0b5-74f2b46493f0" />
    <UnitTestResult executionId="befe22d2-81c7-4c50-ab1f-38a1f3d90f94" testId="945f4fce-c15e-e09c-9dbf-5879cde58a78" testName="IntegrationTests.Controllers.ItemControllerTests.GetItemsPage_Page0_DefaultsToPage1" computerName="fv-az177-880" duration="00:00:00.0190000" startTime="2022-02-10T13:41:12.3793248+00:00" endTime="2022-02-10T13:41:12.3793248+00:00" testType="13cdc9d9-ddb5-4fa4-a97d-d965ccfc6d4b" outcome="Passed" testListId="8c84fa94-04c1-424b-9868-57a2d4851a1d" relativeResultsDirectory="befe22d2-81c7-4c50-ab1f-38a1f3d90f94" />
    <UnitTestResult executionId="bc6395f2-857f-4ff0-9d57-cd43756d97a1" testId="c6abb489-2666-fd84-85be-69873a4c76cc" testName="IntegrationTests.Controllers.ItemControllerTests.CreateItem_Creates(name: &quot;name1&quot;, description: &quot;description1&quot;)" computerName="fv-az177-880" duration="00:00:00.0070000" startTime="2022-02-10T13:41:12.0034921+00:00" endTime="2022-02-10T13:41:12.0034921+00:00" testType="13cdc9d9-ddb5-4fa4-a97d-d965ccfc6d4b" outcome="Passed" testListId="8c84fa94-04c1-424b-9868-57a2d4851a1d" relativeResultsDirectory="bc6395f2-857f-4ff0-9d57-cd43756d97a1" />
    <UnitTestResult executionId="a7cd5777-3855-4306-b571-084ae8d39b9f" testId="d18898e3-6995-0d27-8e53-1ced81186e2d" testName="IntegrationTests.Controllers.ItemControllerTests.GetItemsPage_PageSize0_DefaultsTo1" computerName="fv-az177-880" duration="00:00:00.0210000" startTime="2022-02-10T13:41:12.4905775+00:00" endTime="2022-02-10T13:41:12.4905775+00:00" testType="13cdc9d9-ddb5-4fa4-a97d-d965ccfc6d4b" outcome="Passed" testListId="8c84fa94-04c1-424b-9868-57a2d4851a1d" relativeResultsDirectory="a7cd5777-3855-4306-b571-084ae8d39b9f" />
    <UnitTestResult executionId="694f6030-4ba7-4d92-9deb-305ca27a4992" testId="06f0962d-466b-0634-113e-f3863f9b599c" testName="IntegrationTests.Controllers.ItemControllerTests.GetItemsPage_GetsProperPages(amount: 99, expectedPages: 10)" computerName="fv-az177-880" duration="00:00:00.0330000" startTime="2022-02-10T13:41:12.2047007+00:00" endTime="2022-02-10T13:41:12.2047007+00:00" testType="13cdc9d9-ddb5-4fa4-a97d-d965ccfc6d4b" outcome="Passed" testListId="8c84fa94-04c1-424b-9868-57a2d4851a1d" relativeResultsDirectory="694f6030-4ba7-4d92-9deb-305ca27a4992" />
    <UnitTestResult executionId="74bc63a5-b3d1-4945-81f1-fd128fa666fb" testId="74f30272-fd7f-9b4e-507d-1c94cc60bb29" testName="IntegrationTests.Controllers.ItemControllerTests.GetItemsPage_Query_Filters(query: &quot;1&quot;, expectedResults: 20)" computerName="fv-az177-880" duration="00:00:00.0470000" startTime="2022-02-10T13:41:11.7074198+00:00" endTime="2022-02-10T13:41:11.7074198+00:00" testType="13cdc9d9-ddb5-4fa4-a97d-d965ccfc6d4b" outcome="Passed" testListId="8c84fa94-04c1-424b-9868-57a2d4851a1d" relativeResultsDirectory="74bc63a5-b3d1-4945-81f1-fd128fa666fb" />
    <UnitTestResult executionId="35a48b43-5fe3-48e8-b6a4-b08c87fc827f" testId="c6d15831-7dbe-24e6-d39b-4f317a873a34" testName="IntegrationTests.Controllers.ItemControllerTests.GetItemsPage_GetsProperPages(amount: 1, expectedPages: 1)" computerName="fv-az177-880" duration="00:00:00.0310000" startTime="2022-02-10T13:41:12.1648427+00:00" endTime="2022-02-10T13:41:12.1648427+00:00" testType="13cdc9d9-ddb5-4fa4-a97d-d965ccfc6d4b" outcome="Passed" testListId="8c84fa94-04c1-424b-9868-57a2d4851a1d" relativeResultsDirectory="35a48b43-5fe3-48e8-b6a4-b08c87fc827f" />
    <UnitTestResult executionId="5c9142f9-ba63-4e26-907b-417a819889c2" testId="75b07048-5201-d631-649a-c012e65b7444" testName="IntegrationTests.Controllers.ItemControllerTests.GetItemsPage_Query_Filters(query: &quot;Name 10&quot;, expectedResults: 2)" computerName="fv-az177-880" duration="00:00:00.0410000" startTime="2022-02-10T13:41:11.9664167+00:00" endTime="2022-02-10T13:41:11.9664167+00:00" testType="13cdc9d9-ddb5-4fa4-a97d-d965ccfc6d4b" outcome="Passed" testListId="8c84fa94-04c1-424b-9868-57a2d4851a1d" relativeResultsDirectory="5c9142f9-ba63-4e26-907b-417a819889c2" />
    <UnitTestResult executionId="6fbdc555-5549-43f5-8c57-724f9ae9cbc1" testId="64ce4809-e3f8-8d8e-c808-2938f18aa4d4" testName="IntegrationTests.Controllers.ItemControllerTests.GetItemsPage_Query_Filters(query: &quot;Name 2&quot;, expectedResults: 11)" computerName="fv-az177-880" duration="00:00:00.0350000" startTime="2022-02-10T13:41:11.9247385+00:00" endTime="2022-02-10T13:41:11.9247385+00:00" testType="13cdc9d9-ddb5-4fa4-a97d-d965ccfc6d4b" outcome="Passed" testListId="8c84fa94-04c1-424b-9868-57a2d4851a1d" relativeResultsDirectory="6fbdc555-5549-43f5-8c57-724f9ae9cbc1" />
    <UnitTestResult executionId="26a1f958-cfea-4ef9-8952-eae64709c572" testId="0a429b0b-08a8-36a6-5969-3c31a35cc366" testName="IntegrationTests.Controllers.ItemControllerTests.GetItemsPage_GetsProperPages(amount: 9, expectedPages: 1)" computerName="fv-az177-880" duration="00:00:00.0190000" startTime="2022-02-10T13:41:12.2453087+00:00" endTime="2022-02-10T13:41:12.2453087+00:00" testType="13cdc9d9-ddb5-4fa4-a97d-d965ccfc6d4b" outcome="Passed" testListId="8c84fa94-04c1-424b-9868-57a2d4851a1d" relativeResultsDirectory="26a1f958-cfea-4ef9-8952-eae64709c572" />
    <UnitTestResult executionId="2782b54b-f63f-4f6c-b4ed-2e5b5d5832c2" testId="69a7a014-6241-5f0a-e55d-960890e56595" testName="IntegrationTests.Controllers.ServiceRouteMapperTests.RegisterRoutes_RegistersAtLestOneRoute" computerName="fv-az177-880" duration="00:00:04.8690000" startTime="2022-02-10T13:41:04.6703150+00:00" endTime="2022-02-10T13:41:04.6703150+00:00" testType="13cdc9d9-ddb5-4fa4-a97d-d965ccfc6d4b" outcome="Passed" testListId="8c84fa94-04c1-424b-9868-57a2d4851a1d" relativeResultsDirectory="2782b54b-f63f-4f6c-b4ed-2e5b5d5832c2" />
    <UnitTestResult executionId="e40ca59b-96aa-4864-85d8-e7504e98869a" testId="b2691cfb-5962-80d6-34ac-12efb31ff88e" testName="IntegrationTests.Controllers.ItemControllerTests.DeleteItem_Deletes" computerName="fv-az177-880" duration="00:00:00.0890000" startTime="2022-02-10T13:41:12.4689700+00:00" endTime="2022-02-10T13:41:12.4689700+00:00" testType="13cdc9d9-ddb5-4fa4-a97d-d965ccfc6d4b" outcome="Passed" testListId="8c84fa94-04c1-424b-9868-57a2d4851a1d" relativeResultsDirectory="e40ca59b-96aa-4864-85d8-e7504e98869a" />
    <UnitTestResult executionId="1e55152e-061c-4895-9a52-6d605e423e1c" testId="b5a2bbb3-e25b-0d71-cef7-0187c592a682" testName="IntegrationTests.Controllers.ItemControllerTests.GetItemsPage_Query_Filters(query: &quot;Name 100&quot;, expectedResults: 1)" computerName="fv-az177-880" duration="00:00:00.0910000" startTime="2022-02-10T13:41:11.8895002+00:00" endTime="2022-02-10T13:41:11.8895002+00:00" testType="13cdc9d9-ddb5-4fa4-a97d-d965ccfc6d4b" outcome="Passed" testListId="8c84fa94-04c1-424b-9868-57a2d4851a1d" relativeResultsDirectory="1e55152e-061c-4895-9a52-6d605e423e1c" />
    <UnitTestResult executionId="940ef5cd-81b1-4348-bbbf-d021a48b9019" testId="9609bc3b-2435-1be2-e2f3-2c6b217c770c" testName="IntegrationTests.Controllers.ItemControllerTests.GetItemsPage_Query_Filters(query: &quot;Missing&quot;, expectedResults: 0)" computerName="fv-az177-880" duration="00:00:00.0450000" startTime="2022-02-10T13:41:11.7978889+00:00" endTime="2022-02-10T13:41:11.7978889+00:00" testType="13cdc9d9-ddb5-4fa4-a97d-d965ccfc6d4b" outcome="Passed" testListId="8c84fa94-04c1-424b-9868-57a2d4851a1d" relativeResultsDirectory="940ef5cd-81b1-4348-bbbf-d021a48b9019" />
    <UnitTestResult executionId="2921dff5-aadc-4b3a-889d-9c22527494b1" testId="35a21cfd-ad2b-b819-14e0-5151fe414a07" testName="IntegrationTests.Controllers.ItemControllerTests.GetItemsPage_GetsProperPages(amount: 101, expectedPages: 11)" computerName="fv-az177-880" duration="00:00:00.0420000" startTime="2022-02-10T13:41:12.2872268+00:00" endTime="2022-02-10T13:41:12.2872268+00:00" testType="13cdc9d9-ddb5-4fa4-a97d-d965ccfc6d4b" outcome="Passed" testListId="8c84fa94-04c1-424b-9868-57a2d4851a1d" relativeResultsDirectory="2921dff5-aadc-4b3a-889d-9c22527494b1" />
    <UnitTestResult executionId="79e8e179-6a53-4004-9436-9fdc6acc47fc" testId="eb8cb345-7707-0e07-1566-f6a04ceb2670" testName="IntegrationTests.Controllers.ItemControllerTests.CanEdit_Defaults_To_False" computerName="fv-az177-880" duration="00:00:00.0630000" startTime="2022-02-10T13:41:12.1343534+00:00" endTime="2022-02-10T13:41:12.1343534+00:00" testType="13cdc9d9-ddb5-4fa4-a97d-d965ccfc6d4b" outcome="Passed" testListId="8c84fa94-04c1-424b-9868-57a2d4851a1d" relativeResultsDirectory="79e8e179-6a53-4004-9436-9fdc6acc47fc" />
    <UnitTestResult executionId="4ba3bbe1-e31d-4de5-a624-e882a03e23b4" testId="6274cd22-d848-61dd-8233-d29a2f361a38" testName="IntegrationTests.Controllers.ItemControllerTests.GetItemsPage_Query_Filters(query: &quot;Name 1&quot;, expectedResults: 12)" computerName="fv-az177-880" duration="00:00:00.0450000" startTime="2022-02-10T13:41:11.7522881+00:00" endTime="2022-02-10T13:41:11.7522881+00:00" testType="13cdc9d9-ddb5-4fa4-a97d-d965ccfc6d4b" outcome="Passed" testListId="8c84fa94-04c1-424b-9868-57a2d4851a1d" relativeResultsDirectory="4ba3bbe1-e31d-4de5-a624-e882a03e23b4" />
  </Results>
  <TestDefinitions>
    <UnitTest name="IntegrationTests.Controllers.ItemControllerTests.GetItemsPage_Query_Filters(query: &quot;Name 10&quot;, expectedResults: 2)" storage="d:\a\summitapidemo\summitapidemo\integrationtests\bin\integrationtests.dll" id="75b07048-5201-d631-649a-c012e65b7444">
      <Execution id="5c9142f9-ba63-4e26-907b-417a819889c2" />
      <TestMethod codeBase="D:\a\SummitApiDemo\SummitApiDemo\IntegrationTests\bin\IntegrationTests.dll" adapterTypeName="executor://xunit/VsTestRunner2/net" className="IntegrationTests.Controllers.ItemControllerTests" name="GetItemsPage_Query_Filters" />
    </UnitTest>
    <UnitTest name="IntegrationTests.Controllers.ItemControllerTests.GetItemsPage_Query_Filters(query: &quot;1&quot;, expectedResults: 20)" storage="d:\a\summitapidemo\summitapidemo\integrationtests\bin\integrationtests.dll" id="74f30272-fd7f-9b4e-507d-1c94cc60bb29">
      <Execution id="74bc63a5-b3d1-4945-81f1-fd128fa666fb" />
      <TestMethod codeBase="D:\a\SummitApiDemo\SummitApiDemo\IntegrationTests\bin\IntegrationTests.dll" adapterTypeName="executor://xunit/VsTestRunner2/net" className="IntegrationTests.Controllers.ItemControllerTests" name="GetItemsPage_Query_Filters" />
    </UnitTest>
    <UnitTest name="IntegrationTests.Controllers.ItemControllerTests.GetItemsPage_GetsProperPages(amount: 99, expectedPages: 10)" storage="d:\a\summitapidemo\summitapidemo\integrationtests\bin\integrationtests.dll" id="06f0962d-466b-0634-113e-f3863f9b599c">
      <Execution id="694f6030-4ba7-4d92-9deb-305ca27a4992" />
      <TestMethod codeBase="D:\a\SummitApiDemo\SummitApiDemo\IntegrationTests\bin\IntegrationTests.dll" adapterTypeName="executor://xunit/VsTestRunner2/net" className="IntegrationTests.Controllers.ItemControllerTests" name="GetItemsPage_GetsProperPages" />
    </UnitTest>
    <UnitTest name="IntegrationTests.Controllers.ItemControllerTests.DeleteItem_DeletesMissingItem" storage="d:\a\summitapidemo\summitapidemo\integrationtests\bin\integrationtests.dll" id="fe1c9811-4463-ef95-5296-cdd71ab090b8">
      <Execution id="899051b1-dada-4f95-a0b5-74f2b46493f0" />
      <TestMethod codeBase="D:\a\SummitApiDemo\SummitApiDemo\IntegrationTests\bin\IntegrationTests.dll" adapterTypeName="executor://xunit/VsTestRunner2/net" className="IntegrationTests.Controllers.ItemControllerTests" name="DeleteItem_DeletesMissingItem" />
    </UnitTest>
    <UnitTest name="IntegrationTests.Controllers.ItemControllerTests.EditItem_Saves" storage="d:\a\summitapidemo\summitapidemo\integrationtests\bin\integrationtests.dll" id="43169439-e722-3696-654b-e380ed8f351d">
      <Execution id="e1ece13e-faa9-415d-a373-6a87635640ce" />
      <TestMethod codeBase="D:\a\SummitApiDemo\SummitApiDemo\IntegrationTests\bin\IntegrationTests.dll" adapterTypeName="executor://xunit/VsTestRunner2/net" className="IntegrationTests.Controllers.ItemControllerTests" name="EditItem_Saves" />
    </UnitTest>
    <UnitTest name="IntegrationTests.Controllers.ItemControllerTests.CreateItem_Creates(name: &quot;name1&quot;, description: &quot;description1&quot;)" storage="d:\a\summitapidemo\summitapidemo\integrationtests\bin\integrationtests.dll" id="c6abb489-2666-fd84-85be-69873a4c76cc">
      <Execution id="bc6395f2-857f-4ff0-9d57-cd43756d97a1" />
      <TestMethod codeBase="D:\a\SummitApiDemo\SummitApiDemo\IntegrationTests\bin\IntegrationTests.dll" adapterTypeName="executor://xunit/VsTestRunner2/net" className="IntegrationTests.Controllers.ItemControllerTests" name="CreateItem_Creates" />
    </UnitTest>
    <UnitTest name="IntegrationTests.Controllers.ItemControllerTests.GetItemsPage_Query_Filters(query: &quot;&quot;, expectedResults: 100)" storage="d:\a\summitapidemo\summitapidemo\integrationtests\bin\integrationtests.dll" id="3b96b54e-967c-6e8f-1ced-4ff4d8370be3">
      <Execution id="d3fe9864-be7e-4015-9a6d-a4ec439ba686" />
      <TestMethod codeBase="D:\a\SummitApiDemo\SummitApiDemo\IntegrationTests\bin\IntegrationTests.dll" adapterTypeName="executor://xunit/VsTestRunner2/net" className="IntegrationTests.Controllers.ItemControllerTests" name="GetItemsPage_Query_Filters" />
    </UnitTest>
    <UnitTest name="IntegrationTests.Controllers.ItemControllerTests.GetItemsPage_SortsDescending" storage="d:\a\summitapidemo\summitapidemo\integrationtests\bin\integrationtests.dll" id="2f8521ee-e0ca-eac4-b453-aa86236fc9b9">
      <Execution id="bf760781-6e7e-400c-b8be-f50be87ae560" />
      <TestMethod codeBase="D:\a\SummitApiDemo\SummitApiDemo\IntegrationTests\bin\IntegrationTests.dll" adapterTypeName="executor://xunit/VsTestRunner2/net" className="IntegrationTests.Controllers.ItemControllerTests" name="GetItemsPage_SortsDescending" />
    </UnitTest>
    <UnitTest name="IntegrationTests.Controllers.ItemControllerTests.GetItemsPage_Page0_DefaultsToPage1" storage="d:\a\summitapidemo\summitapidemo\integrationtests\bin\integrationtests.dll" id="945f4fce-c15e-e09c-9dbf-5879cde58a78">
      <Execution id="befe22d2-81c7-4c50-ab1f-38a1f3d90f94" />
      <TestMethod codeBase="D:\a\SummitApiDemo\SummitApiDemo\IntegrationTests\bin\IntegrationTests.dll" adapterTypeName="executor://xunit/VsTestRunner2/net" className="IntegrationTests.Controllers.ItemControllerTests" name="GetItemsPage_Page0_DefaultsToPage1" />
    </UnitTest>
    <UnitTest name="IntegrationTests.Controllers.ItemControllerTests.GetItemsPage_50Items_GetsProperly" storage="d:\a\summitapidemo\summitapidemo\integrationtests\bin\integrationtests.dll" id="1450a0ab-3596-66d8-8d08-6506bbe1f61b">
      <Execution id="f2538546-8a9e-4937-9169-f3bf72af3071" />
      <TestMethod codeBase="D:\a\SummitApiDemo\SummitApiDemo\IntegrationTests\bin\IntegrationTests.dll" adapterTypeName="executor://xunit/VsTestRunner2/net" className="IntegrationTests.Controllers.ItemControllerTests" name="GetItemsPage_50Items_GetsProperly" />
    </UnitTest>
    <UnitTest name="IntegrationTests.Controllers.ItemControllerTests.GetItemsPage_GetsProperPages(amount: 101, expectedPages: 11)" storage="d:\a\summitapidemo\summitapidemo\integrationtests\bin\integrationtests.dll" id="35a21cfd-ad2b-b819-14e0-5151fe414a07">
      <Execution id="2921dff5-aadc-4b3a-889d-9c22527494b1" />
      <TestMethod codeBase="D:\a\SummitApiDemo\SummitApiDemo\IntegrationTests\bin\IntegrationTests.dll" adapterTypeName="executor://xunit/VsTestRunner2/net" className="IntegrationTests.Controllers.ItemControllerTests" name="GetItemsPage_GetsProperPages" />
    </UnitTest>
    <UnitTest name="IntegrationTests.Controllers.ItemControllerTests.GetItemsPage_GetsProperPages(amount: 1, expectedPages: 1)" storage="d:\a\summitapidemo\summitapidemo\integrationtests\bin\integrationtests.dll" id="c6d15831-7dbe-24e6-d39b-4f317a873a34">
      <Execution id="35a48b43-5fe3-48e8-b6a4-b08c87fc827f" />
      <TestMethod codeBase="D:\a\SummitApiDemo\SummitApiDemo\IntegrationTests\bin\IntegrationTests.dll" adapterTypeName="executor://xunit/VsTestRunner2/net" className="IntegrationTests.Controllers.ItemControllerTests" name="GetItemsPage_GetsProperPages" />
    </UnitTest>
    <UnitTest name="IntegrationTests.Controllers.ItemControllerTests.CreateItem_Creates(name: &quot;name2&quot;, description: &quot;description2&quot;)" storage="d:\a\summitapidemo\summitapidemo\integrationtests\bin\integrationtests.dll" id="1ec97a71-0b29-f7c5-72ce-8cf48efa2e36">
      <Execution id="40b09674-c925-4ce2-b0d1-319b3a1e3062" />
      <TestMethod codeBase="D:\a\SummitApiDemo\SummitApiDemo\IntegrationTests\bin\IntegrationTests.dll" adapterTypeName="executor://xunit/VsTestRunner2/net" className="IntegrationTests.Controllers.ItemControllerTests" name="CreateItem_Creates" />
    </UnitTest>
    <UnitTest name="IntegrationTests.Controllers.ItemControllerTests.GetItemsPage_SortsAscending" storage="d:\a\summitapidemo\summitapidemo\integrationtests\bin\integrationtests.dll" id="4fd078d7-61ec-6e3f-be79-cf322012a0cd">
      <Execution id="5bede0bb-5baa-40cc-bd68-e87a2881c7eb" />
      <TestMethod codeBase="D:\a\SummitApiDemo\SummitApiDemo\IntegrationTests\bin\IntegrationTests.dll" adapterTypeName="executor://xunit/VsTestRunner2/net" className="IntegrationTests.Controllers.ItemControllerTests" name="GetItemsPage_SortsAscending" />
    </UnitTest>
    <UnitTest name="IntegrationTests.Controllers.ItemControllerTests.GetItemsPage_PageSize0_DefaultsTo1" storage="d:\a\summitapidemo\summitapidemo\integrationtests\bin\integrationtests.dll" id="d18898e3-6995-0d27-8e53-1ced81186e2d">
      <Execution id="a7cd5777-3855-4306-b571-084ae8d39b9f" />
      <TestMethod codeBase="D:\a\SummitApiDemo\SummitApiDemo\IntegrationTests\bin\IntegrationTests.dll" adapterTypeName="executor://xunit/VsTestRunner2/net" className="IntegrationTests.Controllers.ItemControllerTests" name="GetItemsPage_PageSize0_DefaultsTo1" />
    </UnitTest>
    <UnitTest name="IntegrationTests.Controllers.ItemControllerTests.GetItemsPage_GetsProperPages(amount: 9, expectedPages: 1)" storage="d:\a\summitapidemo\summitapidemo\integrationtests\bin\integrationtests.dll" id="0a429b0b-08a8-36a6-5969-3c31a35cc366">
      <Execution id="26a1f958-cfea-4ef9-8952-eae64709c572" />
      <TestMethod codeBase="D:\a\SummitApiDemo\SummitApiDemo\IntegrationTests\bin\IntegrationTests.dll" adapterTypeName="executor://xunit/VsTestRunner2/net" className="IntegrationTests.Controllers.ItemControllerTests" name="GetItemsPage_GetsProperPages" />
    </UnitTest>
    <UnitTest name="IntegrationTests.Controllers.ItemControllerTests.GetItemsPage_GetsProperPages(amount: 10, expectedPages: 1)" storage="d:\a\summitapidemo\summitapidemo\integrationtests\bin\integrationtests.dll" id="31a1a77c-5b35-2c19-9bdc-0ee23e06e8f3">
      <Execution id="674f3f50-d286-4e5b-8cfc-b2cf9fdc8870" />
      <TestMethod codeBase="D:\a\SummitApiDemo\SummitApiDemo\IntegrationTests\bin\IntegrationTests.dll" adapterTypeName="executor://xunit/VsTestRunner2/net" className="IntegrationTests.Controllers.ItemControllerTests" name="GetItemsPage_GetsProperPages" />
    </UnitTest>
    <UnitTest name="IntegrationTests.Controllers.ItemControllerTests.GetItemsPage_Query_Filters(query: &quot;Missing&quot;, expectedResults: 0)" storage="d:\a\summitapidemo\summitapidemo\integrationtests\bin\integrationtests.dll" id="9609bc3b-2435-1be2-e2f3-2c6b217c770c">
      <Execution id="940ef5cd-81b1-4348-bbbf-d021a48b9019" />
      <TestMethod codeBase="D:\a\SummitApiDemo\SummitApiDemo\IntegrationTests\bin\IntegrationTests.dll" adapterTypeName="executor://xunit/VsTestRunner2/net" className="IntegrationTests.Controllers.ItemControllerTests" name="GetItemsPage_Query_Filters" />
    </UnitTest>
    <UnitTest name="IntegrationTests.Controllers.ItemControllerTests.DeleteItem_Deletes" storage="d:\a\summitapidemo\summitapidemo\integrationtests\bin\integrationtests.dll" id="b2691cfb-5962-80d6-34ac-12efb31ff88e">
      <Execution id="e40ca59b-96aa-4864-85d8-e7504e98869a" />
      <TestMethod codeBase="D:\a\SummitApiDemo\SummitApiDemo\IntegrationTests\bin\IntegrationTests.dll" adapterTypeName="executor://xunit/VsTestRunner2/net" className="IntegrationTests.Controllers.ItemControllerTests" name="DeleteItem_Deletes" />
    </UnitTest>
    <UnitTest name="IntegrationTests.Controllers.ItemControllerTests.GetItemsPage_Query_Filters(query: &quot;Name 2&quot;, expectedResults: 11)" storage="d:\a\summitapidemo\summitapidemo\integrationtests\bin\integrationtests.dll" id="64ce4809-e3f8-8d8e-c808-2938f18aa4d4">
      <Execution id="6fbdc555-5549-43f5-8c57-724f9ae9cbc1" />
      <TestMethod codeBase="D:\a\SummitApiDemo\SummitApiDemo\IntegrationTests\bin\IntegrationTests.dll" adapterTypeName="executor://xunit/VsTestRunner2/net" className="IntegrationTests.Controllers.ItemControllerTests" name="GetItemsPage_Query_Filters" />
    </UnitTest>
    <UnitTest name="IntegrationTests.Controllers.ItemControllerTests.GetItemsPage_Query_Filters(query: &quot;Name 100&quot;, expectedResults: 1)" storage="d:\a\summitapidemo\summitapidemo\integrationtests\bin\integrationtests.dll" id="b5a2bbb3-e25b-0d71-cef7-0187c592a682">
      <Execution id="1e55152e-061c-4895-9a52-6d605e423e1c" />
      <TestMethod codeBase="D:\a\SummitApiDemo\SummitApiDemo\IntegrationTests\bin\IntegrationTests.dll" adapterTypeName="executor://xunit/VsTestRunner2/net" className="IntegrationTests.Controllers.ItemControllerTests" name="GetItemsPage_Query_Filters" />
    </UnitTest>
    <UnitTest name="IntegrationTests.Controllers.ServiceRouteMapperTests.RegisterRoutes_RegistersAtLestOneRoute" storage="d:\a\summitapidemo\summitapidemo\integrationtests\bin\integrationtests.dll" id="69a7a014-6241-5f0a-e55d-960890e56595">
      <Execution id="2782b54b-f63f-4f6c-b4ed-2e5b5d5832c2" />
      <TestMethod codeBase="D:\a\SummitApiDemo\SummitApiDemo\IntegrationTests\bin\IntegrationTests.dll" adapterTypeName="executor://xunit/VsTestRunner2/net" className="IntegrationTests.Controllers.ServiceRouteMapperTests" name="RegisterRoutes_RegistersAtLestOneRoute" />
    </UnitTest>
    <UnitTest name="IntegrationTests.Controllers.ItemControllerTests.GetItemsPage_Query_Filters(query: &quot;Name 1&quot;, expectedResults: 12)" storage="d:\a\summitapidemo\summitapidemo\integrationtests\bin\integrationtests.dll" id="6274cd22-d848-61dd-8233-d29a2f361a38">
      <Execution id="4ba3bbe1-e31d-4de5-a624-e882a03e23b4" />
      <TestMethod codeBase="D:\a\SummitApiDemo\SummitApiDemo\IntegrationTests\bin\IntegrationTests.dll" adapterTypeName="executor://xunit/VsTestRunner2/net" className="IntegrationTests.Controllers.ItemControllerTests" name="GetItemsPage_Query_Filters" />
    </UnitTest>
    <UnitTest name="IntegrationTests.Controllers.ItemControllerTests.CanEdit_Defaults_To_False" storage="d:\a\summitapidemo\summitapidemo\integrationtests\bin\integrationtests.dll" id="eb8cb345-7707-0e07-1566-f6a04ceb2670">
      <Execution id="79e8e179-6a53-4004-9436-9fdc6acc47fc" />
      <TestMethod codeBase="D:\a\SummitApiDemo\SummitApiDemo\IntegrationTests\bin\IntegrationTests.dll" adapterTypeName="executor://xunit/VsTestRunner2/net" className="IntegrationTests.Controllers.ItemControllerTests" name="CanEdit_Defaults_To_False" />
    </UnitTest>
  </TestDefinitions>
  <TestEntries>
    <TestEntry testId="43169439-e722-3696-654b-e380ed8f351d" executionId="e1ece13e-faa9-415d-a373-6a87635640ce" testListId="8c84fa94-04c1-424b-9868-57a2d4851a1d" />
    <TestEntry testId="1ec97a71-0b29-f7c5-72ce-8cf48efa2e36" executionId="40b09674-c925-4ce2-b0d1-319b3a1e3062" testListId="8c84fa94-04c1-424b-9868-57a2d4851a1d" />
    <TestEntry testId="4fd078d7-61ec-6e3f-be79-cf322012a0cd" executionId="5bede0bb-5baa-40cc-bd68-e87a2881c7eb" testListId="8c84fa94-04c1-424b-9868-57a2d4851a1d" />
    <TestEntry testId="1450a0ab-3596-66d8-8d08-6506bbe1f61b" executionId="f2538546-8a9e-4937-9169-f3bf72af3071" testListId="8c84fa94-04c1-424b-9868-57a2d4851a1d" />
    <TestEntry testId="2f8521ee-e0ca-eac4-b453-aa86236fc9b9" executionId="bf760781-6e7e-400c-b8be-f50be87ae560" testListId="8c84fa94-04c1-424b-9868-57a2d4851a1d" />
    <TestEntry testId="31a1a77c-5b35-2c19-9bdc-0ee23e06e8f3" executionId="674f3f50-d286-4e5b-8cfc-b2cf9fdc8870" testListId="8c84fa94-04c1-424b-9868-57a2d4851a1d" />
    <TestEntry testId="3b96b54e-967c-6e8f-1ced-4ff4d8370be3" executionId="d3fe9864-be7e-4015-9a6d-a4ec439ba686" testListId="8c84fa94-04c1-424b-9868-57a2d4851a1d" />
    <TestEntry testId="fe1c9811-4463-ef95-5296-cdd71ab090b8" executionId="899051b1-dada-4f95-a0b5-74f2b46493f0" testListId="8c84fa94-04c1-424b-9868-57a2d4851a1d" />
    <TestEntry testId="945f4fce-c15e-e09c-9dbf-5879cde58a78" executionId="befe22d2-81c7-4c50-ab1f-38a1f3d90f94" testListId="8c84fa94-04c1-424b-9868-57a2d4851a1d" />
    <TestEntry testId="c6abb489-2666-fd84-85be-69873a4c76cc" executionId="bc6395f2-857f-4ff0-9d57-cd43756d97a1" testListId="8c84fa94-04c1-424b-9868-57a2d4851a1d" />
    <TestEntry testId="d18898e3-6995-0d27-8e53-1ced81186e2d" executionId="a7cd5777-3855-4306-b571-084ae8d39b9f" testListId="8c84fa94-04c1-424b-9868-57a2d4851a1d" />
    <TestEntry testId="06f0962d-466b-0634-113e-f3863f9b599c" executionId="694f6030-4ba7-4d92-9deb-305ca27a4992" testListId="8c84fa94-04c1-424b-9868-57a2d4851a1d" />
    <TestEntry testId="74f30272-fd7f-9b4e-507d-1c94cc60bb29" executionId="74bc63a5-b3d1-4945-81f1-fd128fa666fb" testListId="8c84fa94-04c1-424b-9868-57a2d4851a1d" />
    <TestEntry testId="c6d15831-7dbe-24e6-d39b-4f317a873a34" executionId="35a48b43-5fe3-48e8-b6a4-b08c87fc827f" testListId="8c84fa94-04c1-424b-9868-57a2d4851a1d" />
    <TestEntry testId="75b07048-5201-d631-649a-c012e65b7444" executionId="5c9142f9-ba63-4e26-907b-417a819889c2" testListId="8c84fa94-04c1-424b-9868-57a2d4851a1d" />
    <TestEntry testId="64ce4809-e3f8-8d8e-c808-2938f18aa4d4" executionId="6fbdc555-5549-43f5-8c57-724f9ae9cbc1" testListId="8c84fa94-04c1-424b-9868-57a2d4851a1d" />
    <TestEntry testId="0a429b0b-08a8-36a6-5969-3c31a35cc366" executionId="26a1f958-cfea-4ef9-8952-eae64709c572" testListId="8c84fa94-04c1-424b-9868-57a2d4851a1d" />
    <TestEntry testId="69a7a014-6241-5f0a-e55d-960890e56595" executionId="2782b54b-f63f-4f6c-b4ed-2e5b5d5832c2" testListId="8c84fa94-04c1-424b-9868-57a2d4851a1d" />
    <TestEntry testId="b2691cfb-5962-80d6-34ac-12efb31ff88e" executionId="e40ca59b-96aa-4864-85d8-e7504e98869a" testListId="8c84fa94-04c1-424b-9868-57a2d4851a1d" />
    <TestEntry testId="b5a2bbb3-e25b-0d71-cef7-0187c592a682" executionId="1e55152e-061c-4895-9a52-6d605e423e1c" testListId="8c84fa94-04c1-424b-9868-57a2d4851a1d" />
    <TestEntry testId="9609bc3b-2435-1be2-e2f3-2c6b217c770c" executionId="940ef5cd-81b1-4348-bbbf-d021a48b9019" testListId="8c84fa94-04c1-424b-9868-57a2d4851a1d" />
    <TestEntry testId="35a21cfd-ad2b-b819-14e0-5151fe414a07" executionId="2921dff5-aadc-4b3a-889d-9c22527494b1" testListId="8c84fa94-04c1-424b-9868-57a2d4851a1d" />
    <TestEntry testId="eb8cb345-7707-0e07-1566-f6a04ceb2670" executionId="79e8e179-6a53-4004-9436-9fdc6acc47fc" testListId="8c84fa94-04c1-424b-9868-57a2d4851a1d" />
    <TestEntry testId="6274cd22-d848-61dd-8233-d29a2f361a38" executionId="4ba3bbe1-e31d-4de5-a624-e882a03e23b4" testListId="8c84fa94-04c1-424b-9868-57a2d4851a1d" />
  </TestEntries>
  <TestLists>
    <TestList name="Results Not in a List" id="8c84fa94-04c1-424b-9868-57a2d4851a1d" />
    <TestList name="All Loaded Results" id="19431567-8539-422a-85d7-44ee4e166bda" />
  </TestLists>
  <ResultSummary outcome="Completed">
    <Counters total="24" executed="24" passed="24" failed="0" error="0" timeout="0" aborted="0" inconclusive="0" passedButRunAborted="0" notRunnable="0" notExecuted="0" disconnected="0" warning="0" completed="0" inProgress="0" pending="0" />
    <Output>
      <StdOut>[xUnit.net 00:00:00.15] xUnit.net VSTest Adapter v2.4.3+1b45f5407b (32-bit Desktop .NET 4.0.30319.42000)&#xD;
[xUnit.net 00:00:04.29]   Discovering: IntegrationTests&#xD;
[xUnit.net 00:00:05.14]   Discovered:  IntegrationTests&#xD;
[xUnit.net 00:00:05.14]   Starting:    IntegrationTests&#xD;
[xUnit.net 00:00:18.92]   Finished:    IntegrationTests&#xD;
</StdOut>
    </Output>
  </ResultSummary>
</TestRun>