<?xml version="1.0" encoding="utf-8"?>
<TestRun id="497b68a5-5727-464a-b14d-7d1e85a97fad" name="runneradmin@fv-az171-662 2022-02-10 13:58:24" runUser="fv-az171-662\runneradmin" xmlns="http://microsoft.com/schemas/VisualStudio/TeamTest/2010">
  <Times creation="2022-02-10T13:58:24.5228723+00:00" queuing="2022-02-10T13:58:24.5228726+00:00" start="2022-02-10T13:57:54.3258790+00:00" finish="2022-02-10T13:58:31.7186883+00:00" />
  <TestSettings name="default" id="4cc9dccd-fea5-49ba-8012-7da704bb99df">
    <Deployment runDeploymentRoot="runneradmin_fv-az171-662_2022-02-10_13_58_24" />
  </TestSettings>
  <Results>
    <UnitTestResult executionId="9e0caa4b-bcbd-4f10-a019-3cde667f7fdb" testId="1ec97a71-0b29-f7c5-72ce-8cf48efa2e36" testName="IntegrationTests.Controllers.ItemControllerTests.CreateItem_Creates(name: &quot;name2&quot;, description: &quot;description2&quot;)" computerName="fv-az171-662" duration="00:00:00.0300000" startTime="2022-02-10T13:58:30.8978285+00:00" endTime="2022-02-10T13:58:30.8978285+00:00" testType="13cdc9d9-ddb5-4fa4-a97d-d965ccfc6d4b" outcome="Passed" testListId="8c84fa94-04c1-424b-9868-57a2d4851a1d" relativeResultsDirectory="9e0caa4b-bcbd-4f10-a019-3cde667f7fdb" />
    <UnitTestResult executionId="8dc7c211-1803-4318-a414-9a8c015b3a7d" testId="eb8cb345-7707-0e07-1566-f6a04ceb2670" testName="IntegrationTests.Controllers.ItemControllerTests.CanEdit_Defaults_To_False" computerName="fv-az171-662" duration="00:00:00.0530000" startTime="2022-02-10T13:58:31.0295215+00:00" endTime="2022-02-10T13:58:31.0295215+00:00" testType="13cdc9d9-ddb5-4fa4-a97d-d965ccfc6d4b" outcome="Passed" testListId="8c84fa94-04c1-424b-9868-57a2d4851a1d" relativeResultsDirectory="8dc7c211-1803-4318-a414-9a8c015b3a7d" />
    <UnitTestResult executionId="0b4890f8-f51c-41b9-acc7-43a927bd0be4" testId="6274cd22-d848-61dd-8233-d29a2f361a38" testName="IntegrationTests.Controllers.ItemControllerTests.GetItemsPage_Query_Filters(query: &quot;Name 1&quot;, expectedResults: 12)" computerName="fv-az171-662" duration="00:00:00.0450000" startTime="2022-02-10T13:58:30.7008196+00:00" endTime="2022-02-10T13:58:30.7008196+00:00" testType="13cdc9d9-ddb5-4fa4-a97d-d965ccfc6d4b" outcome="Passed" testListId="8c84fa94-04c1-424b-9868-57a2d4851a1d" relativeResultsDirectory="0b4890f8-f51c-41b9-acc7-43a927bd0be4" />
    <UnitTestResult executionId="203b8e14-6eeb-45e1-97a2-9c3c85ec6d04" testId="c6abb489-2666-fd84-85be-69873a4c76cc" testName="IntegrationTests.Controllers.ItemControllerTests.CreateItem_Creates(name: &quot;name1&quot;, description: &quot;description1&quot;)" computerName="fv-az171-662" duration="00:00:00.0060000" startTime="2022-02-10T13:58:30.9365178+00:00" endTime="2022-02-10T13:58:30.9365178+00:00" testType="13cdc9d9-ddb5-4fa4-a97d-d965ccfc6d4b" outcome="Passed" testListId="8c84fa94-04c1-424b-9868-57a2d4851a1d" relativeResultsDirectory="203b8e14-6eeb-45e1-97a2-9c3c85ec6d04" />
    <UnitTestResult executionId="1af8a04d-b7e3-4bd1-93b4-dd492325b52d" testId="31a1a77c-5b35-2c19-9bdc-0ee23e06e8f3" testName="IntegrationTests.Controllers.ItemControllerTests.GetItemsPage_GetsProperPages(amount: 10, expectedPages: 1)" computerName="fv-az171-662" duration="00:00:00.0230000" startTime="2022-02-10T13:58:31.1285267+00:00" endTime="2022-02-10T13:58:31.1285267+00:00" testType="13cdc9d9-ddb5-4fa4-a97d-d965ccfc6d4b" outcome="Passed" testListId="8c84fa94-04c1-424b-9868-57a2d4851a1d" relativeResultsDirectory="1af8a04d-b7e3-4bd1-93b4-dd492325b52d" />
    <UnitTestResult executionId="e09b689c-66d1-49a2-878b-e59162115be0" testId="b2691cfb-5962-80d6-34ac-12efb31ff88e" testName="IntegrationTests.Controllers.ItemControllerTests.DeleteItem_Deletes" computerName="fv-az171-662" duration="00:00:00.0880000" startTime="2022-02-10T13:58:31.3735374+00:00" endTime="2022-02-10T13:58:31.3735374+00:00" testType="13cdc9d9-ddb5-4fa4-a97d-d965ccfc6d4b" outcome="Passed" testListId="8c84fa94-04c1-424b-9868-57a2d4851a1d" relativeResultsDirectory="e09b689c-66d1-49a2-878b-e59162115be0" />
    <UnitTestResult executionId="fbab77f9-91aa-4cfc-a6c4-3aa1ed41f386" testId="35a21cfd-ad2b-b819-14e0-5151fe414a07" testName="IntegrationTests.Controllers.ItemControllerTests.GetItemsPage_GetsProperPages(amount: 101, expectedPages: 11)" computerName="fv-az171-662" duration="00:00:00.0430000" startTime="2022-02-10T13:58:31.1915299+00:00" endTime="2022-02-10T13:58:31.1915299+00:00" testType="13cdc9d9-ddb5-4fa4-a97d-d965ccfc6d4b" outcome="Passed" testListId="8c84fa94-04c1-424b-9868-57a2d4851a1d" relativeResultsDirectory="fbab77f9-91aa-4cfc-a6c4-3aa1ed41f386" />
    <UnitTestResult executionId="e57c2605-3f02-4d48-8e8d-70ffa1711953" testId="43169439-e722-3696-654b-e380ed8f351d" testName="IntegrationTests.Controllers.ItemControllerTests.EditItem_Saves" computerName="fv-az171-662" duration="00:00:00.0740000" startTime="2022-02-10T13:58:31.2655293+00:00" endTime="2022-02-10T13:58:31.2655293+00:00" testType="13cdc9d9-ddb5-4fa4-a97d-d965ccfc6d4b" outcome="Passed" testListId="8c84fa94-04c1-424b-9868-57a2d4851a1d" relativeResultsDirectory="e57c2605-3f02-4d48-8e8d-70ffa1711953" />
    <UnitTestResult executionId="dbec99e5-e65f-400a-b515-3e9dfb7b51e1" testId="4fd078d7-61ec-6e3f-be79-cf322012a0cd" testName="IntegrationTests.Controllers.ItemControllerTests.GetItemsPage_SortsAscending" computerName="fv-az171-662" duration="00:00:11.6640000" startTime="2022-02-10T13:58:30.5518132+00:00" endTime="2022-02-10T13:58:30.5518132+00:00" testType="13cdc9d9-ddb5-4fa4-a97d-d965ccfc6d4b" outcome="Passed" testListId="8c84fa94-04c1-424b-9868-57a2d4851a1d" relativeResultsDirectory="dbec99e5-e65f-400a-b515-3e9dfb7b51e1" />
    <UnitTestResult executionId="56b5c060-e67a-43b7-a471-799a9f0add7c" testId="1450a0ab-3596-66d8-8d08-6506bbe1f61b" testName="IntegrationTests.Controllers.ItemControllerTests.GetItemsPage_50Items_GetsProperly" computerName="fv-az171-662" duration="00:00:00.0720000" startTime="2022-02-10T13:58:30.9765203+00:00" endTime="2022-02-10T13:58:30.9765203+00:00" testType="13cdc9d9-ddb5-4fa4-a97d-d965ccfc6d4b" outcome="Passed" testListId="8c84fa94-04c1-424b-9868-57a2d4851a1d" relativeResultsDirectory="56b5c060-e67a-43b7-a471-799a9f0add7c" />
    <UnitTestResult executionId="e5d51934-ee6a-416d-bee6-df4657f5b855" testId="64ce4809-e3f8-8d8e-c808-2938f18aa4d4" testName="IntegrationTests.Controllers.ItemControllerTests.GetItemsPage_Query_Filters(query: &quot;Name 2&quot;, expectedResults: 11)" computerName="fv-az171-662" duration="00:00:00.0380000" startTime="2022-02-10T13:58:30.8248260+00:00" endTime="2022-02-10T13:58:30.8248260+00:00" testType="13cdc9d9-ddb5-4fa4-a97d-d965ccfc6d4b" outcome="Passed" testListId="8c84fa94-04c1-424b-9868-57a2d4851a1d" relativeResultsDirectory="e5d51934-ee6a-416d-bee6-df4657f5b855" />
    <UnitTestResult executionId="cdf9e3e0-4630-440c-a3f7-102bd7143cad" testId="0a429b0b-08a8-36a6-5969-3c31a35cc366" testName="IntegrationTests.Controllers.ItemControllerTests.GetItemsPage_GetsProperPages(amount: 9, expectedPages: 1)" computerName="fv-az171-662" duration="00:00:00.0200000" startTime="2022-02-10T13:58:31.1485278+00:00" endTime="2022-02-10T13:58:31.1485278+00:00" testType="13cdc9d9-ddb5-4fa4-a97d-d965ccfc6d4b" outcome="Passed" testListId="8c84fa94-04c1-424b-9868-57a2d4851a1d" relativeResultsDirectory="cdf9e3e0-4630-440c-a3f7-102bd7143cad" />
    <UnitTestResult executionId="5180e9f1-98f5-4193-b215-078bf59a04b2" testId="2f8521ee-e0ca-eac4-b453-aa86236fc9b9" testName="IntegrationTests.Controllers.ItemControllerTests.GetItemsPage_SortsDescending" computerName="fv-az171-662" duration="00:00:00.0210000" startTime="2022-02-10T13:58:31.4145391+00:00" endTime="2022-02-10T13:58:31.4145391+00:00" testType="13cdc9d9-ddb5-4fa4-a97d-d965ccfc6d4b" outcome="Passed" testListId="8c84fa94-04c1-424b-9868-57a2d4851a1d" relativeResultsDirectory="5180e9f1-98f5-4193-b215-078bf59a04b2" />
    <UnitTestResult executionId="ae7a7f38-fa80-4615-98d3-c5752becf81e" testId="3b96b54e-967c-6e8f-1ced-4ff4d8370be3" testName="IntegrationTests.Controllers.ItemControllerTests.GetItemsPage_Query_Filters(query: &quot;&quot;, expectedResults: 100)" computerName="fv-az171-662" duration="00:00:00.0550000" startTime="2022-02-10T13:58:30.6078153+00:00" endTime="2022-02-10T13:58:30.6078153+00:00" testType="13cdc9d9-ddb5-4fa4-a97d-d965ccfc6d4b" outcome="Passed" testListId="8c84fa94-04c1-424b-9868-57a2d4851a1d" relativeResultsDirectory="ae7a7f38-fa80-4615-98d3-c5752becf81e" />
    <UnitTestResult executionId="b08c3bbc-840e-4ca9-a6c5-d7685ce61c71" testId="945f4fce-c15e-e09c-9dbf-5879cde58a78" testName="IntegrationTests.Controllers.ItemControllerTests.GetItemsPage_Page0_DefaultsToPage1" computerName="fv-az171-662" duration="00:00:00.0200000" startTime="2022-02-10T13:58:31.2855454+00:00" endTime="2022-02-10T13:58:31.2855454+00:00" testType="13cdc9d9-ddb5-4fa4-a97d-d965ccfc6d4b" outcome="Passed" testListId="8c84fa94-04c1-424b-9868-57a2d4851a1d" relativeResultsDirectory="b08c3bbc-840e-4ca9-a6c5-d7685ce61c71" />
    <UnitTestResult executionId="061cb796-16ea-4ecc-92ee-3f6479fec927" testId="b5a2bbb3-e25b-0d71-cef7-0187c592a682" testName="IntegrationTests.Controllers.ItemControllerTests.GetItemsPage_Query_Filters(query: &quot;Name 100&quot;, expectedResults: 1)" computerName="fv-az171-662" duration="00:00:00.0420000" startTime="2022-02-10T13:58:30.7868245+00:00" endTime="2022-02-10T13:58:30.7868245+00:00" testType="13cdc9d9-ddb5-4fa4-a97d-d965ccfc6d4b" outcome="Passed" testListId="8c84fa94-04c1-424b-9868-57a2d4851a1d" relativeResultsDirectory="061cb796-16ea-4ecc-92ee-3f6479fec927" />
    <UnitTestResult executionId="1ee6b362-8d01-4151-8c8d-abec57fdaa3a" testId="06f0962d-466b-0634-113e-f3863f9b599c" testName="IntegrationTests.Controllers.ItemControllerTests.GetItemsPage_GetsProperPages(amount: 99, expectedPages: 10)" computerName="fv-az171-662" duration="00:00:00.0440000" startTime="2022-02-10T13:58:31.1055297+00:00" endTime="2022-02-10T13:58:31.1055297+00:00" testType="13cdc9d9-ddb5-4fa4-a97d-d965ccfc6d4b" outcome="Passed" testListId="8c84fa94-04c1-424b-9868-57a2d4851a1d" relativeResultsDirectory="1ee6b362-8d01-4151-8c8d-abec57fdaa3a" />
    <UnitTestResult executionId="57689448-c9e0-4ca2-a125-8357af3896ab" testId="d18898e3-6995-0d27-8e53-1ced81186e2d" testName="IntegrationTests.Controllers.ItemControllerTests.GetItemsPage_PageSize0_DefaultsTo1" computerName="fv-az171-662" duration="00:00:00.0200000" startTime="2022-02-10T13:58:31.3935360+00:00" endTime="2022-02-10T13:58:31.3935360+00:00" testType="13cdc9d9-ddb5-4fa4-a97d-d965ccfc6d4b" outcome="Passed" testListId="8c84fa94-04c1-424b-9868-57a2d4851a1d" relativeResultsDirectory="57689448-c9e0-4ca2-a125-8357af3896ab" />
    <UnitTestResult executionId="96d741d3-5e58-49d0-9081-b133b4035cf2" testId="9609bc3b-2435-1be2-e2f3-2c6b217c770c" testName="IntegrationTests.Controllers.ItemControllerTests.GetItemsPage_Query_Filters(query: &quot;Missing&quot;, expectedResults: 0)" computerName="fv-az171-662" duration="00:00:00.0440000" startTime="2022-02-10T13:58:30.7448217+00:00" endTime="2022-02-10T13:58:30.7448217+00:00" testType="13cdc9d9-ddb5-4fa4-a97d-d965ccfc6d4b" outcome="Passed" testListId="8c84fa94-04c1-424b-9868-57a2d4851a1d" relativeResultsDirectory="96d741d3-5e58-49d0-9081-b133b4035cf2" />
    <UnitTestResult executionId="a1a18906-03c3-4f9f-8df8-815ac9d316b3" testId="74f30272-fd7f-9b4e-507d-1c94cc60bb29" testName="IntegrationTests.Controllers.ItemControllerTests.GetItemsPage_Query_Filters(query: &quot;1&quot;, expectedResults: 20)" computerName="fv-az171-662" duration="00:00:00.0490000" startTime="2022-02-10T13:58:30.6558177+00:00" endTime="2022-02-10T13:58:30.6558177+00:00" testType="13cdc9d9-ddb5-4fa4-a97d-d965ccfc6d4b" outcome="Passed" testListId="8c84fa94-04c1-424b-9868-57a2d4851a1d" relativeResultsDirectory="a1a18906-03c3-4f9f-8df8-815ac9d316b3" />
    <UnitTestResult executionId="6b7f82d4-d50f-4c83-bb70-1d4669932d53" testId="69a7a014-6241-5f0a-e55d-960890e56595" testName="IntegrationTests.Controllers.ServiceRouteMapperTests.RegisterRoutes_RegistersAtLestOneRoute" computerName="fv-az171-662" duration="00:00:04.5440000" startTime="2022-02-10T13:58:23.5375036+00:00" endTime="2022-02-10T13:58:23.5375036+00:00" testType="13cdc9d9-ddb5-4fa4-a97d-d965ccfc6d4b" outcome="Passed" testListId="8c84fa94-04c1-424b-9868-57a2d4851a1d" relativeResultsDirectory="6b7f82d4-d50f-4c83-bb70-1d4669932d53" />
    <UnitTestResult executionId="83d17cda-442d-40be-ab20-a1663fd71431" testId="75b07048-5201-d631-649a-c012e65b7444" testName="IntegrationTests.Controllers.ItemControllerTests.GetItemsPage_Query_Filters(query: &quot;Name 10&quot;, expectedResults: 2)" computerName="fv-az171-662" duration="00:00:00.0420000" startTime="2022-02-10T13:58:30.8678268+00:00" endTime="2022-02-10T13:58:30.8678268+00:00" testType="13cdc9d9-ddb5-4fa4-a97d-d965ccfc6d4b" outcome="Passed" testListId="8c84fa94-04c1-424b-9868-57a2d4851a1d" relativeResultsDirectory="83d17cda-442d-40be-ab20-a1663fd71431" />
    <UnitTestResult executionId="bef16ff1-9a87-49c0-aa46-dd77a18885d1" testId="fe1c9811-4463-ef95-5296-cdd71ab090b8" testName="IntegrationTests.Controllers.ItemControllerTests.DeleteItem_DeletesMissingItem" computerName="fv-az171-662" duration="00:00:00.0280000" startTime="2022-02-10T13:58:31.4455405+00:00" endTime="2022-02-10T13:58:31.4455405+00:00" testType="13cdc9d9-ddb5-4fa4-a97d-d965ccfc6d4b" outcome="Passed" testListId="8c84fa94-04c1-424b-9868-57a2d4851a1d" relativeResultsDirectory="bef16ff1-9a87-49c0-aa46-dd77a18885d1" />
    <UnitTestResult executionId="0ba3ea74-5f00-4e0a-bc31-53d228fcdd89" testId="c6d15831-7dbe-24e6-d39b-4f317a873a34" testName="IntegrationTests.Controllers.ItemControllerTests.GetItemsPage_GetsProperPages(amount: 1, expectedPages: 1)" computerName="fv-az171-662" duration="00:00:00.0310000" startTime="2022-02-10T13:58:31.0615245+00:00" endTime="2022-02-10T13:58:31.0615245+00:00" testType="13cdc9d9-ddb5-4fa4-a97d-d965ccfc6d4b" outcome="Passed" testListId="8c84fa94-04c1-424b-9868-57a2d4851a1d" relativeResultsDirectory="0ba3ea74-5f00-4e0a-bc31-53d228fcdd89" />
  </Results>
  <TestDefinitions>
    <UnitTest name="IntegrationTests.Controllers.ItemControllerTests.GetItemsPage_Query_Filters(query: &quot;Name 10&quot;, expectedResults: 2)" storage="d:\a\summitapidemo\summitapidemo\integrationtests\bin\integrationtests.dll" id="75b07048-5201-d631-649a-c012e65b7444">
      <Execution id="83d17cda-442d-40be-ab20-a1663fd71431" />
      <TestMethod codeBase="D:\a\SummitApiDemo\SummitApiDemo\IntegrationTests\bin\IntegrationTests.dll" adapterTypeName="executor://xunit/VsTestRunner2/net" className="IntegrationTests.Controllers.ItemControllerTests" name="GetItemsPage_Query_Filters" />
    </UnitTest>
    <UnitTest name="IntegrationTests.Controllers.ItemControllerTests.GetItemsPage_Query_Filters(query: &quot;1&quot;, expectedResults: 20)" storage="d:\a\summitapidemo\summitapidemo\integrationtests\bin\integrationtests.dll" id="74f30272-fd7f-9b4e-507d-1c94cc60bb29">
      <Execution id="a1a18906-03c3-4f9f-8df8-815ac9d316b3" />
      <TestMethod codeBase="D:\a\SummitApiDemo\SummitApiDemo\IntegrationTests\bin\IntegrationTests.dll" adapterTypeName="executor://xunit/VsTestRunner2/net" className="IntegrationTests.Controllers.ItemControllerTests" name="GetItemsPage_Query_Filters" />
    </UnitTest>
    <UnitTest name="IntegrationTests.Controllers.ItemControllerTests.GetItemsPage_GetsProperPages(amount: 99, expectedPages: 10)" storage="d:\a\summitapidemo\summitapidemo\integrationtests\bin\integrationtests.dll" id="06f0962d-466b-0634-113e-f3863f9b599c">
      <Execution id="1ee6b362-8d01-4151-8c8d-abec57fdaa3a" />
      <TestMethod codeBase="D:\a\SummitApiDemo\SummitApiDemo\IntegrationTests\bin\IntegrationTests.dll" adapterTypeName="executor://xunit/VsTestRunner2/net" className="IntegrationTests.Controllers.ItemControllerTests" name="GetItemsPage_GetsProperPages" />
    </UnitTest>
    <UnitTest name="IntegrationTests.Controllers.ItemControllerTests.DeleteItem_DeletesMissingItem" storage="d:\a\summitapidemo\summitapidemo\integrationtests\bin\integrationtests.dll" id="fe1c9811-4463-ef95-5296-cdd71ab090b8">
      <Execution id="bef16ff1-9a87-49c0-aa46-dd77a18885d1" />
      <TestMethod codeBase="D:\a\SummitApiDemo\SummitApiDemo\IntegrationTests\bin\IntegrationTests.dll" adapterTypeName="executor://xunit/VsTestRunner2/net" className="IntegrationTests.Controllers.ItemControllerTests" name="DeleteItem_DeletesMissingItem" />
    </UnitTest>
    <UnitTest name="IntegrationTests.Controllers.ItemControllerTests.EditItem_Saves" storage="d:\a\summitapidemo\summitapidemo\integrationtests\bin\integrationtests.dll" id="43169439-e722-3696-654b-e380ed8f351d">
      <Execution id="e57c2605-3f02-4d48-8e8d-70ffa1711953" />
      <TestMethod codeBase="D:\a\SummitApiDemo\SummitApiDemo\IntegrationTests\bin\IntegrationTests.dll" adapterTypeName="executor://xunit/VsTestRunner2/net" className="IntegrationTests.Controllers.ItemControllerTests" name="EditItem_Saves" />
    </UnitTest>
    <UnitTest name="IntegrationTests.Controllers.ItemControllerTests.CreateItem_Creates(name: &quot;name1&quot;, description: &quot;description1&quot;)" storage="d:\a\summitapidemo\summitapidemo\integrationtests\bin\integrationtests.dll" id="c6abb489-2666-fd84-85be-69873a4c76cc">
      <Execution id="203b8e14-6eeb-45e1-97a2-9c3c85ec6d04" />
      <TestMethod codeBase="D:\a\SummitApiDemo\SummitApiDemo\IntegrationTests\bin\IntegrationTests.dll" adapterTypeName="executor://xunit/VsTestRunner2/net" className="IntegrationTests.Controllers.ItemControllerTests" name="CreateItem_Creates" />
    </UnitTest>
    <UnitTest name="IntegrationTests.Controllers.ItemControllerTests.GetItemsPage_Query_Filters(query: &quot;&quot;, expectedResults: 100)" storage="d:\a\summitapidemo\summitapidemo\integrationtests\bin\integrationtests.dll" id="3b96b54e-967c-6e8f-1ced-4ff4d8370be3">
      <Execution id="ae7a7f38-fa80-4615-98d3-c5752becf81e" />
      <TestMethod codeBase="D:\a\SummitApiDemo\SummitApiDemo\IntegrationTests\bin\IntegrationTests.dll" adapterTypeName="executor://xunit/VsTestRunner2/net" className="IntegrationTests.Controllers.ItemControllerTests" name="GetItemsPage_Query_Filters" />
    </UnitTest>
    <UnitTest name="IntegrationTests.Controllers.ItemControllerTests.GetItemsPage_SortsDescending" storage="d:\a\summitapidemo\summitapidemo\integrationtests\bin\integrationtests.dll" id="2f8521ee-e0ca-eac4-b453-aa86236fc9b9">
      <Execution id="5180e9f1-98f5-4193-b215-078bf59a04b2" />
      <TestMethod codeBase="D:\a\SummitApiDemo\SummitApiDemo\IntegrationTests\bin\IntegrationTests.dll" adapterTypeName="executor://xunit/VsTestRunner2/net" className="IntegrationTests.Controllers.ItemControllerTests" name="GetItemsPage_SortsDescending" />
    </UnitTest>
    <UnitTest name="IntegrationTests.Controllers.ItemControllerTests.GetItemsPage_Page0_DefaultsToPage1" storage="d:\a\summitapidemo\summitapidemo\integrationtests\bin\integrationtests.dll" id="945f4fce-c15e-e09c-9dbf-5879cde58a78">
      <Execution id="b08c3bbc-840e-4ca9-a6c5-d7685ce61c71" />
      <TestMethod codeBase="D:\a\SummitApiDemo\SummitApiDemo\IntegrationTests\bin\IntegrationTests.dll" adapterTypeName="executor://xunit/VsTestRunner2/net" className="IntegrationTests.Controllers.ItemControllerTests" name="GetItemsPage_Page0_DefaultsToPage1" />
    </UnitTest>
    <UnitTest name="IntegrationTests.Controllers.ItemControllerTests.GetItemsPage_50Items_GetsProperly" storage="d:\a\summitapidemo\summitapidemo\integrationtests\bin\integrationtests.dll" id="1450a0ab-3596-66d8-8d08-6506bbe1f61b">
      <Execution id="56b5c060-e67a-43b7-a471-799a9f0add7c" />
      <TestMethod codeBase="D:\a\SummitApiDemo\SummitApiDemo\IntegrationTests\bin\IntegrationTests.dll" adapterTypeName="executor://xunit/VsTestRunner2/net" className="IntegrationTests.Controllers.ItemControllerTests" name="GetItemsPage_50Items_GetsProperly" />
    </UnitTest>
    <UnitTest name="IntegrationTests.Controllers.ItemControllerTests.GetItemsPage_GetsProperPages(amount: 101, expectedPages: 11)" storage="d:\a\summitapidemo\summitapidemo\integrationtests\bin\integrationtests.dll" id="35a21cfd-ad2b-b819-14e0-5151fe414a07">
      <Execution id="fbab77f9-91aa-4cfc-a6c4-3aa1ed41f386" />
      <TestMethod codeBase="D:\a\SummitApiDemo\SummitApiDemo\IntegrationTests\bin\IntegrationTests.dll" adapterTypeName="executor://xunit/VsTestRunner2/net" className="IntegrationTests.Controllers.ItemControllerTests" name="GetItemsPage_GetsProperPages" />
    </UnitTest>
    <UnitTest name="IntegrationTests.Controllers.ItemControllerTests.GetItemsPage_GetsProperPages(amount: 1, expectedPages: 1)" storage="d:\a\summitapidemo\summitapidemo\integrationtests\bin\integrationtests.dll" id="c6d15831-7dbe-24e6-d39b-4f317a873a34">
      <Execution id="0ba3ea74-5f00-4e0a-bc31-53d228fcdd89" />
      <TestMethod codeBase="D:\a\SummitApiDemo\SummitApiDemo\IntegrationTests\bin\IntegrationTests.dll" adapterTypeName="executor://xunit/VsTestRunner2/net" className="IntegrationTests.Controllers.ItemControllerTests" name="GetItemsPage_GetsProperPages" />
    </UnitTest>
    <UnitTest name="IntegrationTests.Controllers.ItemControllerTests.CreateItem_Creates(name: &quot;name2&quot;, description: &quot;description2&quot;)" storage="d:\a\summitapidemo\summitapidemo\integrationtests\bin\integrationtests.dll" id="1ec97a71-0b29-f7c5-72ce-8cf48efa2e36">
      <Execution id="9e0caa4b-bcbd-4f10-a019-3cde667f7fdb" />
      <TestMethod codeBase="D:\a\SummitApiDemo\SummitApiDemo\IntegrationTests\bin\IntegrationTests.dll" adapterTypeName="executor://xunit/VsTestRunner2/net" className="IntegrationTests.Controllers.ItemControllerTests" name="CreateItem_Creates" />
    </UnitTest>
    <UnitTest name="IntegrationTests.Controllers.ItemControllerTests.GetItemsPage_SortsAscending" storage="d:\a\summitapidemo\summitapidemo\integrationtests\bin\integrationtests.dll" id="4fd078d7-61ec-6e3f-be79-cf322012a0cd">
      <Execution id="dbec99e5-e65f-400a-b515-3e9dfb7b51e1" />
      <TestMethod codeBase="D:\a\SummitApiDemo\SummitApiDemo\IntegrationTests\bin\IntegrationTests.dll" adapterTypeName="executor://xunit/VsTestRunner2/net" className="IntegrationTests.Controllers.ItemControllerTests" name="GetItemsPage_SortsAscending" />
    </UnitTest>
    <UnitTest name="IntegrationTests.Controllers.ItemControllerTests.GetItemsPage_PageSize0_DefaultsTo1" storage="d:\a\summitapidemo\summitapidemo\integrationtests\bin\integrationtests.dll" id="d18898e3-6995-0d27-8e53-1ced81186e2d">
      <Execution id="57689448-c9e0-4ca2-a125-8357af3896ab" />
      <TestMethod codeBase="D:\a\SummitApiDemo\SummitApiDemo\IntegrationTests\bin\IntegrationTests.dll" adapterTypeName="executor://xunit/VsTestRunner2/net" className="IntegrationTests.Controllers.ItemControllerTests" name="GetItemsPage_PageSize0_DefaultsTo1" />
    </UnitTest>
    <UnitTest name="IntegrationTests.Controllers.ItemControllerTests.GetItemsPage_GetsProperPages(amount: 9, expectedPages: 1)" storage="d:\a\summitapidemo\summitapidemo\integrationtests\bin\integrationtests.dll" id="0a429b0b-08a8-36a6-5969-3c31a35cc366">
      <Execution id="cdf9e3e0-4630-440c-a3f7-102bd7143cad" />
      <TestMethod codeBase="D:\a\SummitApiDemo\SummitApiDemo\IntegrationTests\bin\IntegrationTests.dll" adapterTypeName="executor://xunit/VsTestRunner2/net" className="IntegrationTests.Controllers.ItemControllerTests" name="GetItemsPage_GetsProperPages" />
    </UnitTest>
    <UnitTest name="IntegrationTests.Controllers.ItemControllerTests.GetItemsPage_GetsProperPages(amount: 10, expectedPages: 1)" storage="d:\a\summitapidemo\summitapidemo\integrationtests\bin\integrationtests.dll" id="31a1a77c-5b35-2c19-9bdc-0ee23e06e8f3">
      <Execution id="1af8a04d-b7e3-4bd1-93b4-dd492325b52d" />
      <TestMethod codeBase="D:\a\SummitApiDemo\SummitApiDemo\IntegrationTests\bin\IntegrationTests.dll" adapterTypeName="executor://xunit/VsTestRunner2/net" className="IntegrationTests.Controllers.ItemControllerTests" name="GetItemsPage_GetsProperPages" />
    </UnitTest>
    <UnitTest name="IntegrationTests.Controllers.ItemControllerTests.GetItemsPage_Query_Filters(query: &quot;Missing&quot;, expectedResults: 0)" storage="d:\a\summitapidemo\summitapidemo\integrationtests\bin\integrationtests.dll" id="9609bc3b-2435-1be2-e2f3-2c6b217c770c">
      <Execution id="96d741d3-5e58-49d0-9081-b133b4035cf2" />
      <TestMethod codeBase="D:\a\SummitApiDemo\SummitApiDemo\IntegrationTests\bin\IntegrationTests.dll" adapterTypeName="executor://xunit/VsTestRunner2/net" className="IntegrationTests.Controllers.ItemControllerTests" name="GetItemsPage_Query_Filters" />
    </UnitTest>
    <UnitTest name="IntegrationTests.Controllers.ItemControllerTests.DeleteItem_Deletes" storage="d:\a\summitapidemo\summitapidemo\integrationtests\bin\integrationtests.dll" id="b2691cfb-5962-80d6-34ac-12efb31ff88e">
      <Execution id="e09b689c-66d1-49a2-878b-e59162115be0" />
      <TestMethod codeBase="D:\a\SummitApiDemo\SummitApiDemo\IntegrationTests\bin\IntegrationTests.dll" adapterTypeName="executor://xunit/VsTestRunner2/net" className="IntegrationTests.Controllers.ItemControllerTests" name="DeleteItem_Deletes" />
    </UnitTest>
    <UnitTest name="IntegrationTests.Controllers.ItemControllerTests.GetItemsPage_Query_Filters(query: &quot;Name 2&quot;, expectedResults: 11)" storage="d:\a\summitapidemo\summitapidemo\integrationtests\bin\integrationtests.dll" id="64ce4809-e3f8-8d8e-c808-2938f18aa4d4">
      <Execution id="e5d51934-ee6a-416d-bee6-df4657f5b855" />
      <TestMethod codeBase="D:\a\SummitApiDemo\SummitApiDemo\IntegrationTests\bin\IntegrationTests.dll" adapterTypeName="executor://xunit/VsTestRunner2/net" className="IntegrationTests.Controllers.ItemControllerTests" name="GetItemsPage_Query_Filters" />
    </UnitTest>
    <UnitTest name="IntegrationTests.Controllers.ItemControllerTests.GetItemsPage_Query_Filters(query: &quot;Name 100&quot;, expectedResults: 1)" storage="d:\a\summitapidemo\summitapidemo\integrationtests\bin\integrationtests.dll" id="b5a2bbb3-e25b-0d71-cef7-0187c592a682">
      <Execution id="061cb796-16ea-4ecc-92ee-3f6479fec927" />
      <TestMethod codeBase="D:\a\SummitApiDemo\SummitApiDemo\IntegrationTests\bin\IntegrationTests.dll" adapterTypeName="executor://xunit/VsTestRunner2/net" className="IntegrationTests.Controllers.ItemControllerTests" name="GetItemsPage_Query_Filters" />
    </UnitTest>
    <UnitTest name="IntegrationTests.Controllers.ServiceRouteMapperTests.RegisterRoutes_RegistersAtLestOneRoute" storage="d:\a\summitapidemo\summitapidemo\integrationtests\bin\integrationtests.dll" id="69a7a014-6241-5f0a-e55d-960890e56595">
      <Execution id="6b7f82d4-d50f-4c83-bb70-1d4669932d53" />
      <TestMethod codeBase="D:\a\SummitApiDemo\SummitApiDemo\IntegrationTests\bin\IntegrationTests.dll" adapterTypeName="executor://xunit/VsTestRunner2/net" className="IntegrationTests.Controllers.ServiceRouteMapperTests" name="RegisterRoutes_RegistersAtLestOneRoute" />
    </UnitTest>
    <UnitTest name="IntegrationTests.Controllers.ItemControllerTests.GetItemsPage_Query_Filters(query: &quot;Name 1&quot;, expectedResults: 12)" storage="d:\a\summitapidemo\summitapidemo\integrationtests\bin\integrationtests.dll" id="6274cd22-d848-61dd-8233-d29a2f361a38">
      <Execution id="0b4890f8-f51c-41b9-acc7-43a927bd0be4" />
      <TestMethod codeBase="D:\a\SummitApiDemo\SummitApiDemo\IntegrationTests\bin\IntegrationTests.dll" adapterTypeName="executor://xunit/VsTestRunner2/net" className="IntegrationTests.Controllers.ItemControllerTests" name="GetItemsPage_Query_Filters" />
    </UnitTest>
    <UnitTest name="IntegrationTests.Controllers.ItemControllerTests.CanEdit_Defaults_To_False" storage="d:\a\summitapidemo\summitapidemo\integrationtests\bin\integrationtests.dll" id="eb8cb345-7707-0e07-1566-f6a04ceb2670">
      <Execution id="8dc7c211-1803-4318-a414-9a8c015b3a7d" />
      <TestMethod codeBase="D:\a\SummitApiDemo\SummitApiDemo\IntegrationTests\bin\IntegrationTests.dll" adapterTypeName="executor://xunit/VsTestRunner2/net" className="IntegrationTests.Controllers.ItemControllerTests" name="CanEdit_Defaults_To_False" />
    </UnitTest>
  </TestDefinitions>
  <TestEntries>
    <TestEntry testId="1ec97a71-0b29-f7c5-72ce-8cf48efa2e36" executionId="9e0caa4b-bcbd-4f10-a019-3cde667f7fdb" testListId="8c84fa94-04c1-424b-9868-57a2d4851a1d" />
    <TestEntry testId="eb8cb345-7707-0e07-1566-f6a04ceb2670" executionId="8dc7c211-1803-4318-a414-9a8c015b3a7d" testListId="8c84fa94-04c1-424b-9868-57a2d4851a1d" />
    <TestEntry testId="6274cd22-d848-61dd-8233-d29a2f361a38" executionId="0b4890f8-f51c-41b9-acc7-43a927bd0be4" testListId="8c84fa94-04c1-424b-9868-57a2d4851a1d" />
    <TestEntry testId="c6abb489-2666-fd84-85be-69873a4c76cc" executionId="203b8e14-6eeb-45e1-97a2-9c3c85ec6d04" testListId="8c84fa94-04c1-424b-9868-57a2d4851a1d" />
    <TestEntry testId="31a1a77c-5b35-2c19-9bdc-0ee23e06e8f3" executionId="1af8a04d-b7e3-4bd1-93b4-dd492325b52d" testListId="8c84fa94-04c1-424b-9868-57a2d4851a1d" />
    <TestEntry testId="b2691cfb-5962-80d6-34ac-12efb31ff88e" executionId="e09b689c-66d1-49a2-878b-e59162115be0" testListId="8c84fa94-04c1-424b-9868-57a2d4851a1d" />
    <TestEntry testId="35a21cfd-ad2b-b819-14e0-5151fe414a07" executionId="fbab77f9-91aa-4cfc-a6c4-3aa1ed41f386" testListId="8c84fa94-04c1-424b-9868-57a2d4851a1d" />
    <TestEntry testId="43169439-e722-3696-654b-e380ed8f351d" executionId="e57c2605-3f02-4d48-8e8d-70ffa1711953" testListId="8c84fa94-04c1-424b-9868-57a2d4851a1d" />
    <TestEntry testId="4fd078d7-61ec-6e3f-be79-cf322012a0cd" executionId="dbec99e5-e65f-400a-b515-3e9dfb7b51e1" testListId="8c84fa94-04c1-424b-9868-57a2d4851a1d" />
    <TestEntry testId="1450a0ab-3596-66d8-8d08-6506bbe1f61b" executionId="56b5c060-e67a-43b7-a471-799a9f0add7c" testListId="8c84fa94-04c1-424b-9868-57a2d4851a1d" />
    <TestEntry testId="64ce4809-e3f8-8d8e-c808-2938f18aa4d4" executionId="e5d51934-ee6a-416d-bee6-df4657f5b855" testListId="8c84fa94-04c1-424b-9868-57a2d4851a1d" />
    <TestEntry testId="0a429b0b-08a8-36a6-5969-3c31a35cc366" executionId="cdf9e3e0-4630-440c-a3f7-102bd7143cad" testListId="8c84fa94-04c1-424b-9868-57a2d4851a1d" />
    <TestEntry testId="2f8521ee-e0ca-eac4-b453-aa86236fc9b9" executionId="5180e9f1-98f5-4193-b215-078bf59a04b2" testListId="8c84fa94-04c1-424b-9868-57a2d4851a1d" />
    <TestEntry testId="3b96b54e-967c-6e8f-1ced-4ff4d8370be3" executionId="ae7a7f38-fa80-4615-98d3-c5752becf81e" testListId="8c84fa94-04c1-424b-9868-57a2d4851a1d" />
    <TestEntry testId="945f4fce-c15e-e09c-9dbf-5879cde58a78" executionId="b08c3bbc-840e-4ca9-a6c5-d7685ce61c71" testListId="8c84fa94-04c1-424b-9868-57a2d4851a1d" />
    <TestEntry testId="b5a2bbb3-e25b-0d71-cef7-0187c592a682" executionId="061cb796-16ea-4ecc-92ee-3f6479fec927" testListId="8c84fa94-04c1-424b-9868-57a2d4851a1d" />
    <TestEntry testId="06f0962d-466b-0634-113e-f3863f9b599c" executionId="1ee6b362-8d01-4151-8c8d-abec57fdaa3a" testListId="8c84fa94-04c1-424b-9868-57a2d4851a1d" />
    <TestEntry testId="d18898e3-6995-0d27-8e53-1ced81186e2d" executionId="57689448-c9e0-4ca2-a125-8357af3896ab" testListId="8c84fa94-04c1-424b-9868-57a2d4851a1d" />
    <TestEntry testId="9609bc3b-2435-1be2-e2f3-2c6b217c770c" executionId="96d741d3-5e58-49d0-9081-b133b4035cf2" testListId="8c84fa94-04c1-424b-9868-57a2d4851a1d" />
    <TestEntry testId="74f30272-fd7f-9b4e-507d-1c94cc60bb29" executionId="a1a18906-03c3-4f9f-8df8-815ac9d316b3" testListId="8c84fa94-04c1-424b-9868-57a2d4851a1d" />
    <TestEntry testId="69a7a014-6241-5f0a-e55d-960890e56595" executionId="6b7f82d4-d50f-4c83-bb70-1d4669932d53" testListId="8c84fa94-04c1-424b-9868-57a2d4851a1d" />
    <TestEntry testId="75b07048-5201-d631-649a-c012e65b7444" executionId="83d17cda-442d-40be-ab20-a1663fd71431" testListId="8c84fa94-04c1-424b-9868-57a2d4851a1d" />
    <TestEntry testId="fe1c9811-4463-ef95-5296-cdd71ab090b8" executionId="bef16ff1-9a87-49c0-aa46-dd77a18885d1" testListId="8c84fa94-04c1-424b-9868-57a2d4851a1d" />
    <TestEntry testId="c6d15831-7dbe-24e6-d39b-4f317a873a34" executionId="0ba3ea74-5f00-4e0a-bc31-53d228fcdd89" testListId="8c84fa94-04c1-424b-9868-57a2d4851a1d" />
  </TestEntries>
  <TestLists>
    <TestList name="Results Not in a List" id="8c84fa94-04c1-424b-9868-57a2d4851a1d" />
    <TestList name="All Loaded Results" id="19431567-8539-422a-85d7-44ee4e166bda" />
  </TestLists>
  <ResultSummary outcome="Completed">
    <Counters total="24" executed="24" passed="24" failed="0" error="0" timeout="0" aborted="0" inconclusive="0" passedButRunAborted="0" notRunnable="0" notExecuted="0" disconnected="0" warning="0" completed="0" inProgress="0" pending="0" />
    <Output>
      <StdOut>[xUnit.net 00:00:00.14] xUnit.net VSTest Adapter v2.4.3+1b45f5407b (32-bit Desktop .NET 4.0.30319.42000)&#xD;
[xUnit.net 00:00:03.44]   Discovering: IntegrationTests&#xD;
[xUnit.net 00:00:04.19]   Discovered:  IntegrationTests&#xD;
[xUnit.net 00:00:04.20]   Starting:    IntegrationTests&#xD;
[xUnit.net 00:00:17.66]   Finished:    IntegrationTests&#xD;
</StdOut>
    </Output>
  </ResultSummary>
</TestRun>